 coco

 Timestamp is 5af17f9e (Tue May 08 06:44:46 2018)

 Preferred load address is 0000000180000000

 Start         Length     Name                   Class
 0001:00000000 0002d78cH .text$mn                CODE
 0001:0002d790 0000060bH .text$x                 CODE
 0002:00000000 00000238H .idata$5                DATA
 0002:00000238 00000008H .CRT$XCA                DATA
 0002:00000240 00000008H .CRT$XCZ                DATA
 0002:00000248 00000008H .CRT$XIA                DATA
 0002:00000250 00000028H .CRT$XIC                DATA
 0002:00000278 00000008H .CRT$XIZ                DATA
 0002:00000280 00000008H .CRT$XPA                DATA
 0002:00000288 00000010H .CRT$XPX                DATA
 0002:00000298 00000008H .CRT$XPXA               DATA
 0002:000002a0 00000008H .CRT$XPZ                DATA
 0002:000002a8 00000008H .CRT$XTA                DATA
 0002:000002b0 00000008H .CRT$XTZ                DATA
 0002:000002c0 0000b280H .rdata                  DATA
 0002:0000b540 00000050H .rdata$debug            DATA
 0002:0000b590 0000016cH .rdata$r                DATA
 0002:0000b700 00000008H .rtc$IAA                DATA
 0002:0000b708 00000008H .rtc$IZZ                DATA
 0002:0000b710 00000008H .rtc$TAA                DATA
 0002:0000b718 00000008H .rtc$TZZ                DATA
 0002:0000b720 00000d94H .xdata                  DATA
 0002:0000c4b8 00000084H .xdata$x                DATA
 0002:0000c540 00000062H .edata                  DATA
 0002:0000c5a4 00000014H .idata$2                DATA
 0002:0000c5b8 00000014H .idata$3                DATA
 0002:0000c5d0 00000238H .idata$4                DATA
 0002:0000c808 0000053aH .idata$6                DATA
 0003:00000000 00001828H .data                   DATA
 0003:00001828 00000070H .data$r                 DATA
 0003:000018a0 000024f8H .bss                    DATA
 0004:00000000 000016bcH .pdata                  DATA

  Address         Publics by Value              Rva+Base               Lib:Object

 0000:00000000       __guard_fids_count         0000000000000000     <absolute>
 0000:00000000       __guard_flags              0000000000000000     <absolute>
 0000:00000000       __guard_fids_table         0000000000000000     <absolute>
 0000:00000000       ___safe_se_handler_count   0000000000000000     <absolute>
 0000:00000000       ___safe_se_handler_table   0000000000000000     <absolute>
 0000:00000000       __ImageBase                0000000180000000     <linker-defined>
 0001:000008b0       GameInit                   00000001800018b0 f   coco.obj
 0001:00000c30       GameUpdateAndRender        0000000180001c30 f   coco.obj
 0001:00001f80       ??D@YA?ATv3@@MT0@@Z        0000000180002f80 f i coco.obj
 0001:00002020       ??D@YA?ATv3@@T0@M@Z        0000000180003020 f i coco.obj
 0001:000020c0       ??D@YA?ATv4@@MT0@@Z        00000001800030c0 f i coco.obj
 0001:00002170       ??D@YA?ATv4@@T0@Um4@@@Z    0000000180003170 f i coco.obj
 0001:000024a0       ??D@YA?AUm4@@U0@0@Z        00000001800034a0 f i coco.obj
 0001:00002750       ??D@YA?AUquat@@U0@0@Z      0000000180003750 f i coco.obj
 0001:00002920       ??G@YA?ATv2@@T0@0@Z        0000000180003920 f i coco.obj
 0001:00002980       ??G@YA?ATv3@@T0@@Z         0000000180003980 f i coco.obj
 0001:00002a20       ??H@YA?ATv2@@T0@0@Z        0000000180003a20 f i coco.obj
 0001:00002a80       ??H@YA?ATv3@@T0@0@Z        0000000180003a80 f i coco.obj
 0001:00002b20       ??H@YA?ATv4@@T0@0@Z        0000000180003b20 f i coco.obj
 0001:00002be0       ??K@YA?ATv2@@T0@M@Z        0000000180003be0 f i coco.obj
 0001:00002c40       ??K@YA?ATv3@@T0@M@Z        0000000180003c40 f i coco.obj
 0001:00002ce0       ??Y@YAAEATv2@@AEAT0@T0@@Z  0000000180003ce0 f i coco.obj
 0001:00002d40       ??Y@YAAEATv3@@AEAT0@T0@@Z  0000000180003d40 f i coco.obj
 0001:00002df0       ??_0@YAAEATv3@@AEAT0@M@Z   0000000180003df0 f i coco.obj
 0001:00002e90       ?Abs@@YAMM@Z               0000000180003e90 f i coco.obj
 0001:00002ee0       ?ArcSin@@YAMM@Z            0000000180003ee0 f i coco.obj
 0001:00002f10       ?BotPushSize@@YAPEAXPEAUmem_double_arena@@_K@Z 0000000180003f10 f i coco.obj
 0001:00002f90       ?Conjugate@@YA?AUquat@@U1@@Z 0000000180003f90 f i coco.obj
 0001:00003050       ?Copy@@YAXPEAX0_K@Z        0000000180004050 f i coco.obj
 0001:000030d0       ?Cos@@YAMM@Z               00000001800040d0 f i coco.obj
 0001:00003100       ?Cross@@YA?ATv3@@T1@0@Z    0000000180004100 f i coco.obj
 0001:00003200       ?DegreeToRad@@YAMM@Z       0000000180004200 f i coco.obj
 0001:00003230       ?GetModel@@YAPEAUasset_model@@PEAUassets@@I@Z 0000000180004230 f i coco.obj
 0001:00003280       ?IdentityM4@@YA?AUm4@@XZ   0000000180004280 f i coco.obj
 0001:00003320       ?InitArena@@YA?AUmem_arena@@PEAX_K@Z 0000000180004320 f i coco.obj
 0001:00003380       ?InitDoubleArena@@YA?AUmem_double_arena@@PEAX_K@Z 0000000180004380 f i coco.obj
 0001:000033f0       ?InitRenderCommands@@YAPEAUgame_render_commands@@PEAUgame_state@@Ugame_render_settings@@MMM@Z 00000001800043f0 f i coco.obj
 0001:00003660       ?Inner@@YAMTv2@@0@Z        0000000180004660 f i coco.obj
 0001:000036a0       ?Inner@@YAMTv3@@0@Z        00000001800046a0 f i coco.obj
 0001:000036f0       ?Length@@YAMTv3@@@Z        00000001800046f0 f i coco.obj
 0001:00003760       ?LengthSq@@YAMTv3@@@Z      0000000180004760 f i coco.obj
 0001:000037b0       ?LengthSq@@YAMUquat@@@Z    00000001800047b0 f i coco.obj
 0001:00003840       ?Normalize@@YA?ATv3@@T1@@Z 0000000180004840 f i coco.obj
 0001:00003910       ?PosMat@@YA?AUm4@@Tv3@@@Z  0000000180004910 f i coco.obj
 0001:000039a0       ?PushModel@@YAXPEAUgame_render_commands@@Um4@@MMPEAUasset_model@@@Z 00000001800049a0 f i coco.obj
 0001:00003ae0       ?PushPointLight@@YAXPEAUgame_render_commands@@PEAUassets@@Upoint_light@@@Z 0000000180004ae0 f i coco.obj
 0001:00003ba0       ?PushSize@@YAPEAXPEAUmem_arena@@_K@Z 0000000180004ba0 f i coco.obj
 0001:00003c10       ?PushSize@@YAPEAXPEAUmem_double_arena@@_K@Z 0000000180004c10 f i coco.obj
 0001:00003c80       ?Quat@@YA?AUquat@@Tv3@@@Z  0000000180004c80 f i coco.obj
 0001:00003ce0       ?RotMat@@YA?AUm4@@MMM@Z    0000000180004ce0 f i coco.obj
 0001:00004090       ?RotateAroundAxis@@YA?ATv3@@T1@0M@Z 0000000180005090 f i coco.obj
 0001:00004420       ?ScaleMat@@YA?AUm4@@MMM@Z  0000000180005420 f i coco.obj
 0001:000044f0       ?Sin@@YAMM@Z               00000001800054f0 f i coco.obj
 0001:00004520       ?SquareRoot@@YAMM@Z        0000000180005520 f i coco.obj
 0001:00004550       ?Tan@@YAMM@Z               0000000180005550 f i coco.obj
 0001:00004580       ?Transpose@@YA?AUm4@@U1@@Z 0000000180005580 f i coco.obj
 0001:00004880       ?V2@@YA?ATv2@@MM@Z         0000000180005880 f i coco.obj
 0001:000048d0       ?V3@@YA?ATv3@@MMM@Z        00000001800058d0 f i coco.obj
 0001:00004950       ?V4@@YA?ATv4@@MMMM@Z       0000000180005950 f i coco.obj
 0001:000049e0       ?sqrt@@YAMM@Z              00000001800059e0 f i coco.obj
 0001:00004a00       __GSHandlerCheck           0000000180005a00 f   LIBCMTD:gshandler.obj
 0001:00004a40       __GSHandlerCheckCommon     0000000180005a40 f   LIBCMTD:gshandler.obj
 0001:00004b50       __security_check_cookie    0000000180005b50 f   LIBCMTD:amdsecgs.obj
 0001:00004b70       asinf                      0000000180005b70 f   LIBCMTD:asinf.obj
 0001:000050a0       cosf                       00000001800060a0 f   LIBCMTD:cosf.obj
 0001:000055a0       sinf                       00000001800065a0 f   LIBCMTD:sinf.obj
 0001:00005c70       sqrtf                      0000000180006c70 f   LIBCMTD:sqrtf.obj
 0001:00005df0       tanf                       0000000180006df0 f   LIBCMTD:tanf.obj
 0001:00006430       _fpmath                    0000000180007430 f   LIBCMTD:fpinit.obj
 0001:00006450       _cfltcvt_init              0000000180007450 f   LIBCMTD:fpinit.obj
 0001:00006560       _CRT_INIT                  0000000180007560 f   LIBCMTD:dllcrt0.obj
 0001:00006780       _DllMainCRTStartup         0000000180007780 f   LIBCMTD:dllcrt0.obj
 0001:00006920       __DllXcptFilter            0000000180007920 f   LIBCMTD:dllcrt0.obj
 0001:00006970       __raise_securityfailure    0000000180007970 f   LIBCMTD:gs_report.obj
 0001:000069c0       __report_gsfailure         00000001800079c0 f   LIBCMTD:gs_report.obj
 0001:00006aa0       __report_rangecheckfailure 0000000180007aa0 f   LIBCMTD:gs_report.obj
 0001:00006ac0       __report_securityfailure   0000000180007ac0 f   LIBCMTD:gs_report.obj
 0001:00006b60       _clrfp                     0000000180007b60 f   LIBCMTD:fpctrl.obj
 0001:00006b90       _ctrlfp                    0000000180007b90 f   LIBCMTD:fpctrl.obj
 0001:00006c40       _set_statfp                0000000180007c40 f   LIBCMTD:fpctrl.obj
 0001:00006c80       _statfp                    0000000180007c80 f   LIBCMTD:fpctrl.obj
 0001:00006e80       _handle_errorf             0000000180007e80 f   LIBCMTD:libm_error.obj
 0001:00007000       __remainder_piby2d2f_forAsm 0000000180008000 f   LIBCMTD:remainder_piby2f_forAsm.obj
 0001:00007150       __remainder_piby2_fma3     0000000180008150 f   LIBCMTD:remainder_piby2_forFMA3.obj
 0001:00007340       __remainder_piby2_fma3_bdl 0000000180008340 f   LIBCMTD:remainder_piby2_forFMA3.obj
 0001:000073c0       _cosf_special              00000001800083c0 f   LIBCMTD:sincos_special.obj
 0001:000073f0       _sincosf_special           00000001800083f0 f   LIBCMTD:sincos_special.obj
 0001:000075f0       _sinf_special              00000001800085f0 f   LIBCMTD:sincos_special.obj
 0001:00007620       _tanf_special              0000000180008620 f   LIBCMTD:sincos_special.obj
 0001:00007650       __fma3_lib_init            0000000180008650 f   LIBCMTD:fma3_available.obj
 0001:000076d0       __remainder_piby2d2f_forC  00000001800086d0 f   LIBCMTD:remainder_piby2f_forC.obj
 0001:00007860       ??0_LocaleUpdate@@QEAA@PEAUlocaleinfo_struct@@@Z 0000000180008860 f i LIBCMTD:cvt.obj
 0001:000079a0       ??1_LocaleUpdate@@QEAA@XZ  00000001800089a0 f i LIBCMTD:cvt.obj
 0001:000079e0       ?GetLocaleT@_LocaleUpdate@@QEAAPEAUlocaleinfo_struct@@XZ 00000001800089e0 f i LIBCMTD:cvt.obj
 0001:000079f0       ?strrchr@@YAPEADPEADH@Z    00000001800089f0 f i LIBCMTD:cvt.obj
 0001:00007a10       _cfltcvt                   0000000180008a10 f   LIBCMTD:cvt.obj
 0001:00007a60       _cfltcvt_l                 0000000180008a60 f   LIBCMTD:cvt.obj
 0001:00007b80       _cftoa_l                   0000000180008b80 f   LIBCMTD:cvt.obj
 0001:00008680       _cftoe                     0000000180009680 f   LIBCMTD:cvt.obj
 0001:00008ca0       _cftoe_l                   0000000180009ca0 f   LIBCMTD:cvt.obj
 0001:000093a0       _cftof_l                   000000018000a3a0 f   LIBCMTD:cvt.obj
 0001:00009680       _cftog_l                   000000018000a680 f   LIBCMTD:cvt.obj
 0001:00009a40       _cropzeros                 000000018000aa40 f   LIBCMTD:cvt.obj
 0001:00009a60       _cropzeros_l               000000018000aa60 f   LIBCMTD:cvt.obj
 0001:00009be0       _fassign                   000000018000abe0 f   LIBCMTD:cvt.obj
 0001:00009c10       _fassign_l                 000000018000ac10 f   LIBCMTD:cvt.obj
 0001:00009c80       _forcdecpt                 000000018000ac80 f   LIBCMTD:cvt.obj
 0001:00009ca0       _forcdecpt_l               000000018000aca0 f   LIBCMTD:cvt.obj
 0001:00009da0       _invoke_watson_if_error    000000018000ada0 f i LIBCMTD:cvt.obj
 0001:00009df0       _positive                  000000018000adf0 f   LIBCMTD:cvt.obj
 0001:00009e80       _initp_misc_cfltcvt_tab    000000018000ae80 f   LIBCMTD:cmiscdat.obj
 0001:00009ed0       _XcptFilter                000000018000aed0 f   LIBCMTD:winxfltr.obj
 0001:0000a170       __CppXcptFilter            000000018000b170 f   LIBCMTD:winxfltr.obj
 0001:0000a230       _freefls                   000000018000b230 f   LIBCMTD:tidtable.obj
 0001:0000a440       _freeptd                   000000018000b440 f   LIBCMTD:tidtable.obj
 0001:0000a490       _getptd                    000000018000b490 f   LIBCMTD:tidtable.obj
 0001:0000a4c0       _getptd_noexit             000000018000b4c0 f   LIBCMTD:tidtable.obj
 0001:0000a590       _initptd                   000000018000b590 f   LIBCMTD:tidtable.obj
 0001:0000a6c0       _mtinit                    000000018000b6c0 f   LIBCMTD:tidtable.obj
 0001:0000a780       _mtterm                    000000018000b780 f   LIBCMTD:tidtable.obj
 0001:0000a7b0       __crtCorExitProcess        000000018000b7b0 f   LIBCMTD:crt0dat.obj
 0001:0000a800       __crtExitProcess           000000018000b800 f   LIBCMTD:crt0dat.obj
 0001:0000a820       __freeCrtMemory            000000018000b820 f   LIBCMTD:crt0dat.obj
 0001:0000aa50       _amsg_exit                 000000018000ba50 f   LIBCMTD:crt0dat.obj
 0001:0000aa80       _cexit                     000000018000ba80 f   LIBCMTD:crt0dat.obj
 0001:0000aaa0       _cinit                     000000018000baa0 f   LIBCMTD:crt0dat.obj
 0001:0000ab50       _exit                      000000018000bb50 f   LIBCMTD:crt0dat.obj
 0001:0000ab70       _init_pointers             000000018000bb70 f   LIBCMTD:crt0dat.obj
 0001:0000ac20       _initterm_e                000000018000bc20 f   LIBCMTD:crt0dat.obj
 0001:0000ac80       _lockexit                  000000018000bc80 f   LIBCMTD:crt0dat.obj
 0001:0000aca0       _unlockexit                000000018000bca0 f   LIBCMTD:crt0dat.obj
 0001:0000aed0       _heap_init                 000000018000bed0 f   LIBCMTD:heapinit.obj
 0001:0000af00       _heap_term                 000000018000bf00 f   LIBCMTD:heapinit.obj
 0001:0000af10       _ioinit                    000000018000bf10 f   LIBCMTD:ioinit.obj
 0001:0000b4f0       _ioterm                    000000018000c4f0 f   LIBCMTD:ioinit.obj
 0001:0000b5d0       _set_pgmptr                000000018000c5d0 f i LIBCMTD:stdargv.obj
 0001:0000b5f0       _setargv                   000000018000c5f0 f   LIBCMTD:stdargv.obj
 0001:0000bc50       _setenvp                   000000018000cc50 f   LIBCMTD:stdenvp.obj
 0001:0000c390       _CrtCheckMemory            000000018000d390 f   LIBCMTD:dbgheap.obj
 0001:0000c930       _CrtDumpMemoryLeaks        000000018000d930 f   LIBCMTD:dbgheap.obj
 0001:0000c9f0       _CrtGetCheckCount          000000018000d9f0 f   LIBCMTD:dbgheap.obj
 0001:0000ca00       _CrtIsValidHeapPointer     000000018000da00 f   LIBCMTD:dbgheap.obj
 0001:0000ca60       _CrtIsValidPointer         000000018000da60 f   LIBCMTD:dbgheap.obj
 0001:0000caa0       _CrtMemCheckpoint          000000018000daa0 f   LIBCMTD:dbgheap.obj
 0001:0000cd30       _CrtMemDumpAllObjectsSince 000000018000dd30 f   LIBCMTD:dbgheap.obj
 0001:0000cd80       _CrtSetCheckCount          000000018000dd80 f   LIBCMTD:dbgheap.obj
 0001:0000cda0       _CrtSetDbgFlag             000000018000dda0 f   LIBCMTD:dbgheap.obj
 0001:0000cee0       _CrtSetDumpClient          000000018000dee0 f   LIBCMTD:dbgheap.obj
 0001:0000cf10       _calloc_dbg                000000018000df10 f   LIBCMTD:dbgheap.obj
 0001:0000cf90       _calloc_dbg_impl           000000018000df90 f   LIBCMTD:dbgheap.obj
 0001:0000d040       _free_dbg                  000000018000e040 f   LIBCMTD:dbgheap.obj
 0001:0000d080       _free_dbg_nolock           000000018000e080 f   LIBCMTD:dbgheap.obj
 0001:0000dc10       _invoke_watson_if_oneof    000000018000ec10 f i LIBCMTD:dbgheap.obj
 0001:0000dc80       _malloc_dbg                000000018000ec80 f   LIBCMTD:dbgheap.obj
 0001:0000dcd0       _msize_dbg                 000000018000ecd0 f   LIBCMTD:dbgheap.obj
 0001:0000df20       _nh_malloc_dbg             000000018000ef20 f   LIBCMTD:dbgheap.obj
 0001:0000e2b0       _realloc_dbg               000000018000f2b0 f   LIBCMTD:dbgheap.obj
 0001:0000ec20       __security_init_cookie     000000018000fc20 f   LIBCMTD:gs_support.obj
 0001:0000ed40       DllMain                    000000018000fd40 f   LIBCMTD:dllmain.obj
 0001:0000ed60       __crtGetEnvironmentStringsA 000000018000fd60 f   LIBCMTD:a_env.obj
 0001:0000ef40       __crtCaptureCurrentContext 000000018000ff40 f   LIBCMTD:winapisupp.obj
 0001:0000efe0       __crtCapturePreviousContext 000000018000ffe0 f   LIBCMTD:winapisupp.obj
 0001:0000f0a0       __crtFlsAlloc              00000001800100a0 f   LIBCMTD:winapisupp.obj
 0001:0000f0f0       __crtFlsFree               00000001800100f0 f   LIBCMTD:winapisupp.obj
 0001:0000f140       __crtFlsGetValue           0000000180010140 f   LIBCMTD:winapisupp.obj
 0001:0000f190       __crtFlsSetValue           0000000180010190 f   LIBCMTD:winapisupp.obj
 0001:0000f1f0       __crtInitializeCriticalSectionEx 00000001800101f0 f   LIBCMTD:winapisupp.obj
 0001:0000f260       __crtIsPackagedApp         0000000180010260 f   LIBCMTD:winapisupp.obj
 0001:0000f2a0       __crtLoadWinApiPointers    00000001800102a0 f   LIBCMTD:winapisupp.obj
 0001:0000f890       __crtTerminateProcess      0000000180010890 f   LIBCMTD:winapisupp.obj
 0001:0000f8b0       __crtUnhandledException    00000001800108b0 f   LIBCMTD:winapisupp.obj
 0001:0000f8e0       _RTC_Initialize            00000001800108e0 f   LIBCMTD:initsect.obj
 0001:0000f920       _RTC_Terminate             0000000180010920 f   LIBCMTD:initsect.obj
 0001:0000f960       __C_specific_handler       0000000180010960 f   LIBCMTD:chandler.obj
 0001:0000fd80       _CrtDefaultAllocHook       0000000180010d80 f   LIBCMTD:dbghook.obj
 0001:0000fda0       __crt_debugger_hook        0000000180010da0 f   LIBCMTD:dbghook.obj
 0001:0000fdc0       _get_fpsr                  0000000180010dc0 f   LIBCMTD:fpsr.obj
 0001:0000fdd0       _set_fpsr                  0000000180010dd0 f   LIBCMTD:fpsr.obj
 0001:0000fdda       _fclrf                     0000000180010dda f   LIBCMTD:fpsr.obj
 0001:0000fdee       _frnd                      0000000180010dee f   LIBCMTD:fpsr.obj
 0001:0000fe10       _raise_exc_ex              0000000180010e10 f   LIBCMTD:fpexcept.obj
 0001:00010490       _raise_excf                0000000180011490 f   LIBCMTD:fpexcept.obj
 0001:000104f0       _set_errno_from_matherr    00000001800114f0 f   LIBCMTD:fpexcept.obj
 0001:00010540       _matherr                   0000000180011540 f   LIBCMTD:matherr.obj
 0001:00010550       _call_reportfault          0000000180011550 f   LIBCMTD:invarg.obj
 0001:00010680       _initp_misc_invarg         0000000180011680 f   LIBCMTD:invarg.obj
 0001:000106a0       _invalid_parameter         00000001800116a0 f   LIBCMTD:invarg.obj
 0001:00010730       _invoke_watson             0000000180011730 f   LIBCMTD:invarg.obj
 0001:00010790       __addlocaleref             0000000180011790 f   LIBCMTD:localref.obj
 0001:000108e0       __freetlocinfo             00000001800118e0 f   LIBCMTD:localref.obj
 0001:00010c90       __removelocaleref          0000000180011c90 f   LIBCMTD:localref.obj
 0001:00010df0       __updatetlocinfo           0000000180011df0 f   LIBCMTD:localref.obj
 0001:00010e90       _updatetlocinfoEx_nolock   0000000180011e90 f   LIBCMTD:localref.obj
 0001:00010f30       __initmbctable             0000000180011f30 f   LIBCMTD:mbctype.obj
 0001:000115c0       __updatetmbcinfo           00000001800125c0 f   LIBCMTD:mbctype.obj
 0001:000116d0       _setmbcp                   00000001800126d0 f   LIBCMTD:mbctype.obj
 0001:000119c0       _setmbcp_nolock            00000001800129c0 f   LIBCMTD:mbctype.obj
 0001:00011e10       _isdigit_l                 0000000180012e10 f i LIBCMTD:_ctype.obj
 0001:00011eb0       isdigit                    0000000180012eb0 f i LIBCMTD:_ctype.obj
 0001:00011ef0       _tolower_l                 0000000180012ef0 f   LIBCMTD:tolower.obj
 0001:00012250       tolower                    0000000180013250 f   LIBCMTD:tolower.obj
 0001:000122b0       memset                     00000001800132b0 f   LIBCMTD:memset.obj
 0001:000124e0       strcpy_s                   00000001800134e0 f   LIBCMTD:strcpy_s.obj
 0001:00012990       strlen                     0000000180013990 f   LIBCMTD:strlen.obj
 0001:00012a50       memmove                    0000000180013a50 f   LIBCMTD:memcpy.obj
 0001:00012a50       memcpy                     0000000180013a50 f   LIBCMTD:memcpy.obj
 0001:00012fc0       strrchr                    0000000180013fc0 f   LIBCMTD:strrchr.obj
 0001:000133e0       _fptostr                   00000001800143e0 f   LIBCMTD:_fptostr.obj
 0001:00013840       __crt_atoflt_l             0000000180014840 f   LIBCMTD:atodbl.obj
 0001:000139e0       _atodbl_l                  00000001800149e0 f   LIBCMTD:atodbl.obj
 0001:00013b60       _atoflt_l                  0000000180014b60 f   LIBCMTD:atodbl.obj
 0001:00013b90       __dtold                    0000000180014b90 f   LIBCMTD:cfout.obj
 0001:00013d40       _fltout2                   0000000180014d40 f   LIBCMTD:cfout.obj
 0001:00013e50       __doserrno                 0000000180014e50 f   LIBCMTD:dosmap.obj
 0001:00013e80       _dosmaperr                 0000000180014e80 f   LIBCMTD:dosmap.obj
 0001:00013eb0       _errno                     0000000180014eb0 f   LIBCMTD:dosmap.obj
 0001:00013ee0       _get_errno_from_oserr      0000000180014ee0 f   LIBCMTD:dosmap.obj
 0001:00013f70       _CrtDbgReportW             0000000180014f70 f   LIBCMTD:dbgrptw.obj
 0001:00013ff0       _CrtDbgReportWV            0000000180014ff0 f i LIBCMTD:dbgrptw.obj
 0001:00014050       __crtMessageWindowW        0000000180015050 f   LIBCMTD:dbgrptw.obj
 0001:000146d0       _fptrap                    00000001800156d0 f   LIBCMTD:crt0fp.obj
 0001:000146f0       _lock                      00000001800156f0 f   LIBCMTD:mlock.obj
 0001:00014750       _mtdeletelocks             0000000180015750 f   LIBCMTD:mlock.obj
 0001:00014870       _mtinitlocknum             0000000180015870 f   LIBCMTD:mlock.obj
 0001:00014970       _mtinitlocks               0000000180015970 f   LIBCMTD:mlock.obj
 0001:00014a10       _unlock                    0000000180015a10 f   LIBCMTD:mlock.obj
 0001:00014a40       _FF_MSGBANNER              0000000180015a40 f   LIBCMTD:crt0msg.obj
 0001:00014a90       _GET_RTERRMSG              0000000180015a90 f   LIBCMTD:crt0msg.obj
 0001:00014af0       _NMSG_WRITE                0000000180015af0 f   LIBCMTD:crt0msg.obj
 0001:00014f20       _FindPESection             0000000180015f20 f   LIBCMTD:pesect.obj
 0001:00014fd0       _IsNonwritableInCurrentImage 0000000180015fd0 f   LIBCMTD:pesect.obj
 0001:00015060       _ValidateImageBase         0000000180016060 f   LIBCMTD:pesect.obj
 0001:000150e0       __onexitinit               00000001800160e0 f   LIBCMTD:onexit.obj
 0001:00015150       _onexit                    0000000180016150 f   LIBCMTD:onexit.obj
 0001:00015360       atexit                     0000000180016360 f   LIBCMTD:onexit.obj
 0001:000153a0       ?_inconsistency@@YAXXZ     00000001800163a0 f   LIBCMTD:hooks.obj
 0001:000153d0       ?terminate@@YAXXZ          00000001800163d0 f   LIBCMTD:hooks.obj
 0001:00015400       _initp_eh_hooks            0000000180016400 f   LIBCMTD:hooks.obj
 0001:00015430       _callnewh                  0000000180016430 f   LIBCMTD:handler.obj
 0001:00015470       _initp_heap_handler        0000000180016470 f   LIBCMTD:handler.obj
 0001:00015490       _initp_misc_purevirt       0000000180016490 f   LIBCMTD:inithelp.obj
 0001:000154b0       __get_sigabrt              00000001800164b0 f   LIBCMTD:winsig.obj
 0001:000154d0       _initp_misc_winsig         00000001800164d0 f   LIBCMTD:winsig.obj
 0001:00015510       raise                      0000000180016510 f   LIBCMTD:winsig.obj
 0001:00015980       _initp_misc_rand_s         0000000180016980 f   LIBCMTD:rand_s.obj
 0001:000159b0       _local_unwind              00000001800169b0 f   LIBCMTD:jmpuwind.obj
 0001:000159e0       _NLG_Notify                00000001800169e0 f   LIBCMTD:jmpuwind.obj
 0001:00015a00       __NLG_Dispatch2            0000000180016a00 f   LIBCMTD:jmpuwind.obj
 0001:00015a10       __NLG_Return2              0000000180016a10 f   LIBCMTD:jmpuwind.obj
 0001:00015a20       __initstdio                0000000180016a20 f   LIBCMTD:_file.obj
 0001:00015b20       __endstdio                 0000000180016b20 f   LIBCMTD:_file.obj
 0001:00015b60       __iob_func                 0000000180016b60 f   LIBCMTD:_file.obj
 0001:00015b70       _lock_file                 0000000180016b70 f   LIBCMTD:_file.obj
 0001:00015c00       _lock_file2                0000000180016c00 f   LIBCMTD:_file.obj
 0001:00015c50       _unlock_file               0000000180016c50 f   LIBCMTD:_file.obj
 0001:00015ce0       _unlock_file2              0000000180016ce0 f   LIBCMTD:_file.obj
 0001:00015e00       _ismbblead                 0000000180016e00 f   LIBCMTD:ismbbyte.obj
 0001:00015e30       _chvalidator               0000000180016e30 f   LIBCMTD:isctype.obj
 0001:00015ea0       _chvalidator_l             0000000180016ea0 f   LIBCMTD:isctype.obj
 0001:00015fb0       _isctype_l                 0000000180016fb0 f   LIBCMTD:isctype.obj
 0001:00016190       _free_base                 0000000180017190 f   LIBCMTD:free.obj
 0001:000161f0       _realloc_base              00000001800171f0 f   LIBCMTD:realloc.obj
 0001:00016310       _expand_base               0000000180017310 f   LIBCMTD:expand.obj
 0001:000164f0       _CrtDbgReport              00000001800174f0 f   LIBCMTD:dbgrpt.obj
 0001:00016570       _CrtDbgReportV             0000000180017570 f i LIBCMTD:dbgrpt.obj
 0001:000165d0       __crtMessageWindowA        00000001800175d0 f   LIBCMTD:dbgrpt.obj
 0001:00016c50       _heapchk                   0000000180017c50 f   LIBCMTD:heapchk.obj
 0001:00016c90       _snprintf_s                0000000180017c90 f   LIBCMTD:sprintf.obj
 0001:00016cf0       sprintf_s                  0000000180017cf0 f   LIBCMTD:sprintf.obj
 0001:00016d40       _heap_alloc_base           0000000180017d40 f i LIBCMTD:malloc.obj
 0001:00016db0       _malloc_base               0000000180017db0 f   LIBCMTD:malloc.obj
 0001:00016e50       __free_lconv_mon           0000000180017e50 f   LIBCMTD:initmon.obj
 0001:00017060       __free_lconv_num           0000000180018060 f   LIBCMTD:initnum.obj
 0001:00017140       __free_lc_time             0000000180018140 f   LIBCMTD:inittime.obj
 0001:00018080       _MallocaIsSizeInRange      0000000180019080 f i LIBCMTD:a_map.obj
 0001:000180c0       _MarkAllocaS               00000001800190c0 f i LIBCMTD:a_map.obj
 0001:000180f0       __crtLCMapStringA          00000001800190f0 f   LIBCMTD:a_map.obj
 0001:000181a0       _freea                     00000001800191a0 f i LIBCMTD:a_map.obj
 0001:000183f0       __crtGetStringTypeA        00000001800193f0 f   LIBCMTD:a_str.obj
 0001:00018510       ?_GetEstablisherFrame@@YAPEA_KPEA_KPEAU_xDISPATCHER_CONTEXT@@PEBU_s_FuncInfo@@0@Z 0000000180019510 f   LIBCMTD:trnsctrl.obj
 0001:00018680       ?_GetRangeOfTrysToCheck@@YAPEBU_s_TryBlockMapEntry@@PEA_KPEBU_s_FuncInfo@@HHPEAI2PEAU_xDISPATCHER_CONTEXT@@@Z 0000000180019680 f   LIBCMTD:trnsctrl.obj
 0001:000188a0       ?__FrameUnwindToEmptyState@@YAXPEA_KPEAU_xDISPATCHER_CONTEXT@@PEBU_s_FuncInfo@@@Z 00000001800198a0 f   LIBCMTD:trnsctrl.obj
 0001:00018940       ?__SehTransFilter@@YAHPEAU_EXCEPTION_POINTERS@@PEAUEHExceptionRecord@@PEA_KPEAU_CONTEXT@@PEAU_xDISPATCHER_CONTEXT@@PEBU_s_FuncInfo@@PEAH@Z 0000000180019940 f   LIBCMTD:trnsctrl.obj
 0001:00018a00       _CallSETranslator          0000000180019a00 f   LIBCMTD:trnsctrl.obj
 0001:00018a80       _CreateFrameInfo           0000000180019a80 f   LIBCMTD:trnsctrl.obj
 0001:00018b00       _FindAndUnlinkFrame        0000000180019b00 f   LIBCMTD:trnsctrl.obj
 0001:00018b90       _GetImageBase              0000000180019b90 f   LIBCMTD:trnsctrl.obj
 0001:00018bb0       _GetThrowImageBase         0000000180019bb0 f   LIBCMTD:trnsctrl.obj
 0001:00018bd0       _IsExceptionObjectToBeDestroyed 0000000180019bd0 f   LIBCMTD:trnsctrl.obj
 0001:00018c30       _SetImageBase              0000000180019c30 f   LIBCMTD:trnsctrl.obj
 0001:00018c50       _SetThrowImageBase         0000000180019c50 f   LIBCMTD:trnsctrl.obj
 0001:00018c70       _UnwindNestedFrames        0000000180019c70 f   LIBCMTD:trnsctrl.obj
 0001:00018de0       __CxxFrameHandler3         0000000180019de0 f   LIBCMTD:trnsctrl.obj
 0001:00018ea0       _locterm                   0000000180019ea0 f   LIBCMTD:wsetloca.obj
 0001:00018ef0       _isleadbyte_l              0000000180019ef0 f i LIBCMTD:_wctype.obj
 0001:00018f50       isleadbyte                 0000000180019f50 f i LIBCMTD:_wctype.obj
 0001:00018f70       __isa_available_init       0000000180019f70 f   LIBCMTD:cpu_disp.obj
 0001:000192b0       _CopyMan                   000000018001a2b0 f i LIBCMTD:intrncvt.obj
 0001:00019320       _FillZeroMan               000000018001a320 f i LIBCMTD:intrncvt.obj
 0001:00019360       _IncMan                    000000018001a360 f i LIBCMTD:intrncvt.obj
 0001:00019440       _IsZeroMan                 000000018001a440 f i LIBCMTD:intrncvt.obj
 0001:00019480       _RoundMan                  000000018001a480 f i LIBCMTD:intrncvt.obj
 0001:00019590       _ShrMan                    000000018001a590 f i LIBCMTD:intrncvt.obj
 0001:000196d0       _ZeroTail                  000000018001a6d0 f i LIBCMTD:intrncvt.obj
 0001:00019780       __addl                     000000018001a780 f i LIBCMTD:intrncvt.obj
 0001:000197e0       _ld12cvt                   000000018001a7e0 f i LIBCMTD:intrncvt.obj
 0001:00019b50       _ld12tod                   000000018001ab50 f   LIBCMTD:intrncvt.obj
 0001:00019b80       _ld12tof                   000000018001ab80 f   LIBCMTD:intrncvt.obj
 0001:00019bb0       __ld12mul                  000000018001abb0 f i LIBCMTD:strgtold.obj
 0001:0001a120       __multtenpow12             000000018001b120 f i LIBCMTD:strgtold.obj
 0001:0001a250       __shl_12                   000000018001b250 f i LIBCMTD:strgtold.obj
 0001:0001a2f0       __shr_12                   000000018001b2f0 f i LIBCMTD:strgtold.obj
 0001:0001a390       __strgtold12_l             000000018001b390 f   LIBCMTD:strgtold.obj
 0001:0001b170       $I10_OUTPUT                000000018001c170 f   LIBCMTD:x10fout.obj
 0001:0001ba30       __add_12                   000000018001ca30 f i LIBCMTD:x10fout.obj
 0001:0001bb10       memcpy_s                   000000018001cb10 f   LIBCMTD:memcpy_s.obj
 0001:0001bd80       wcscpy_s                   000000018001cd80 f   LIBCMTD:wcscpy_s.obj
 0001:0001c230       wcslen                     000000018001d230 f   LIBCMTD:wcslen.obj
 0001:0001c280       _snwprintf_s               000000018001d280 f   LIBCMTD:swprintf.obj
 0001:0001c2e0       __crtMessageBoxW           000000018001d2e0 f   LIBCMTD:crtmboxw.obj
 0001:0001c750       __crtMessageBoxWaitThreadW 000000018001d750 f   LIBCMTD:crtmboxw.obj
 0001:0001c7a0       _CrtDbgBreak               000000018001d7a0 f   LIBCMTD:dbgrptt.obj
 0001:0001c7b0       _VCrtDbgReportA            000000018001d7b0 f   LIBCMTD:dbgrptt.obj
 0001:0001d180       _VCrtDbgReportW            000000018001e180 f   LIBCMTD:dbgrptt.obj
 0001:0001dcd0       _alloca_probe              000000018001ecd0 f   LIBCMTD:chkstk.obj
 0001:0001dcd0       __chkstk                   000000018001ecd0 f   LIBCMTD:chkstk.obj
 0001:0001dd20       wcscat_s                   000000018001ed20 f   LIBCMTD:wcscat_s.obj
 0001:0001e350       wcsncpy_s                  000000018001f350 f   LIBCMTD:wcsncpy_s.obj
 0001:0001e9f0       _set_error_mode            000000018001f9f0 f   LIBCMTD:errmode.obj
 0001:0001eb00       abort                      000000018001fb00 f   LIBCMTD:abort.obj
 0001:0001eb90       GetTableIndexFromLocaleName 000000018001fb90 f   LIBCMTD:winapinls.obj
 0001:0001ec40       __crtDownlevelLocaleNameToLCID 000000018001fc40 f   LIBCMTD:winapinls.obj
 0001:0001eca0       __crtLCMapStringEx         000000018001fca0 f   LIBCMTD:winapinls.obj
 0001:0001ed80       __wcsnicmp_ascii           000000018001fd80 f   LIBCMTD:winapinls.obj
 0001:0001ee90       _fileno                    000000018001fe90 f   LIBCMTD:fileno.obj
 0001:0001ef50       _isatty                    000000018001ff50 f   LIBCMTD:isatty.obj
 0001:0001f060       _fflush_nolock             0000000180020060 f   LIBCMTD:fflush.obj
 0001:0001f0e0       _flush                     00000001800200e0 f   LIBCMTD:fflush.obj
 0001:0001f1d0       _flushall                  00000001800201d0 f   LIBCMTD:fflush.obj
 0001:0001f360       _fcloseall                 0000000180020360 f   LIBCMTD:closeall.obj
 0001:0001f460       _flsbuf                    0000000180020460 f   LIBCMTD:_flsbuf.obj
 0001:0001f800       _vsnprintf_helper          0000000180020800 f   LIBCMTD:vsnprnc.obj
 0001:0001fae0       _vsnprintf_s               0000000180020ae0 f   LIBCMTD:vsnprnc.obj
 0001:0001fb30       _vsnprintf_s_l             0000000180020b30 f   LIBCMTD:vsnprnc.obj
 0001:000200d0       _vsprintf_s_l              00000001800210d0 f   LIBCMTD:vsnprnc.obj
 0001:00020460       get_int64_arg              0000000180021460 f i LIBCMTD:output.obj
 0001:000204d0       get_int_arg                00000001800214d0 f i LIBCMTD:output.obj
 0001:00020530       get_short_arg              0000000180021530 f i LIBCMTD:output.obj
 0001:000205a0       free                       00000001800215a0 f   LIBCMTD:dbgfree.obj
 0001:000205c0       malloc                     00000001800215c0 f   LIBCMTD:dbgmalloc.obj
 0001:00020600       __DestructExceptionObject  0000000180021600 f   LIBCMTD:frame.obj
 0001:000206f0       ??0bad_exception@std@@QEAA@AEBV01@@Z 00000001800216f0 f i LIBCMTD:frame.obj
 0001:00020730       ??0bad_exception@std@@QEAA@PEBD@Z 0000000180021730 f i LIBCMTD:frame.obj
 0001:00020770       ??1bad_exception@std@@UEAA@XZ 0000000180021770 f i LIBCMTD:frame.obj
 0001:000207a0       ??_Ebad_exception@std@@UEAAPEAXI@Z 00000001800217a0 f i LIBCMTD:frame.obj
 0001:000207a0       ??_Gbad_exception@std@@UEAAPEAXI@Z 00000001800217a0 f i LIBCMTD:frame.obj
 0001:00021770       __AdjustPointer            0000000180022770 f   LIBCMTD:frame.obj
 0001:000217f0       __BuildCatchObject         00000001800227f0 f   LIBCMTD:frame.obj
 0001:00021930       __BuildCatchObjectHelper   0000000180022930 f   LIBCMTD:frame.obj
 0001:00021d60       __CxxCallCatchBlock        0000000180022d60 f   LIBCMTD:frame.obj
 0001:00021fd0       __FrameUnwindFilter        0000000180022fd0 f   LIBCMTD:frame.obj
 0001:00022060       __FrameUnwindToState       0000000180023060 f   LIBCMTD:frame.obj
 0001:000222c0       __InternalCxxFrameHandler  00000001800232c0 f   LIBCMTD:frame.obj
 0001:000226e0       __TypeMatch                00000001800236e0 f   LIBCMTD:frame.obj
 0001:000228d0       ?__GetCurrentState@@YAHPEA_KPEAU_xDISPATCHER_CONTEXT@@PEBU_s_FuncInfo@@@Z 00000001800238d0 f   LIBCMTD:ehstate.obj
 0001:00022930       ?__GetUnwindTryBlock@@YAHPEA_KPEAU_xDISPATCHER_CONTEXT@@PEBU_s_FuncInfo@@@Z 0000000180023930 f   LIBCMTD:ehstate.obj
 0001:00022980       ?__SetState@@YAXPEA_KPEAU_xDISPATCHER_CONTEXT@@PEBU_s_FuncInfo@@H@Z 0000000180023980 f   LIBCMTD:ehstate.obj
 0001:000229b0       ?__SetUnwindTryBlock@@YAXPEA_KPEAU_xDISPATCHER_CONTEXT@@PEBU_s_FuncInfo@@H@Z 00000001800239b0 f   LIBCMTD:ehstate.obj
 0001:00022a20       ?__StateFromControlPc@@YAHPEBU_s_FuncInfo@@PEAU_xDISPATCHER_CONTEXT@@@Z 0000000180023a20 f   LIBCMTD:ehstate.obj
 0001:00022a50       ?__StateFromIp@@YAHPEBU_s_FuncInfo@@PEAU_xDISPATCHER_CONTEXT@@_J@Z 0000000180023a50 f   LIBCMTD:ehstate.obj
 0001:00022b40       memcmp                     0000000180023b40 f   LIBCMTD:memcmp.obj
 0001:00022c10       __mtold12                  0000000180023c10 f   LIBCMTD:mantold.obj
 0001:00022da0       _vsnwprintf_s              0000000180023da0 f   LIBCMTD:vswprnc.obj
 0001:00022df0       _vsnwprintf_s_l            0000000180023df0 f   LIBCMTD:vswprnc.obj
 0001:000233a0       _vswprintf_helper          00000001800243a0 f   LIBCMTD:vswprnc.obj
 0001:000236f0       strcat_s                   00000001800246f0 f   LIBCMTD:strcat_s.obj
 0001:00023d00       _itoa_s                    0000000180024d00 f   LIBCMTD:xtoas.obj
 0001:00024330       _mbstowcs_l_helper         0000000180025330 f   LIBCMTD:mbstowcs.obj
 0001:000248a0       _mbstowcs_s_l              00000001800258a0 f   LIBCMTD:mbstowcs.obj
 0001:00024e30       mbstowcs_s                 0000000180025e30 f   LIBCMTD:mbstowcs.obj
 0001:00024f10       _wcstombs_l_helper         0000000180025f10 f   LIBCMTD:wcstombs.obj
 0001:00025720       _wcstombs_s_l              0000000180026720 f   LIBCMTD:wcstombs.obj
 0001:00025c20       wcstombs_s                 0000000180026c20 f   LIBCMTD:wcstombs.obj
 0001:00025c70       _itow_s                    0000000180026c70 f   LIBCMTD:xtows.obj
 0001:000262c0       __GSHandlerCheck_SEH       00000001800272c0 f   LIBCMTD:gshandlerseh.obj
 0001:00026380       _commit                    0000000180027380 f   LIBCMTD:commit.obj
 0001:00026610       _write                     0000000180027610 f   LIBCMTD:write.obj
 0001:000268b0       _write_nolock              00000001800278b0 f   LIBCMTD:write.obj
 0001:000279f0       _fclose_nolock             00000001800289f0 f   LIBCMTD:fclose.obj
 0001:00027b40       fclose                     0000000180028b40 f   LIBCMTD:fclose.obj
 0001:00027c40       _lseeki64                  0000000180028c40 f   LIBCMTD:lseeki64.obj
 0001:00027ef0       _lseeki64_nolock           0000000180028ef0 f   LIBCMTD:lseeki64.obj
 0001:00028010       _getbuf                    0000000180029010 f   LIBCMTD:_getbuf.obj
 0001:00028120       _output_s_l                0000000180029120 f   LIBCMTD:outputs.obj
 0001:00029d00       _get_printf_count_output   000000018002ad00 f   LIBCMTD:printf.obj
 0001:00029d30       _wctomb_s_l                000000018002ad30 f   LIBCMTD:wctomb.obj
 0001:0002a1d0       wctomb_s                   000000018002b1d0 f   LIBCMTD:wctomb.obj
 0001:0002a220       ??3@YAXPEAX@Z              000000018002b220 f   LIBCMTD:dbgdel.obj
 0001:0002a300       strcmp                     000000018002b300 f   LIBCMTD:strcmp.obj
 0001:0002a370       ?_ValidateExecute@@YAHP6A_JXZ@Z 000000018002b370 f   LIBCMTD:validate.obj
 0001:0002a3a0       ?_ValidateWrite@@YAHPEAXI@Z 000000018002b3a0 f   LIBCMTD:validate.obj
 0001:0002a3a0       ?_ValidateRead@@YAHPEBXI@Z 000000018002b3a0 f   LIBCMTD:validate.obj
 0001:0002a3e0       _CallSettingFrame          000000018002b3e0 f   LIBCMTD:handlers.obj
 0001:0002a420       _GetNextInstrOffset        000000018002b420 f   LIBCMTD:handlers.obj
 0001:0002a430       ??1type_info@@UEAA@XZ      000000018002b430 f   LIBCMTD:typinfo.obj
 0001:0002a460       ??8type_info@@QEBA_NAEBV0@@Z 000000018002b460 f   LIBCMTD:typinfo.obj
 0001:0002a4b0       ??_Etype_info@@UEAAPEAXI@Z 000000018002b4b0 f i LIBCMTD:typinfo.obj
 0001:0002a4b0       ??_Gtype_info@@UEAAPEAXI@Z 000000018002b4b0 f i LIBCMTD:typinfo.obj
 0001:0002a4f0       ??0exception@std@@QEAA@AEBQEBD@Z 000000018002b4f0 f   LIBCMTD:stdexcpt.obj
 0001:0002a540       ??0exception@std@@QEAA@AEBV01@@Z 000000018002b540 f   LIBCMTD:stdexcpt.obj
 0001:0002a590       ??1exception@std@@UEAA@XZ  000000018002b590 f   LIBCMTD:stdexcpt.obj
 0001:0002a5c0       ??4exception@std@@QEAAAEAV01@AEBV01@@Z 000000018002b5c0 f   LIBCMTD:stdexcpt.obj
 0001:0002a630       ??_Eexception@std@@UEAAPEAXI@Z 000000018002b630 f i LIBCMTD:stdexcpt.obj
 0001:0002a630       ??_Gexception@std@@UEAAPEAXI@Z 000000018002b630 f i LIBCMTD:stdexcpt.obj
 0001:0002a670       ?_Copy_str@exception@std@@AEAAXPEBD@Z 000000018002b670 f   LIBCMTD:stdexcpt.obj
 0001:0002a6e0       ?_Tidy@exception@std@@AEAAXXZ 000000018002b6e0 f   LIBCMTD:stdexcpt.obj
 0001:0002a720       ?what@exception@std@@UEBAPEBDXZ 000000018002b720 f   LIBCMTD:stdexcpt.obj
 0001:0002a760       _CxxThrowException         000000018002b760 f   LIBCMTD:throw.obj
 0001:0002a880       _woutput_s_l               000000018002b880 f   LIBCMTD:woutputs.obj
 0001:0002c170       _fputwc_nolock             000000018002d170 f   LIBCMTD:fputwc.obj
 0001:0002c5d0       _mbtowc_l                  000000018002d5d0 f   LIBCMTD:mbtowc.obj
 0001:0002c910       mbtowc                     000000018002d910 f   LIBCMTD:mbtowc.obj
 0001:0002c940       __lock_fhandle             000000018002d940 f   LIBCMTD:osfinfo.obj
 0001:0002ca10       _free_osfhnd               000000018002da10 f   LIBCMTD:osfinfo.obj
 0001:0002cb40       _get_osfhandle             000000018002db40 f   LIBCMTD:osfinfo.obj
 0001:0002cd40       _unlock_fhandle            000000018002dd40 f   LIBCMTD:osfinfo.obj
 0001:0002cd80       _putwch_nolock             000000018002dd80 f   LIBCMTD:putwch.obj
 0001:0002cdf0       _close                     000000018002ddf0 f   LIBCMTD:close.obj
 0001:0002d070       _close_nolock              000000018002e070 f   LIBCMTD:close.obj
 0001:0002d180       _freebuf                   000000018002e180 f   LIBCMTD:_freebuf.obj
 0001:0002d240       ?_Type_info_dtor@type_info@@CAXPEAV1@@Z 000000018002e240 f   LIBCMTD:typname.obj
 0001:0002d350       _flswbuf                   000000018002e350 f   LIBCMTD:_flswbuf.obj
 0001:0002d700       __termconout               000000018002e700 f   LIBCMTD:initcon.obj
 0001:0002d730       __initconout               000000018002e730 f   LIBCMTD:initcon.obj
 0001:0002d780       IsProcessorFeaturePresent  000000018002e780 f   kernel32:KERNEL32.dll
 0001:0002d786       RtlUnwindEx                000000018002e786 f   kernel32:KERNEL32.dll
 0002:00000000       __imp_GetCommandLineA      000000018002f000     kernel32:KERNEL32.dll
 0002:00000008       __imp_GetCurrentThreadId   000000018002f008     kernel32:KERNEL32.dll
 0002:00000010       __imp_IsDebuggerPresent    000000018002f010     kernel32:KERNEL32.dll
 0002:00000018       __imp_IsProcessorFeaturePresent 000000018002f018     kernel32:KERNEL32.dll
 0002:00000020       __imp_EncodePointer        000000018002f020     kernel32:KERNEL32.dll
 0002:00000028       __imp_GetLastError         000000018002f028     kernel32:KERNEL32.dll
 0002:00000030       __imp_SetLastError         000000018002f030     kernel32:KERNEL32.dll
 0002:00000038       __imp_DecodePointer        000000018002f038     kernel32:KERNEL32.dll
 0002:00000040       __imp_ExitProcess          000000018002f040     kernel32:KERNEL32.dll
 0002:00000048       __imp_GetModuleHandleExW   000000018002f048     kernel32:KERNEL32.dll
 0002:00000050       __imp_GetProcAddress       000000018002f050     kernel32:KERNEL32.dll
 0002:00000058       __imp_MultiByteToWideChar  000000018002f058     kernel32:KERNEL32.dll
 0002:00000060       __imp_WideCharToMultiByte  000000018002f060     kernel32:KERNEL32.dll
 0002:00000068       __imp_GetProcessHeap       000000018002f068     kernel32:KERNEL32.dll
 0002:00000070       __imp_GetStdHandle         000000018002f070     kernel32:KERNEL32.dll
 0002:00000078       __imp_GetFileType          000000018002f078     kernel32:KERNEL32.dll
 0002:00000080       __imp_DeleteCriticalSection 000000018002f080     kernel32:KERNEL32.dll
 0002:00000088       __imp_GetStartupInfoW      000000018002f088     kernel32:KERNEL32.dll
 0002:00000090       __imp_GetModuleFileNameA   000000018002f090     kernel32:KERNEL32.dll
 0002:00000098       __imp_HeapSize             000000018002f098     kernel32:KERNEL32.dll
 0002:000000a0       __imp_HeapValidate         000000018002f0a0     kernel32:KERNEL32.dll
 0002:000000a8       __imp_GetSystemInfo        000000018002f0a8     kernel32:KERNEL32.dll
 0002:000000b0       __imp_QueryPerformanceCounter 000000018002f0b0     kernel32:KERNEL32.dll
 0002:000000b8       __imp_GetCurrentProcessId  000000018002f0b8     kernel32:KERNEL32.dll
 0002:000000c0       __imp_GetSystemTimeAsFileTime 000000018002f0c0     kernel32:KERNEL32.dll
 0002:000000c8       __imp_GetEnvironmentStringsW 000000018002f0c8     kernel32:KERNEL32.dll
 0002:000000d0       __imp_FreeEnvironmentStringsW 000000018002f0d0     kernel32:KERNEL32.dll
 0002:000000d8       __imp_RtlCaptureContext    000000018002f0d8     kernel32:KERNEL32.dll
 0002:000000e0       __imp_RtlLookupFunctionEntry 000000018002f0e0     kernel32:KERNEL32.dll
 0002:000000e8       __imp_RtlVirtualUnwind     000000018002f0e8     kernel32:KERNEL32.dll
 0002:000000f0       __imp_UnhandledExceptionFilter 000000018002f0f0     kernel32:KERNEL32.dll
 0002:000000f8       __imp_SetUnhandledExceptionFilter 000000018002f0f8     kernel32:KERNEL32.dll
 0002:00000100       __imp_InitializeCriticalSectionAndSpinCount 000000018002f100     kernel32:KERNEL32.dll
 0002:00000108       __imp_GetCurrentProcess    000000018002f108     kernel32:KERNEL32.dll
 0002:00000110       __imp_TerminateProcess     000000018002f110     kernel32:KERNEL32.dll
 0002:00000118       __imp_TlsAlloc             000000018002f118     kernel32:KERNEL32.dll
 0002:00000120       __imp_TlsGetValue          000000018002f120     kernel32:KERNEL32.dll
 0002:00000128       __imp_TlsSetValue          000000018002f128     kernel32:KERNEL32.dll
 0002:00000130       __imp_TlsFree              000000018002f130     kernel32:KERNEL32.dll
 0002:00000138       __imp_GetModuleHandleW     000000018002f138     kernel32:KERNEL32.dll
 0002:00000140       __imp_RtlUnwindEx          000000018002f140     kernel32:KERNEL32.dll
 0002:00000148       __imp_RaiseException       000000018002f148     kernel32:KERNEL32.dll
 0002:00000150       __imp_IsValidCodePage      000000018002f150     kernel32:KERNEL32.dll
 0002:00000158       __imp_GetACP               000000018002f158     kernel32:KERNEL32.dll
 0002:00000160       __imp_GetOEMCP             000000018002f160     kernel32:KERNEL32.dll
 0002:00000168       __imp_GetCPInfo            000000018002f168     kernel32:KERNEL32.dll
 0002:00000170       __imp_GetModuleFileNameW   000000018002f170     kernel32:KERNEL32.dll
 0002:00000178       __imp_EnterCriticalSection 000000018002f178     kernel32:KERNEL32.dll
 0002:00000180       __imp_LeaveCriticalSection 000000018002f180     kernel32:KERNEL32.dll
 0002:00000188       __imp_WriteFile            000000018002f188     kernel32:KERNEL32.dll
 0002:00000190       __imp_LoadLibraryExW       000000018002f190     kernel32:KERNEL32.dll
 0002:00000198       __imp_HeapFree             000000018002f198     kernel32:KERNEL32.dll
 0002:000001a0       __imp_HeapReAlloc          000000018002f1a0     kernel32:KERNEL32.dll
 0002:000001a8       __imp_HeapQueryInformation 000000018002f1a8     kernel32:KERNEL32.dll
 0002:000001b0       __imp_HeapAlloc            000000018002f1b0     kernel32:KERNEL32.dll
 0002:000001b8       __imp_GetStringTypeW       000000018002f1b8     kernel32:KERNEL32.dll
 0002:000001c0       __imp_OutputDebugStringW   000000018002f1c0     kernel32:KERNEL32.dll
 0002:000001c8       __imp_WaitForSingleObjectEx 000000018002f1c8     kernel32:KERNEL32.dll
 0002:000001d0       __imp_CreateThread         000000018002f1d0     kernel32:KERNEL32.dll
 0002:000001d8       __imp_OutputDebugStringA   000000018002f1d8     kernel32:KERNEL32.dll
 0002:000001e0       __imp_WriteConsoleW        000000018002f1e0     kernel32:KERNEL32.dll
 0002:000001e8       __imp_LCMapStringW         000000018002f1e8     kernel32:KERNEL32.dll
 0002:000001f0       __imp_RtlPcToFileHeader    000000018002f1f0     kernel32:KERNEL32.dll
 0002:000001f8       __imp_FlushFileBuffers     000000018002f1f8     kernel32:KERNEL32.dll
 0002:00000200       __imp_GetConsoleCP         000000018002f200     kernel32:KERNEL32.dll
 0002:00000208       __imp_GetConsoleMode       000000018002f208     kernel32:KERNEL32.dll
 0002:00000210       __imp_SetFilePointerEx     000000018002f210     kernel32:KERNEL32.dll
 0002:00000218       __imp_SetStdHandle         000000018002f218     kernel32:KERNEL32.dll
 0002:00000220       __imp_CloseHandle          000000018002f220     kernel32:KERNEL32.dll
 0002:00000228       __imp_CreateFileW          000000018002f228     kernel32:KERNEL32.dll
 0002:00000230       \177KERNEL32_NULL_THUNK_DATA 000000018002f230     kernel32:KERNEL32.dll
 0002:00000238       __xc_a                     000000018002f238     LIBCMTD:crt0init.obj
 0002:00000240       __xc_z                     000000018002f240     LIBCMTD:crt0init.obj
 0002:00000248       __xi_a                     000000018002f248     LIBCMTD:crt0init.obj
 0002:00000278       __xi_z                     000000018002f278     LIBCMTD:crt0init.obj
 0002:00000280       __xp_a                     000000018002f280     LIBCMTD:crt0init.obj
 0002:000002a0       __xp_z                     000000018002f2a0     LIBCMTD:crt0init.obj
 0002:000002a8       __xt_a                     000000018002f2a8     LIBCMTD:crt0init.obj
 0002:000002b0       __xt_z                     000000018002f2b0     LIBCMTD:crt0init.obj
 0002:0000030c       __real@00000000            000000018002f30c     coco.obj
 0002:00000310       __real@3a83126f            000000018002f310     coco.obj
 0002:00000314       __real@3ba3d70a            000000018002f314     coco.obj
 0002:00000318       __real@3d4ccccd            000000018002f318     coco.obj
 0002:0000031c       __real@3dcccccd            000000018002f31c     coco.obj
 0002:00000320       __real@3e4ccccd            000000018002f320     coco.obj
 0002:00000324       __real@3e99999a            000000018002f324     coco.obj
 0002:00000328       __real@3ee66666            000000018002f328     coco.obj
 0002:0000032c       __real@3f000000            000000018002f32c     coco.obj
 0002:00000330       __real@3f333333            000000018002f330     coco.obj
 0002:00000334       __real@3f63d70a            000000018002f334     coco.obj
 0002:00000338       __real@3f800000            000000018002f338     coco.obj
 0002:0000033c       __real@3f8020c5            000000018002f33c     coco.obj
 0002:00000340       __real@3fcccccd            000000018002f340     coco.obj
 0002:00000344       __real@40000000            000000018002f344     coco.obj
 0002:00000348       __real@40200000            000000018002f348     coco.obj
 0002:0000034c       __real@40400000            000000018002f34c     coco.obj
 0002:00000350       __real@40490fdb            000000018002f350     coco.obj
 0002:00000354       __real@40800000            000000018002f354     coco.obj
 0002:00000358       __real@40a00000            000000018002f358     coco.obj
 0002:0000035c       __real@40c00000            000000018002f35c     coco.obj
 0002:00000360       __real@40c90fdb            000000018002f360     coco.obj
 0002:00000364       __real@40c9999a            000000018002f364     coco.obj
 0002:00000368       __real@40e00000            000000018002f368     coco.obj
 0002:0000036c       __real@41800000            000000018002f36c     coco.obj
 0002:00000370       __real@42b40000            000000018002f370     coco.obj
 0002:00000374       __real@43340000            000000018002f374     coco.obj
 0002:00000378       __real@44fa0000            000000018002f378     coco.obj
 0002:0000037c       __real@c0c90fdb            000000018002f37c     coco.obj
 0002:00000380       __xmm@80000000800000008000000080000000 000000018002f380     coco.obj
 0002:0000039c       ??_C@_05ECHIKDO@asinf?$AA@ 000000018002f39c     LIBCMTD:asinf.obj
 0002:000003a4       __real@3b81ce6b            000000018002f3a4     LIBCMTD:asinf.obj
 0002:000003a8       __real@3e3c94dc            000000018002f3a8     LIBCMTD:asinf.obj
 0002:000003ac       __real@3f561f0d            000000018002f3ac     LIBCMTD:asinf.obj
 0002:000003b0       __real@3f8d6fa5            000000018002f3b0     LIBCMTD:asinf.obj
 0002:000003b4       __real@bc5b3fe1            000000018002f3b4     LIBCMTD:asinf.obj
 0002:000003b8       __real@bd678bdd            000000018002f3b8     LIBCMTD:asinf.obj
 0002:000003bc       __real@bf800000            000000018002f3bc     LIBCMTD:asinf.obj
 0002:000005f0       ??_C@_05KGFAIMPG@sqrtf?$AA@ 000000018002f5f0     LIBCMTD:sqrtf.obj
 0002:000006e0       _FPinit                    000000018002f6e0     LIBCMTD:fpinit.obj
 0002:000006e8       _pDefaultRawDllMain        000000018002f6e8     LIBCMTD:dllcrt0.obj
 0002:000006e8       _pRawDllMain               000000018002f6e8     LIBCMTD:dllcrt0.obj
 0002:000006f0       ??_C@_0CL@OOIKPIHN@f?3?2dd?2vctools?2crt?2crtw32?2startup@ 000000018002f6f0     LIBCMTD:dllcrt0.obj
 0002:000008a0       ??_C@_04LAGPAAHP@sinf?$AA@ 000000018002f8a0     LIBCMTD:sincos_special.obj
 0002:000008a8       ??_C@_03BLEJJJBH@sin?$AA@  000000018002f8a8     LIBCMTD:sincos_special.obj
 0002:000008ac       ??_C@_04OBBKPIAC@cosf?$AA@ 000000018002f8ac     LIBCMTD:sincos_special.obj
 0002:000008b4       ??_C@_03LALBNOCG@cos?$AA@  000000018002f8b4     LIBCMTD:sincos_special.obj
 0002:000008b8       ??_C@_03IIINPABG@tan?$AA@  000000018002f8b8     LIBCMTD:sincos_special.obj
 0002:000008bc       ??_C@_04MHPLPEIA@tanf?$AA@ 000000018002f8bc     LIBCMTD:sincos_special.obj
 0002:000008d0       __Lcosfarray               000000018002f8d0     LIBCMTD:Lsincosf_array.obj
 0002:00000900       __Lsinfarray               000000018002f900     LIBCMTD:Lsincosf_array.obj
 0002:00000920       __L_2_by_pi_bits           000000018002f920     LIBCMTD:L2_by_pi_bits.obj
 0002:00000a70       ??_C@_1BI@ICGGMGLK@?$AAb?$AAu?$AAf?$AA?5?$AA?$CB?$AA?$DN?$AA?5?$AAN?$AAU?$AAL?$AAL?$AA?$AA@ 000000018002fa70     LIBCMTD:cvt.obj
 0002:00000a88       ??_C@_15GANGMFKL@?$AA?$CF?$AAs?$AA?$AA@ 000000018002fa88     LIBCMTD:cvt.obj
 0002:00000a90       ??_C@_1EG@OHONNKNN@?$AAf?$AA?3?$AA?2?$AAd?$AAd?$AA?2?$AAv?$AAc?$AAt?$AAo?$AAo?$AAl?$AAs?$AA?2?$AAc?$AAr?$AAt?$AA?2?$AAf?$AAp?$AAw?$AA3?$AA2?$AA?2?$AAc?$AAo?$AAn?$AAv?$AA?2?$AAc?$AAv?$AAt@ 000000018002fa90     LIBCMTD:cvt.obj
 0002:00000ad8       ??_C@_1BE@OLBNEILL@?$AA_?$AAc?$AAf?$AAt?$AAo?$AAe?$AA2?$AA_?$AAl?$AA?$AA@ 000000018002fad8     LIBCMTD:cvt.obj
 0002:00000af0       ??_C@_1CA@CBMNPEO@?$AAs?$AAi?$AAz?$AAe?$AAI?$AAn?$AAB?$AAy?$AAt?$AAe?$AAs?$AA?5?$AA?$DO?$AA?5?$AA0?$AA?$AA@ 000000018002faf0     LIBCMTD:cvt.obj
 0002:00000b10       ??_C@_1HE@NACBNDPP@?$AAs?$AAi?$AAz?$AAe?$AAI?$AAn?$AAB?$AAy?$AAt?$AAe?$AAs?$AA?5?$AA?$DO?$AA?5?$AA?$CI?$AAs?$AAi?$AAz?$AAe?$AA_?$AAt?$AA?$CJ?$AA?$CI?$AA3?$AA?5?$AA?$CL?$AA?5?$AA?$CI?$AAn?$AAd?$AAe?$AAc@ 000000018002fb10     LIBCMTD:cvt.obj
 0002:00000b90       ??_C@_1LE@EOIFGNCJ@?$AAs?$AAt?$AAr?$AAc?$AAp?$AAy?$AA_?$AAs?$AA?$CI?$AAp?$AA?0?$AA?5?$AA?$CI?$AAs?$AAi?$AAz?$AAe?$AAI?$AAn?$AAB?$AAy?$AAt?$AAe?$AAs?$AA?5?$AA?$DN?$AA?$DN?$AA?5?$AA?$CI?$AAs?$AAi?$AAz@ 000000018002fb90     LIBCMTD:cvt.obj
 0002:00000c44       ??_C@_05KLBDPFGC@e?$CL000?$AA@ 000000018002fc44     LIBCMTD:cvt.obj
 0002:00000c50       ??_C@_1BC@INKAPMHI@?$AA_?$AAc?$AAf?$AAt?$AAo?$AAe?$AA_?$AAl?$AA?$AA@ 000000018002fc50     LIBCMTD:cvt.obj
 0002:00000c68       ??_C@_1BC@JOKPCIC@?$AA_?$AAc?$AAf?$AAt?$AAo?$AAa?$AA_?$AAl?$AA?$AA@ 000000018002fc68     LIBCMTD:cvt.obj
 0002:00000c80       ??_C@_1FC@IKIMAMJB@?$AAs?$AAi?$AAz?$AAe?$AAI?$AAn?$AAB?$AAy?$AAt?$AAe?$AAs?$AA?5?$AA?$DO?$AA?5?$AA?$CI?$AAs?$AAi?$AAz?$AAe?$AA_?$AAt?$AA?$CJ?$AA?$CI?$AA1?$AA?5?$AA?$CL?$AA?5?$AA4?$AA?5?$AA?$CL?$AA?5?$AAn@ 000000018002fc80     LIBCMTD:cvt.obj
 0002:00000cd8       ??_C@_1BE@CKPDLI@?$AA_?$AAc?$AAf?$AAt?$AAo?$AAf?$AA2?$AA_?$AAl?$AA?$AA@ 000000018002fcd8     LIBCMTD:cvt.obj
 0002:00000cf0       ??_C@_1BC@DCPPLJL@?$AA_?$AAc?$AAf?$AAt?$AAo?$AAf?$AA_?$AAl?$AA?$AA@ 000000018002fcf0     LIBCMTD:cvt.obj
 0002:00000d08       ??_C@_1BC@MPIFPLAF@?$AA_?$AAc?$AAf?$AAt?$AAo?$AAg?$AA_?$AAl?$AA?$AA@ 000000018002fd08     LIBCMTD:cvt.obj
 0002:00000d20       __real@0000000000000000    000000018002fd20     LIBCMTD:cvt.obj
 0002:00000d30       _XcptActTab                000000018002fd30     LIBCMTD:winxfltr.obj
 0002:00000df0       _XcptActTabCount           000000018002fdf0     LIBCMTD:winxfltr.obj
 0002:00000df4       _XcptActTabSize            000000018002fdf4     LIBCMTD:winxfltr.obj
 0002:00000df8       _First_FPE_Indx            000000018002fdf8     LIBCMTD:winxfltr.obj
 0002:00000dfc       _Num_FPE                   000000018002fdfc     LIBCMTD:winxfltr.obj
 0002:00000e00       ??_C@_0CM@KPPOKOAI@f?3?2dd?2vctools?2crt?2crtw32?2startup@ 000000018002fe00     LIBCMTD:tidtable.obj
 0002:00000e30       ??_C@_1BI@BGOHAHKC@?$AAm?$AAs?$AAc?$AAo?$AAr?$AAe?$AAe?$AA?4?$AAd?$AAl?$AAl?$AA?$AA@ 000000018002fe30     LIBCMTD:crt0dat.obj
 0002:00000e48       ??_C@_0P@MIGLKIOC@CorExitProcess?$AA@ 000000018002fe48     LIBCMTD:crt0dat.obj
 0002:00000e58       ??_C@_0CI@BIOGDJKL@f?3?2dd?2vctools?2crt?2crtw32?2lowio?2i@ 000000018002fe58     LIBCMTD:ioinit.obj
 0002:00000e80       ??_C@_0CL@OBKFGCKK@f?3?2dd?2vctools?2crt?2crtw32?2startup@ 000000018002fe80     LIBCMTD:stdargv.obj
 0002:00000eb0       ??_C@_0CL@BJBFGFLH@f?3?2dd?2vctools?2crt?2crtw32?2startup@ 000000018002feb0     LIBCMTD:stdenvp.obj
 0002:00000ee0       ??_C@_1FG@MHBLOJIO@?$AAf?$AA?3?$AA?2?$AAd?$AAd?$AA?2?$AAv?$AAc?$AAt?$AAo?$AAo?$AAl?$AAs?$AA?2?$AAc?$AAr?$AAt?$AA?2?$AAc?$AAr?$AAt?$AAw?$AA3?$AA2?$AA?2?$AAs?$AAt?$AAa?$AAr?$AAt?$AAu?$AAp@ 000000018002fee0     LIBCMTD:stdenvp.obj
 0002:00000f38       ??_C@_1BC@GHMCNHHL@?$AA_?$AAs?$AAe?$AAt?$AAe?$AAn?$AAv?$AAp?$AA?$AA@ 000000018002ff38     LIBCMTD:stdenvp.obj
 0002:00000f50       ??_C@_1DE@MMOGFGHF@?$AAs?$AAt?$AAr?$AAc?$AAp?$AAy?$AA_?$AAs?$AA?$CI?$AA?$CK?$AAe?$AAn?$AAv?$AA?0?$AA?5?$AAc?$AAc?$AAh?$AAa?$AAr?$AAs?$AA?0?$AA?5?$AAp?$AA?$CJ?$AA?$AA@ 000000018002ff50     LIBCMTD:stdenvp.obj
 0002:00000fb0       ??_C@_04HJMOFLDF@Free?$AA@ 000000018002ffb0     LIBCMTD:dbgheap.obj
 0002:00000fb8       ??_C@_06EFAGIKOH@Normal?$AA@ 000000018002ffb8     LIBCMTD:dbgheap.obj
 0002:00000fc0       ??_C@_03OGPFLFLO@CRT?$AA@  000000018002ffc0     LIBCMTD:dbgheap.obj
 0002:00000fc4       ??_C@_06KMEJCCGM@Ignore?$AA@ 000000018002ffc4     LIBCMTD:dbgheap.obj
 0002:00000fcc       ??_C@_06PJIGMIJB@Client?$AA@ 000000018002ffcc     LIBCMTD:dbgheap.obj
 0002:00000fd8       ??_C@_1CE@LJFEPPMP@?$AA_?$AAC?$AAr?$AAt?$AAC?$AAh?$AAe?$AAc?$AAk?$AAM?$AAe?$AAm?$AAo?$AAr?$AAy?$AA?$CI?$AA?$CJ?$AA?$AA@ 000000018002ffd8     LIBCMTD:dbgheap.obj
 0002:00001000       ??_C@_1FA@JKEKCOIC@?$AAf?$AA?3?$AA?2?$AAd?$AAd?$AA?2?$AAv?$AAc?$AAt?$AAo?$AAo?$AAl?$AAs?$AA?2?$AAc?$AAr?$AAt?$AA?2?$AAc?$AAr?$AAt?$AAw?$AA3?$AA2?$AA?2?$AAm?$AAi?$AAs?$AAc?$AA?2?$AAd?$AAb@ 0000000180030000     LIBCMTD:dbgheap.obj
 0002:00001050       ??_C@_0DF@BBEGIFEK@Client?5hook?5allocation?5failure?5a@ 0000000180030050     LIBCMTD:dbgheap.obj
 0002:00001088       ??_C@_0CB@CCLOLAHO@Client?5hook?5allocation?5failure?4?6@ 0000000180030088     LIBCMTD:dbgheap.obj
 0002:000010ac       ??_C@_02DKCKIIND@?$CFs?$AA@ 00000001800300ac     LIBCMTD:dbgheap.obj
 0002:000010b0       ??_C@_0CF@BICKFLAF@Invalid?5allocation?5size?3?5?$CFIu?5byt@ 00000001800300b0     LIBCMTD:dbgheap.obj
 0002:000010d8       ??_C@_0DC@JEMAGEKG@Error?3?5memory?5allocation?3?5bad?5me@ 00000001800300d8     LIBCMTD:dbgheap.obj
 0002:00001110       ??_C@_0DI@KKJPDPGM@Client?5hook?5re?9allocation?5failur@ 0000000180030110     LIBCMTD:dbgheap.obj
 0002:00001148       ??_C@_0CE@DOFMDOL@Client?5hook?5re?9allocation?5failur@ 0000000180030148     LIBCMTD:dbgheap.obj
 0002:00001170       ??_C@_0ED@GPCPBAGP@Invalid?5allocation?5size?3?5?$CFIu?5byt@ 0000000180030170     LIBCMTD:dbgheap.obj
 0002:000011c0       ??_C@_0FA@EFEIGJKG@Error?3?5memory?5allocation?3?5bad?5me@ 00000001800301c0     LIBCMTD:dbgheap.obj
 0002:00001210       ??_C@_0EM@LGFLMAGJ@The?5Block?5at?50x?$CFp?5was?5allocated?5@ 0000000180030210     LIBCMTD:dbgheap.obj
 0002:00001260       ??_C@_1EE@GFOPCECE@?$AA_?$AAC?$AAr?$AAt?$AAI?$AAs?$AAV?$AAa?$AAl?$AAi?$AAd?$AAH?$AAe?$AAa?$AAp?$AAP?$AAo?$AAi?$AAn?$AAt?$AAe?$AAr?$AA?$CI?$AAp?$AAU?$AAs?$AAe?$AAr?$AAD?$AAa?$AAt?$AAa@ 0000000180030260     LIBCMTD:dbgheap.obj
 0002:000012b0       ??_C@_1IK@DCPKDGNH@?$AAp?$AAO?$AAl?$AAd?$AAB?$AAl?$AAo?$AAc?$AAk?$AA?9?$AA?$DO?$AAn?$AAL?$AAi?$AAn?$AAe?$AA?5?$AA?$DN?$AA?$DN?$AA?5?$AAI?$AAG?$AAN?$AAO?$AAR?$AAE?$AA_?$AAL?$AAI?$AAN?$AAE?$AA?5@ 00000001800302b0     LIBCMTD:dbgheap.obj
 0002:00001340       ??_C@_0DA@HFBKENN@Error?3?5possible?5heap?5corruption?5@ 0000000180030340     LIBCMTD:dbgheap.obj
 0002:00001370       ??_C@_1GE@PCKLOLAO@?$AAf?$AAR?$AAe?$AAa?$AAl?$AAl?$AAo?$AAc?$AA?5?$AA?$HM?$AA?$HM?$AA?5?$AA?$CI?$AA?$CB?$AAf?$AAR?$AAe?$AAa?$AAl?$AAl?$AAo?$AAc?$AA?5?$AA?$CG?$AA?$CG?$AA?5?$AAp?$AAN?$AAe?$AAw?$AAB?$AAl@ 0000000180030370     LIBCMTD:dbgheap.obj
 0002:000013d8       ??_C@_1DC@GEFKNOOL@?$AA_?$AAp?$AAL?$AAa?$AAs?$AAt?$AAB?$AAl?$AAo?$AAc?$AAk?$AA?5?$AA?$DN?$AA?$DN?$AA?5?$AAp?$AAO?$AAl?$AAd?$AAB?$AAl?$AAo?$AAc?$AAk?$AA?$AA@ 00000001800303d8     LIBCMTD:dbgheap.obj
 0002:00001410       ??_C@_1DE@KOOKLFBB@?$AA_?$AAp?$AAF?$AAi?$AAr?$AAs?$AAt?$AAB?$AAl?$AAo?$AAc?$AAk?$AA?5?$AA?$DN?$AA?$DN?$AA?5?$AAp?$AAO?$AAl?$AAd?$AAB?$AAl?$AAo?$AAc?$AAk?$AA?$AA@ 0000000180030410     LIBCMTD:dbgheap.obj
 0002:00001448       ??_C@_1CE@CJACEFBA@?$AAp?$AAU?$AAs?$AAe?$AAr?$AAD?$AAa?$AAt?$AAa?$AA?5?$AA?$CB?$AA?$DN?$AA?5?$AAN?$AAU?$AAL?$AAL?$AA?$AA@ 0000000180030448     LIBCMTD:dbgheap.obj
 0002:00001470       ??_C@_0EJ@HEIBCIMJ@The?5Block?5at?50x?$CFp?5was?5allocated?5@ 0000000180030470     LIBCMTD:dbgheap.obj
 0002:000014c0       ??_C@_0BL@KEIPLFAC@Client?5hook?5free?5failure?4?6?$AA@ 00000001800304c0     LIBCMTD:dbgheap.obj
 0002:000014e0       ??_C@_1EO@LHDAJOCM@?$AA_?$AAB?$AAL?$AAO?$AAC?$AAK?$AA_?$AAT?$AAY?$AAP?$AAE?$AA_?$AAI?$AAS?$AA_?$AAV?$AAA?$AAL?$AAI?$AAD?$AA?$CI?$AAp?$AAH?$AAe?$AAa?$AAd?$AA?9?$AA?$DO?$AAn?$AAB?$AAl?$AAo@ 00000001800304e0     LIBCMTD:dbgheap.obj
 0002:00001530       ??_C@_0KI@JGFOHMEB@HEAP?5CORRUPTION?5DETECTED?3?5before@ 0000000180030530     LIBCMTD:dbgheap.obj
 0002:000015e0       ??_C@_0IK@PJCGLBOB@HEAP?5CORRUPTION?5DETECTED?3?5before@ 00000001800305e0     LIBCMTD:dbgheap.obj
 0002:00001670       ??_C@_0KE@MBMNHHHN@HEAP?5CORRUPTION?5DETECTED?3?5after?5@ 0000000180030670     LIBCMTD:dbgheap.obj
 0002:00001720       ??_C@_0IG@LEMBDCJK@HEAP?5CORRUPTION?5DETECTED?3?5after?5@ 0000000180030720     LIBCMTD:dbgheap.obj
 0002:000017b0       ??_C@_1HK@HPCBMDFG@?$AAp?$AAH?$AAe?$AAa?$AAd?$AA?9?$AA?$DO?$AAn?$AAL?$AAi?$AAn?$AAe?$AA?5?$AA?$DN?$AA?$DN?$AA?5?$AAI?$AAG?$AAN?$AAO?$AAR?$AAE?$AA_?$AAL?$AAI?$AAN?$AAE?$AA?5?$AA?$CG?$AA?$CG?$AA?5?$AAp@ 00000001800307b0     LIBCMTD:dbgheap.obj
 0002:00001830       ??_C@_1DM@ODCJIDCP@?$AAp?$AAH?$AAe?$AAa?$AAd?$AA?9?$AA?$DO?$AAn?$AAB?$AAl?$AAo?$AAc?$AAk?$AAU?$AAs?$AAe?$AA?5?$AA?$DN?$AA?$DN?$AA?5?$AAn?$AAB?$AAl?$AAo?$AAc?$AAk?$AAU?$AAs?$AAe?$AA?$AA@ 0000000180030830     LIBCMTD:dbgheap.obj
 0002:00001870       ??_C@_1CK@DMAGEMBG@?$AA_?$AAp?$AAL?$AAa?$AAs?$AAt?$AAB?$AAl?$AAo?$AAc?$AAk?$AA?5?$AA?$DN?$AA?$DN?$AA?5?$AAp?$AAH?$AAe?$AAa?$AAd?$AA?$AA@ 0000000180030870     LIBCMTD:dbgheap.obj
 0002:000018a0       ??_C@_1CM@MMAADDMD@?$AA_?$AAp?$AAF?$AAi?$AAr?$AAs?$AAt?$AAB?$AAl?$AAo?$AAc?$AAk?$AA?5?$AA?$DN?$AA?$DN?$AA?5?$AAp?$AAH?$AAe?$AAa?$AAd?$AA?$AA@ 00000001800308a0     LIBCMTD:dbgheap.obj
 0002:000018d0       ??_C@_1BG@MBKOGDLD@?$AA_?$AAm?$AAs?$AAi?$AAz?$AAe?$AA_?$AAd?$AAb?$AAg?$AA?$AA@ 00000001800308d0     LIBCMTD:dbgheap.obj
 0002:000018e8       ??_C@_0CE@MKKHMBMK@_heapchk?5fails?5with?5_HEAPBADBEGI@ 00000001800308e8     LIBCMTD:dbgheap.obj
 0002:00001910       ??_C@_0CD@CPKEAPBD@_heapchk?5fails?5with?5_HEAPBADNODE@ 0000000180030910     LIBCMTD:dbgheap.obj
 0002:00001938       ??_C@_0CC@MJGLGBDG@_heapchk?5fails?5with?5_HEAPBADEND?4@ 0000000180030938     LIBCMTD:dbgheap.obj
 0002:00001960       ??_C@_0CC@MFFCHFHO@_heapchk?5fails?5with?5_HEAPBADPTR?4@ 0000000180030960     LIBCMTD:dbgheap.obj
 0002:00001988       ??_C@_0CL@HNNNMKMJ@_heapchk?5fails?5with?5unknown?5retu@ 0000000180030988     LIBCMTD:dbgheap.obj
 0002:000019b8       ??_C@_07OHKEFPKJ@DAMAGED?$AA@ 00000001800309b8     LIBCMTD:dbgheap.obj
 0002:000019c0       ??_C@_0KA@IHNJJKPL@HEAP?5CORRUPTION?5DETECTED?3?5on?5top@ 00000001800309c0     LIBCMTD:dbgheap.obj
 0002:00001a60       ??_C@_0IC@BBJIOOJH@HEAP?5CORRUPTION?5DETECTED?3?5on?5top@ 0000000180030a60     LIBCMTD:dbgheap.obj
 0002:00001af0       ??_C@_0EG@DGJMPDBH@?$CFhs?5located?5at?50x?$CFp?5is?5?$CFIu?5bytes@ 0000000180030af0     LIBCMTD:dbgheap.obj
 0002:00001b38       ??_C@_0CI@JMLBEDHJ@?$CFhs?5located?5at?50x?$CFp?5is?5?$CFIu?5bytes@ 0000000180030b38     LIBCMTD:dbgheap.obj
 0002:00001b60       ??_C@_1BHO@NNANJNF@?$AA?$CI?$AAf?$AAN?$AAe?$AAw?$AAB?$AAi?$AAt?$AAs?$AA?$DN?$AA?$DN?$AA_?$AAC?$AAR?$AAT?$AAD?$AAB?$AAG?$AA_?$AAR?$AAE?$AAP?$AAO?$AAR?$AAT?$AA_?$AAF?$AAL?$AAA?$AAG?$AA?$CJ?$AA?5@ 0000000180030b60     LIBCMTD:dbgheap.obj
 0002:00001ce0       ??_C@_1BO@GJFDNMNF@?$AA_?$AAC?$AAr?$AAt?$AAS?$AAe?$AAt?$AAD?$AAb?$AAg?$AAF?$AAl?$AAa?$AAg?$AA?$AA@ 0000000180030ce0     LIBCMTD:dbgheap.obj
 0002:00001d00       ??_C@_1BM@MIMANDHC@?$AAs?$AAt?$AAa?$AAt?$AAe?$AA?5?$AA?$CB?$AA?$DN?$AA?5?$AAN?$AAU?$AAL?$AAL?$AA?$AA@ 0000000180030d00     LIBCMTD:dbgheap.obj
 0002:00001d20       ??_C@_1CE@NJJKELF@?$AA_?$AAC?$AAr?$AAt?$AAM?$AAe?$AAm?$AAC?$AAh?$AAe?$AAc?$AAk?$AAp?$AAo?$AAi?$AAn?$AAt?$AA?$AA@ 0000000180030d20     LIBCMTD:dbgheap.obj
 0002:00001d48       ??_C@_0DP@LEFMFBOD@Bad?5memory?5block?5found?5at?50x?$CFp?4?6@ 0000000180030d48     LIBCMTD:dbgheap.obj
 0002:00001d88       ??_C@_0CB@EAAIGELO@Bad?5memory?5block?5found?5at?50x?$CFp?4?6@ 0000000180030d88     LIBCMTD:dbgheap.obj
 0002:00001dac       ??_C@_05MKKEDADM@?$CF?42X?5?$AA@ 0000000180030dac     LIBCMTD:dbgheap.obj
 0002:00001db8       ??_C@_1CG@LPFIACGM@?$AA_?$AAp?$AAr?$AAi?$AAn?$AAt?$AAM?$AAe?$AAm?$AAB?$AAl?$AAo?$AAc?$AAk?$AAD?$AAa?$AAt?$AAa?$AA?$AA@ 0000000180030db8     LIBCMTD:dbgheap.obj
 0002:00001de0       ??_C@_1BI@KALLJECN@?$AA?$CI?$AA?$CK?$AA_?$AAe?$AAr?$AAr?$AAn?$AAo?$AA?$CI?$AA?$CJ?$AA?$CJ?$AA?$AA@ 0000000180030de0     LIBCMTD:dbgheap.obj
 0002:00001df8       ??_C@_0BA@HJBKCELP@?5Data?3?5?$DM?$CFs?$DO?5?$CFs?6?$AA@ 0000000180030df8     LIBCMTD:dbgheap.obj
 0002:00001e08       ??_C@_0BE@KCIPKCIA@Dumping?5objects?5?9?$DO?6?$AA@ 0000000180030e08     LIBCMTD:dbgheap.obj
 0002:00001e20       ??_C@_0BE@OIEFNFL@?$CDFile?5Error?$CD?$CI?$CFd?$CJ?5?3?5?$AA@ 0000000180030e20     LIBCMTD:dbgheap.obj
 0002:00001e38       ??_C@_0L@JMEFFCCJ@?$CFhs?$CI?$CFd?$CJ?5?3?5?$AA@ 0000000180030e38     LIBCMTD:dbgheap.obj
 0002:00001e44       ??_C@_06PKLGBFGM@?$HL?$CFld?$HN?5?$AA@ 0000000180030e44     LIBCMTD:dbgheap.obj
 0002:00001e50       ??_C@_0DD@GHNAAKBB@client?5block?5at?50x?$CFp?0?5subtype?5?$CFx@ 0000000180030e50     LIBCMTD:dbgheap.obj
 0002:00001e88       ??_C@_0CH@FAGDDGPN@normal?5block?5at?50x?$CFp?0?5?$CFIu?5bytes?5@ 0000000180030e88     LIBCMTD:dbgheap.obj
 0002:00001eb0       ??_C@_0DA@MDLBNIBM@crt?5block?5at?50x?$CFp?0?5subtype?5?$CFx?0?5?$CF@ 0000000180030eb0     LIBCMTD:dbgheap.obj
 0002:00001ee0       ??_C@_0BH@GFGKJDCO@Object?5dump?5complete?4?6?$AA@ 0000000180030ee0     LIBCMTD:dbgheap.obj
 0002:00001ef8       ??_C@_0BI@JBFPOEJA@Detected?5memory?5leaks?$CB?6?$AA@ 0000000180030ef8     LIBCMTD:dbgheap.obj
 0002:00001f10       ??_C@_0CG@NNNNMKLF@f?3?2dd?2vctools?2crt?2crtw32?2misc?2a_@ 0000000180030f10     LIBCMTD:a_env.obj
 0002:00001f38       ??_C@_1BK@MGMFAEKH@?$AAk?$AAe?$AAr?$AAn?$AAe?$AAl?$AA3?$AA2?$AA?4?$AAd?$AAl?$AAl?$AA?$AA@ 0000000180030f38     LIBCMTD:winapisupp.obj
 0002:00001f58       ??_C@_08KNHFBNJ@FlsAlloc?$AA@ 0000000180030f58     LIBCMTD:winapisupp.obj
 0002:00001f68       ??_C@_07PEJMOBNF@FlsFree?$AA@ 0000000180030f68     LIBCMTD:winapisupp.obj
 0002:00001f70       ??_C@_0M@GDNOONDI@FlsGetValue?$AA@ 0000000180030f70     LIBCMTD:winapisupp.obj
 0002:00001f80       ??_C@_0M@JCPCPOEF@FlsSetValue?$AA@ 0000000180030f80     LIBCMTD:winapisupp.obj
 0002:00001f90       ??_C@_0BM@HCFOFFN@InitializeCriticalSectionEx?$AA@ 0000000180030f90     LIBCMTD:winapisupp.obj
 0002:00001fb0       ??_C@_0P@DLHPPCNH@CreateEventExW?$AA@ 0000000180030fb0     LIBCMTD:winapisupp.obj
 0002:00001fc0       ??_C@_0BD@KIEEOEEH@CreateSemaphoreExW?$AA@ 0000000180030fc0     LIBCMTD:winapisupp.obj
 0002:00001fd8       ??_C@_0BI@BKLFFAPO@SetThreadStackGuarantee?$AA@ 0000000180030fd8     LIBCMTD:winapisupp.obj
 0002:00001ff0       ??_C@_0BG@OGFAJCKC@CreateThreadpoolTimer?$AA@ 0000000180030ff0     LIBCMTD:winapisupp.obj
 0002:00002008       ??_C@_0BD@LPLEMMDI@SetThreadpoolTimer?$AA@ 0000000180031008     LIBCMTD:winapisupp.obj
 0002:00002020       ??_C@_0CA@FMNJENH@WaitForThreadpoolTimerCallbacks?$AA@ 0000000180031020     LIBCMTD:winapisupp.obj
 0002:00002040       ??_C@_0BF@DCFCCNOC@CloseThreadpoolTimer?$AA@ 0000000180031040     LIBCMTD:winapisupp.obj
 0002:00002058       ??_C@_0BF@FLABGKKM@CreateThreadpoolWait?$AA@ 0000000180031058     LIBCMTD:winapisupp.obj
 0002:00002070       ??_C@_0BC@MGCOHNA@SetThreadpoolWait?$AA@ 0000000180031070     LIBCMTD:winapisupp.obj
 0002:00002088       ??_C@_0BE@OCIOMIMP@CloseThreadpoolWait?$AA@ 0000000180031088     LIBCMTD:winapisupp.obj
 0002:000020a0       ??_C@_0BJ@LKGHFHBO@FlushProcessWriteBuffers?$AA@ 00000001800310a0     LIBCMTD:winapisupp.obj
 0002:000020c0       ??_C@_0BP@KALKKPMO@FreeLibraryWhenCallbackReturns?$AA@ 00000001800310c0     LIBCMTD:winapisupp.obj
 0002:000020e0       ??_C@_0BK@DFNBACLA@GetCurrentProcessorNumber?$AA@ 00000001800310e0     LIBCMTD:winapisupp.obj
 0002:00002100       ??_C@_0BP@KHGALBC@GetLogicalProcessorInformation?$AA@ 0000000180031100     LIBCMTD:winapisupp.obj
 0002:00002120       ??_C@_0BE@FKKLLFLM@CreateSymbolicLinkW?$AA@ 0000000180031120     LIBCMTD:winapisupp.obj
 0002:00002138       ??_C@_0BJ@OHNKDLIJ@SetDefaultDllDirectories?$AA@ 0000000180031138     LIBCMTD:winapisupp.obj
 0002:00002158       ??_C@_0BE@LJANKFHF@EnumSystemLocalesEx?$AA@ 0000000180031158     LIBCMTD:winapisupp.obj
 0002:00002170       ??_C@_0BA@IHGNDAEB@CompareStringEx?$AA@ 0000000180031170     LIBCMTD:winapisupp.obj
 0002:00002180       ??_C@_0BA@EPCJIIPD@GetDateFormatEx?$AA@ 0000000180031180     LIBCMTD:winapisupp.obj
 0002:00002190       ??_C@_0BA@ONOKGCMP@GetLocaleInfoEx?$AA@ 0000000180031190     LIBCMTD:winapisupp.obj
 0002:000021a0       ??_C@_0BA@CIJJKCJJ@GetTimeFormatEx?$AA@ 00000001800311a0     LIBCMTD:winapisupp.obj
 0002:000021b0       ??_C@_0BJ@PBCCBIPI@GetUserDefaultLocaleName?$AA@ 00000001800311b0     LIBCMTD:winapisupp.obj
 0002:000021d0       ??_C@_0BC@CELBKLLA@IsValidLocaleName?$AA@ 00000001800311d0     LIBCMTD:winapisupp.obj
 0002:000021e8       ??_C@_0O@KKBNKAPF@LCMapStringEx?$AA@ 00000001800311e8     LIBCMTD:winapisupp.obj
 0002:000021f8       ??_C@_0BE@JOGNEJCI@GetCurrentPackageId?$AA@ 00000001800311f8     LIBCMTD:winapisupp.obj
 0002:00002210       ??_C@_0P@CDHHOHKP@GetTickCount64?$AA@ 0000000180031210     LIBCMTD:winapisupp.obj
 0002:00002220       ??_C@_0BO@KPCLFDJJ@GetFileInformationByHandleExW?$AA@ 0000000180031220     LIBCMTD:winapisupp.obj
 0002:00002240       ??_C@_0BM@MHIDLABK@SetFileInformationByHandleW?$AA@ 0000000180031240     LIBCMTD:winapisupp.obj
 0002:00002270       ??_C@_03KHJOGHMM@exp?$AA@  0000000180031270     LIBCMTD:fpexcept.obj
 0002:00002274       ??_C@_03JGHBODFD@pow?$AA@  0000000180031274     LIBCMTD:fpexcept.obj
 0002:00002278       ??_C@_03MGHMBJCF@log?$AA@  0000000180031278     LIBCMTD:fpexcept.obj
 0002:0000227c       ??_C@_05HGHHAHAP@log10?$AA@ 000000018003127c     LIBCMTD:fpexcept.obj
 0002:00002284       ??_C@_04COOMCNPB@sinh?$AA@ 0000000180031284     LIBCMTD:fpexcept.obj
 0002:0000228c       ??_C@_04HPJJNFIM@cosh?$AA@ 000000018003128c     LIBCMTD:fpexcept.obj
 0002:00002294       ??_C@_04FJHINJAO@tanh?$AA@ 0000000180031294     LIBCMTD:fpexcept.obj
 0002:0000229c       ??_C@_04FIHNOPOL@asin?$AA@ 000000018003129c     LIBCMTD:fpexcept.obj
 0002:000022a4       ??_C@_04PDIFKINK@acos?$AA@ 00000001800312a4     LIBCMTD:fpexcept.obj
 0002:000022ac       ??_C@_04MLLJIGOK@atan?$AA@ 00000001800312ac     LIBCMTD:fpexcept.obj
 0002:000022b4       ??_C@_05KNGEOGJB@atan2?$AA@ 00000001800312b4     LIBCMTD:fpexcept.obj
 0002:000022bc       ??_C@_04EIAKFFMI@sqrt?$AA@ 00000001800312bc     LIBCMTD:fpexcept.obj
 0002:000022c4       ??_C@_04GFPJNGEK@ceil?$AA@ 00000001800312c4     LIBCMTD:fpexcept.obj
 0002:000022cc       ??_C@_05PBJFFIGL@floor?$AA@ 00000001800312cc     LIBCMTD:fpexcept.obj
 0002:000022d4       ??_C@_04ODHECPBC@fabs?$AA@ 00000001800312d4     LIBCMTD:fpexcept.obj
 0002:000022dc       ??_C@_04EHEDPDJG@modf?$AA@ 00000001800312dc     LIBCMTD:fpexcept.obj
 0002:000022e4       ??_C@_05CEJMAHNP@ldexp?$AA@ 00000001800312e4     LIBCMTD:fpexcept.obj
 0002:000022ec       ??_C@_05KBKMEMPO@_cabs?$AA@ 00000001800312ec     LIBCMTD:fpexcept.obj
 0002:000022f4       ??_C@_06MEIMCGCF@_hypot?$AA@ 00000001800312f4     LIBCMTD:fpexcept.obj
 0002:000022fc       ??_C@_04KEPJIHGP@fmod?$AA@ 00000001800312fc     LIBCMTD:fpexcept.obj
 0002:00002304       ??_C@_05GKKHEGJL@frexp?$AA@ 0000000180031304     LIBCMTD:fpexcept.obj
 0002:0000230c       ??_C@_03MJLDFKDL@_y0?$AA@  000000018003130c     LIBCMTD:fpexcept.obj
 0002:00002310       ??_C@_03NAKIGLHK@_y1?$AA@  0000000180031310     LIBCMTD:fpexcept.obj
 0002:00002314       ??_C@_03ONILCKOB@_yn?$AA@  0000000180031314     LIBCMTD:fpexcept.obj
 0002:00002318       ??_C@_05JGDBENOH@_logb?$AA@ 0000000180031318     LIBCMTD:fpexcept.obj
 0002:00002320       ??_C@_0L@KDOEJCKC@_nextafter?$AA@ 0000000180031320     LIBCMTD:fpexcept.obj
 0002:00002330       ??_C@_1BJK@FEBNHLFF@?$AA?$CI?$AA?$CI?$AAp?$AAt?$AAl?$AAo?$AAc?$AAi?$AA?9?$AA?$DO?$AAl?$AAc?$AA_?$AAc?$AAa?$AAt?$AAe?$AAg?$AAo?$AAr?$AAy?$AA?$FL?$AAc?$AAa?$AAt?$AAe?$AAg?$AAo?$AAr?$AAy?$AA?$FN?$AA?4@ 0000000180031330     LIBCMTD:localref.obj
 0002:000024d0       ??_C@_1FC@HINIIGNO@?$AAf?$AA?3?$AA?2?$AAd?$AAd?$AA?2?$AAv?$AAc?$AAt?$AAo?$AAo?$AAl?$AAs?$AA?2?$AAc?$AAr?$AAt?$AA?2?$AAc?$AAr?$AAt?$AAw?$AA3?$AA2?$AA?2?$AAm?$AAi?$AAs?$AAc?$AA?2?$AAl?$AAo@ 00000001800314d0     LIBCMTD:localref.obj
 0002:00002548       ??_C@_1M@HPNHIDJI@?$AAj?$AAa?$AA?9?$AAJ?$AAP?$AA?$AA@ 0000000180031548     LIBCMTD:mbctype.obj
 0002:00002558       ??_C@_1M@BIBDDEMK@?$AAz?$AAh?$AA?9?$AAC?$AAN?$AA?$AA@ 0000000180031558     LIBCMTD:mbctype.obj
 0002:00002568       ??_C@_1M@JLOOOEGK@?$AAk?$AAo?$AA?9?$AAK?$AAR?$AA?$AA@ 0000000180031568     LIBCMTD:mbctype.obj
 0002:00002578       ??_C@_1M@CLNBBOPM@?$AAz?$AAh?$AA?9?$AAT?$AAW?$AA?$AA@ 0000000180031578     LIBCMTD:mbctype.obj
 0002:000025b0       ??_C@_0CM@BEDCPGGG@f?3?2dd?2vctools?2crt?2crtw32?2mbstrin@ 00000001800315b0     LIBCMTD:mbctype.obj
 0002:000025e0       ??_C@_1FC@NCPEPIBI@?$AA?$CI?$AA?$CI?$AA_?$AAD?$AAs?$AAt?$AA?$CJ?$AA?$CJ?$AA?5?$AA?$CB?$AA?$DN?$AA?5?$AAN?$AAU?$AAL?$AAL?$AA?5?$AA?$CG?$AA?$CG?$AA?5?$AA?$CI?$AA?$CI?$AA_?$AAS?$AAi?$AAz?$AAe?$AAI?$AAn?$AAB?$AAy?$AAt@ 00000001800315e0     LIBCMTD:strcpy_s.obj
 0002:00002640       ??_C@_1FA@ILDLFIFE@?$AAf?$AA?3?$AA?2?$AAd?$AAd?$AA?2?$AAv?$AAc?$AAt?$AAo?$AAo?$AAl?$AAs?$AA?2?$AAc?$AAr?$AAt?$AA?2?$AAc?$AAr?$AAt?$AAw?$AA3?$AA2?$AA?2?$AAh?$AA?2?$AAt?$AAc?$AAs?$AAc?$AAp@ 0000000180031640     LIBCMTD:strcpy_s.obj
 0002:00002690       ??_C@_1BC@CFJEPFGF@?$AAs?$AAt?$AAr?$AAc?$AAp?$AAy?$AA_?$AAs?$AA?$AA@ 0000000180031690     LIBCMTD:strcpy_s.obj
 0002:000026a8       ??_C@_1CG@OFBJMIGJ@?$AA?$CI?$AA?$CI?$AA?$CI?$AA_?$AAS?$AAr?$AAc?$AA?$CJ?$AA?$CJ?$AA?$CJ?$AA?5?$AA?$CB?$AA?$DN?$AA?5?$AAN?$AAU?$AAL?$AAL?$AA?$AA@ 00000001800316a8     LIBCMTD:strcpy_s.obj
 0002:000026d0       ??_C@_1CI@HCPHDDLE@?$AAB?$AAu?$AAf?$AAf?$AAe?$AAr?$AA?5?$AAi?$AAs?$AA?5?$AAt?$AAo?$AAo?$AA?5?$AAs?$AAm?$AAa?$AAl?$AAl?$AA?$AA@ 00000001800316d0     LIBCMTD:strcpy_s.obj
 0002:000026f8       ??_C@_1DM@MADKGDLO@?$AA?$CI?$AAL?$AA?$CC?$AAB?$AAu?$AAf?$AAf?$AAe?$AAr?$AA?5?$AAi?$AAs?$AA?5?$AAt?$AAo?$AAo?$AA?5?$AAs?$AAm?$AAa?$AAl?$AAl?$AA?$CC?$AA?5?$AA?$CG?$AA?$CG?$AA?5?$AA0?$AA?$CJ?$AA?$AA@ 00000001800316f8     LIBCMTD:strcpy_s.obj
 0002:00002740       ??_C@_1FI@JBLIKEIM@?$AAf?$AA?3?$AA?2?$AAd?$AAd?$AA?2?$AAv?$AAc?$AAt?$AAo?$AAo?$AAl?$AAs?$AA?2?$AAc?$AAr?$AAt?$AA?2?$AAc?$AAr?$AAt?$AAw?$AA3?$AA2?$AA?2?$AAc?$AAo?$AAn?$AAv?$AAe?$AAr?$AAt@ 0000000180031740     LIBCMTD:_fptostr.obj
 0002:00002798       ??_C@_1BC@OPALLEB@?$AA_?$AAf?$AAp?$AAt?$AAo?$AAs?$AAt?$AAr?$AA?$AA@ 0000000180031798     LIBCMTD:_fptostr.obj
 0002:000027b0       ??_C@_1GM@CEDLGDDI@?$AAs?$AAi?$AAz?$AAe?$AAI?$AAn?$AAB?$AAy?$AAt?$AAe?$AAs?$AA?5?$AA?$DO?$AA?5?$AA?$CI?$AAs?$AAi?$AAz?$AAe?$AA_?$AAt?$AA?$CJ?$AA?$CI?$AA?$CI?$AAd?$AAi?$AAg?$AAi?$AAt?$AAs?$AA?5?$AA?$DO@ 00000001800317b0     LIBCMTD:_fptostr.obj
 0002:00002820       ??_C@_1BK@CLIEHFDF@?$AAp?$AAf?$AAl?$AAt?$AA?5?$AA?$CB?$AA?$DN?$AA?5?$AAN?$AAU?$AAL?$AAL?$AA?$AA@ 0000000180031820     LIBCMTD:_fptostr.obj
 0002:00002840       ??_C@_1EK@LJBJCHGA@?$AAf?$AA?3?$AA?2?$AAd?$AAd?$AA?2?$AAv?$AAc?$AAt?$AAo?$AAo?$AAl?$AAs?$AA?2?$AAc?$AAr?$AAt?$AA?2?$AAf?$AAp?$AAw?$AA3?$AA2?$AA?2?$AAc?$AAo?$AAn?$AAv?$AA?2?$AAc?$AAf?$AAo@ 0000000180031840     LIBCMTD:cfout.obj
 0002:00002890       ??_C@_1BC@BPMMEHLK@?$AA_?$AAf?$AAl?$AAt?$AAo?$AAu?$AAt?$AA2?$AA?$AA@ 0000000180031890     LIBCMTD:cfout.obj
 0002:000028b0       ??_C@_1FK@KODCOBKF@?$AAs?$AAt?$AAr?$AAc?$AAp?$AAy?$AA_?$AAs?$AA?$CI?$AAr?$AAe?$AAs?$AAu?$AAl?$AAt?$AAs?$AAt?$AAr?$AA?0?$AA?5?$AAr?$AAe?$AAs?$AAu?$AAl?$AAt?$AAs?$AAi?$AAz?$AAe?$AA?0?$AA?5@ 00000001800318b0     LIBCMTD:cfout.obj
 0002:00002928       ??_C@_1BA@GLMCNLEM@?$AAW?$AAa?$AAr?$AAn?$AAi?$AAn?$AAg?$AA?$AA@ 0000000180031928     LIBCMTD:dbgrptw.obj
 0002:00002938       ??_C@_1M@ILHOPKA@?$AAE?$AAr?$AAr?$AAo?$AAr?$AA?$AA@ 0000000180031938     LIBCMTD:dbgrptw.obj
 0002:00002948       ??_C@_1CC@CGHMNGDG@?$AAA?$AAs?$AAs?$AAe?$AAr?$AAt?$AAi?$AAo?$AAn?$AA?5?$AAF?$AAa?$AAi?$AAl?$AAe?$AAd?$AA?$AA@ 0000000180031948     LIBCMTD:dbgrptw.obj
 0002:00002970       ??_C@_17LGKOMLJ@?$AA?4?$AA?4?$AA?4?$AA?$AA@ 0000000180031970     LIBCMTD:dbgrptw.obj
 0002:00002980       ??_C@_1EO@JACJHHCK@?$AAf?$AA?3?$AA?2?$AAd?$AAd?$AA?2?$AAv?$AAc?$AAt?$AAo?$AAo?$AAl?$AAs?$AA?2?$AAc?$AAr?$AAt?$AA?2?$AAc?$AAr?$AAt?$AAw?$AA3?$AA2?$AA?2?$AAm?$AAi?$AAs?$AAc?$AA?2?$AAd?$AAb@ 0000000180031980     LIBCMTD:dbgrptw.obj
 0002:000029d0       ??_C@_1CI@PGJIFDEK@?$AA_?$AA_?$AAc?$AAr?$AAt?$AAM?$AAe?$AAs?$AAs?$AAa?$AAg?$AAe?$AAW?$AAi?$AAn?$AAd?$AAo?$AAw?$AAW?$AA?$AA@ 00000001800319d0     LIBCMTD:dbgrptw.obj
 0002:00002a00       ??_C@_1GI@DEDNNLCI@?$AAw?$AAc?$AAs?$AAc?$AAp?$AAy?$AA_?$AAs?$AA?$CI?$AAs?$AAz?$AAE?$AAx?$AAe?$AAN?$AAa?$AAm?$AAe?$AA?0?$AA?5?$AA2?$AA6?$AA0?$AA?0?$AA?5?$AAL?$AA?$CC?$AA?$DM?$AAp?$AAr?$AAo?$AAg@ 0000000180031a00     LIBCMTD:dbgrptw.obj
 0002:00002a68       ??_C@_1CO@EAEJAADC@?$AA?$DM?$AAp?$AAr?$AAo?$AAg?$AAr?$AAa?$AAm?$AA?5?$AAn?$AAa?$AAm?$AAe?$AA?5?$AAu?$AAn?$AAk?$AAn?$AAo?$AAw?$AAn?$AA?$DO?$AA?$AA@ 0000000180031a68     LIBCMTD:dbgrptw.obj
 0002:00002aa0       ??_C@_1NO@LECLLHOL@?$AAm?$AAe?$AAm?$AAc?$AAp?$AAy?$AA_?$AAs?$AA?$CI?$AAs?$AAz?$AAS?$AAh?$AAo?$AAr?$AAt?$AAP?$AAr?$AAo?$AAg?$AAN?$AAa?$AAm?$AAe?$AA?0?$AA?5?$AAs?$AAi?$AAz?$AAe?$AAo?$AAf@ 0000000180031aa0     LIBCMTD:dbgrptw.obj
 0002:00002b80       ??_C@_1OG@PMPPFHAF@?$AA?6?$AA?6?$AAF?$AAo?$AAr?$AA?5?$AAi?$AAn?$AAf?$AAo?$AAr?$AAm?$AAa?$AAt?$AAi?$AAo?$AAn?$AA?5?$AAo?$AAn?$AA?5?$AAh?$AAo?$AAw?$AA?5?$AAy?$AAo?$AAu?$AAr?$AA?5?$AAp?$AAr@ 0000000180031b80     LIBCMTD:dbgrptw.obj
 0002:00002c68       ??_C@_11LOCGONAA@?$AA?$AA@ 0000000180031c68     LIBCMTD:dbgrptw.obj
 0002:00002c70       ??_C@_1BK@PEDCIPMA@?$AAE?$AAx?$AAp?$AAr?$AAe?$AAs?$AAs?$AAi?$AAo?$AAn?$AA?3?$AA?5?$AA?$AA@ 0000000180031c70     LIBCMTD:dbgrptw.obj
 0002:00002c8c       ??_C@_15IABLJNFO@?$AA?6?$AA?6?$AA?$AA@ 0000000180031c8c     LIBCMTD:dbgrptw.obj
 0002:00002c98       ??_C@_1BA@GLLGCPCK@?$AA?6?$AAL?$AAi?$AAn?$AAe?$AA?3?$AA?5?$AA?$AA@ 0000000180031c98     LIBCMTD:dbgrptw.obj
 0002:00002ca8       ??_C@_1BA@LNHECFIM@?$AA?6?$AAF?$AAi?$AAl?$AAe?$AA?3?$AA?5?$AA?$AA@ 0000000180031ca8     LIBCMTD:dbgrptw.obj
 0002:00002cb8       ??_C@_1BE@CGCJKGHI@?$AA?6?$AAM?$AAo?$AAd?$AAu?$AAl?$AAe?$AA?3?$AA?5?$AA?$AA@ 0000000180031cb8     LIBCMTD:dbgrptw.obj
[...]
 0004:00000dbc       $pdata$_GetThrowImageBase  0000000180040dbc     LIBCMTD:trnsctrl.obj
 0004:00000dc8       $pdata$_IsExceptionObjectToBeDestroyed 0000000180040dc8     LIBCMTD:trnsctrl.obj
 0004:00000dd4       $pdata$_SetImageBase       0000000180040dd4     LIBCMTD:trnsctrl.obj
 0004:00000de0       $pdata$_SetThrowImageBase  0000000180040de0     LIBCMTD:trnsctrl.obj
 0004:00000dec       $pdata$_UnwindNestedFrames 0000000180040dec     LIBCMTD:trnsctrl.obj
 0004:00000df8       $pdata$__CxxFrameHandler3  0000000180040df8     LIBCMTD:trnsctrl.obj
 0004:00000e04       $pdata$_locterm            0000000180040e04     LIBCMTD:wsetloca.obj
 0004:00000e10       $pdata$_isleadbyte_l       0000000180040e10     LIBCMTD:_wctype.obj
 0004:00000e1c       $pdata$isleadbyte          0000000180040e1c     LIBCMTD:_wctype.obj
 0004:00000e28       $pdata$__isa_available_init 0000000180040e28     LIBCMTD:cpu_disp.obj
 0004:00000e34       $pdata$_CopyMan            0000000180040e34     LIBCMTD:intrncvt.obj
 0004:00000e40       $pdata$_FillZeroMan        0000000180040e40     LIBCMTD:intrncvt.obj
 0004:00000e4c       $pdata$_IncMan             0000000180040e4c     LIBCMTD:intrncvt.obj
 0004:00000e58       $pdata$_IsZeroMan          0000000180040e58     LIBCMTD:intrncvt.obj
 0004:00000e64       $pdata$_RoundMan           0000000180040e64     LIBCMTD:intrncvt.obj
 0004:00000e70       $pdata$_ShrMan             0000000180040e70     LIBCMTD:intrncvt.obj
 0004:00000e7c       $pdata$_ZeroTail           0000000180040e7c     LIBCMTD:intrncvt.obj
 0004:00000e88       $pdata$__addl              0000000180040e88     LIBCMTD:intrncvt.obj
 0004:00000e94       $pdata$_ld12cvt            0000000180040e94     LIBCMTD:intrncvt.obj
 0004:00000ea0       $pdata$_ld12tod            0000000180040ea0     LIBCMTD:intrncvt.obj
 0004:00000eac       $pdata$_ld12tof            0000000180040eac     LIBCMTD:intrncvt.obj
 0004:00000eb8       $pdata$__ld12mul           0000000180040eb8     LIBCMTD:strgtold.obj
 0004:00000ec4       $pdata$__multtenpow12      0000000180040ec4     LIBCMTD:strgtold.obj
 0004:00000ed0       $pdata$__shl_12            0000000180040ed0     LIBCMTD:strgtold.obj
 0004:00000edc       $pdata$__shr_12            0000000180040edc     LIBCMTD:strgtold.obj
 0004:00000ee8       $pdata$__strgtold12_l      0000000180040ee8     LIBCMTD:strgtold.obj
 0004:00000ef4       $pdata$$I10_OUTPUT         0000000180040ef4     LIBCMTD:x10fout.obj
 0004:00000f00       $pdata$__add_12            0000000180040f00     LIBCMTD:x10fout.obj
 0004:00000f0c       $pdata$memcpy_s            0000000180040f0c     LIBCMTD:memcpy_s.obj
 0004:00000f18       $pdata$wcscpy_s            0000000180040f18     LIBCMTD:wcscpy_s.obj
 0004:00000f24       $pdata$wcslen              0000000180040f24     LIBCMTD:wcslen.obj
 0004:00000f30       $pdata$_snwprintf_s        0000000180040f30     LIBCMTD:swprintf.obj
 0004:00000f3c       $pdata$__crtMessageBoxW    0000000180040f3c     LIBCMTD:crtmboxw.obj
 0004:00000f48       $pdata$__crtMessageBoxWaitThreadW 0000000180040f48     LIBCMTD:crtmboxw.obj
 0004:00000f54       $pdata$_VCrtDbgReportA     0000000180040f54     LIBCMTD:dbgrptt.obj
 0004:00000f60       $pdata$_VCrtDbgReportW     0000000180040f60     LIBCMTD:dbgrptt.obj
 0004:00000f78       $pdata$wcscat_s            0000000180040f78     LIBCMTD:wcscat_s.obj
 0004:00000f84       $pdata$wcsncpy_s           0000000180040f84     LIBCMTD:wcsncpy_s.obj
 0004:00000f90       $pdata$_set_error_mode     0000000180040f90     LIBCMTD:errmode.obj
 0004:00000f9c       $pdata$abort               0000000180040f9c     LIBCMTD:abort.obj
 0004:00000fa8       $pdata$GetTableIndexFromLocaleName 0000000180040fa8     LIBCMTD:winapinls.obj
 0004:00000fb4       $pdata$__crtDownlevelLocaleNameToLCID 0000000180040fb4     LIBCMTD:winapinls.obj
 0004:00000fc0       $pdata$__crtLCMapStringEx  0000000180040fc0     LIBCMTD:winapinls.obj
 0004:00000fcc       $pdata$__wcsnicmp_ascii    0000000180040fcc     LIBCMTD:winapinls.obj
 0004:00000fd8       $pdata$_fileno             0000000180040fd8     LIBCMTD:fileno.obj
 0004:00000fe4       $pdata$_isatty             0000000180040fe4     LIBCMTD:isatty.obj
 0004:00000ff0       $pdata$_fflush_nolock      0000000180040ff0     LIBCMTD:fflush.obj
 0004:00000ffc       $pdata$_flush              0000000180040ffc     LIBCMTD:fflush.obj
 0004:00001008       $pdata$_flushall           0000000180041008     LIBCMTD:fflush.obj
 0004:00001014       $pdata$flsall              0000000180041014     LIBCMTD:fflush.obj
 0004:00001020       $pdata$_fcloseall          0000000180041020     LIBCMTD:closeall.obj
 0004:0000102c       $pdata$_flsbuf             000000018004102c     LIBCMTD:_flsbuf.obj
 0004:00001038       $pdata$_vsnprintf_helper   0000000180041038     LIBCMTD:vsnprnc.obj
 0004:00001044       $pdata$_vsnprintf_s        0000000180041044     LIBCMTD:vsnprnc.obj
 0004:00001050       $pdata$_vsnprintf_s_l      0000000180041050     LIBCMTD:vsnprnc.obj
 0004:0000105c       $pdata$_vsprintf_s_l       000000018004105c     LIBCMTD:vsnprnc.obj
 0004:00001068       $pdata$get_int64_arg       0000000180041068     LIBCMTD:output.obj
 0004:00001074       $pdata$get_int_arg         0000000180041074     LIBCMTD:output.obj
 0004:00001080       $pdata$get_short_arg       0000000180041080     LIBCMTD:output.obj
 0004:0000108c       $pdata$free                000000018004108c     LIBCMTD:dbgfree.obj
 0004:00001098       $pdata$malloc              0000000180041098     LIBCMTD:dbgmalloc.obj
 0004:000010a4       $pdata$__DestructExceptionObject 00000001800410a4     LIBCMTD:frame.obj
 0004:000010b0       $pdata$??0bad_exception@std@@QEAA@AEBV01@@Z 00000001800410b0     LIBCMTD:frame.obj
 0004:000010bc       $pdata$??0bad_exception@std@@QEAA@PEBD@Z 00000001800410bc     LIBCMTD:frame.obj
 0004:000010c8       $pdata$??1bad_exception@std@@UEAA@XZ 00000001800410c8     LIBCMTD:frame.obj
 0004:000010d4       $pdata$??_Gbad_exception@std@@UEAAPEAXI@Z 00000001800410d4     LIBCMTD:frame.obj
 0004:000010e0       $pdata$?CatchIt@@YAXPEAUEHExceptionRecord@@PEA_KPEAU_CONTEXT@@PEAU_xDISPATCHER_CONTEXT@@PEBU_s_FuncInfo@@PEBU_s_HandlerType@@PEBU_s_CatchableType@@PEBU_s_TryBlockMapEntry@@H1EE@Z 00000001800410e0     LIBCMTD:frame.obj
 0004:000010ec       $pdata$?ExFilterRethrow@@YAHPEAU_EXCEPTION_POINTERS@@PEAUEHExceptionRecord@@PEAH@Z 00000001800410ec     LIBCMTD:frame.obj
 0004:000010f8       $pdata$?FindHandler@@YAXPEAUEHExceptionRecord@@PEA_KPEAU_CONTEXT@@PEAU_xDISPATCHER_CONTEXT@@PEBU_s_FuncInfo@@EH1@Z 00000001800410f8     LIBCMTD:frame.obj
 0004:00001104       $pdata$?FindHandlerForForeignException@@YAXPEAUEHExceptionRecord@@PEA_KPEAU_CONTEXT@@PEAU_xDISPATCHER_CONTEXT@@PEBU_s_FuncInfo@@HH1@Z 0000000180041104     LIBCMTD:frame.obj
 0004:00001110       $pdata$?IsInExceptionSpec@@YAEPEAUEHExceptionRecord@@PEBU_s_ESTypeList@@@Z 0000000180041110     LIBCMTD:frame.obj
 0004:0000111c       $pdata$?Is_bad_exception_allowed@@YAEPEBU_s_ESTypeList@@@Z 000000018004111c     LIBCMTD:frame.obj
 0004:00001128       $pdata$?__RethrowException@@YAXPEAUEHExceptionRecord@@@Z 0000000180041128     LIBCMTD:frame.obj
 0004:00001134       $pdata$__AdjustPointer     0000000180041134     LIBCMTD:frame.obj
 0004:00001140       $pdata$__BuildCatchObject  0000000180041140     LIBCMTD:frame.obj
 0004:0000114c       $pdata$__BuildCatchObjectHelper 000000018004114c     LIBCMTD:frame.obj
 0004:00001158       $pdata$__CxxCallCatchBlock 0000000180041158     LIBCMTD:frame.obj
 0004:00001164       $pdata$__FrameUnwindFilter 0000000180041164     LIBCMTD:frame.obj
 0004:00001170       $pdata$__FrameUnwindToState 0000000180041170     LIBCMTD:frame.obj
 0004:0000117c       $pdata$__InternalCxxFrameHandler 000000018004117c     LIBCMTD:frame.obj
 0004:00001188       $pdata$__TypeMatch         0000000180041188     LIBCMTD:frame.obj
 0004:00001194       $pdata$?__GetCurrentState@@YAHPEA_KPEAU_xDISPATCHER_CONTEXT@@PEBU_s_FuncInfo@@@Z 0000000180041194     LIBCMTD:ehstate.obj
 0004:000011a0       $pdata$?__GetUnwindTryBlock@@YAHPEA_KPEAU_xDISPATCHER_CONTEXT@@PEBU_s_FuncInfo@@@Z 00000001800411a0     LIBCMTD:ehstate.obj
 0004:000011ac       $pdata$?__SetUnwindTryBlock@@YAXPEA_KPEAU_xDISPATCHER_CONTEXT@@PEBU_s_FuncInfo@@H@Z 00000001800411ac     LIBCMTD:ehstate.obj
 0004:000011b8       $pdata$?__StateFromControlPc@@YAHPEBU_s_FuncInfo@@PEAU_xDISPATCHER_CONTEXT@@@Z 00000001800411b8     LIBCMTD:ehstate.obj
 0004:000011c4       $pdata$?__StateFromIp@@YAHPEBU_s_FuncInfo@@PEAU_xDISPATCHER_CONTEXT@@_J@Z 00000001800411c4     LIBCMTD:ehstate.obj
 0004:000011dc       $pdata$__mtold12           00000001800411dc     LIBCMTD:mantold.obj
 0004:000011e8       $pdata$_vsnwprintf_s       00000001800411e8     LIBCMTD:vswprnc.obj
 0004:000011f4       $pdata$_vsnwprintf_s_l     00000001800411f4     LIBCMTD:vswprnc.obj
 0004:00001200       $pdata$_vswprintf_helper   0000000180041200     LIBCMTD:vswprnc.obj
 0004:0000120c       $pdata$strcat_s            000000018004120c     LIBCMTD:strcat_s.obj
 0004:00001218       $pdata$_itoa_s             0000000180041218     LIBCMTD:xtoas.obj
 0004:00001224       $pdata$xtoa_s              0000000180041224     LIBCMTD:xtoas.obj
 0004:00001230       $pdata$_mbstowcs_l_helper  0000000180041230     LIBCMTD:mbstowcs.obj
 0004:0000123c       $pdata$_mbstowcs_s_l       000000018004123c     LIBCMTD:mbstowcs.obj
 0004:00001248       $pdata$mbstowcs_s          0000000180041248     LIBCMTD:mbstowcs.obj
 0004:00001254       $pdata$?wcsncnt@@YA_KPEB_W_K@Z 0000000180041254     LIBCMTD:wcstombs.obj
 0004:00001260       $pdata$_wcstombs_l_helper  0000000180041260     LIBCMTD:wcstombs.obj
 0004:0000126c       $pdata$_wcstombs_s_l       000000018004126c     LIBCMTD:wcstombs.obj
 0004:00001278       $pdata$wcstombs_s          0000000180041278     LIBCMTD:wcstombs.obj
 0004:00001284       $pdata$_itow_s             0000000180041284     LIBCMTD:xtows.obj
 0004:00001290       $pdata$xtow_s              0000000180041290     LIBCMTD:xtows.obj
 0004:0000129c       $pdata$__GSHandlerCheck_SEH 000000018004129c     LIBCMTD:gshandlerseh.obj
 0004:000012a8       $pdata$_commit             00000001800412a8     LIBCMTD:commit.obj
 0004:000012b4       $pdata$_write              00000001800412b4     LIBCMTD:write.obj
 0004:000012c0       $pdata$_write_nolock       00000001800412c0     LIBCMTD:write.obj
 0004:000012cc       $pdata$_fclose_nolock      00000001800412cc     LIBCMTD:fclose.obj
 0004:000012d8       $pdata$fclose              00000001800412d8     LIBCMTD:fclose.obj
 0004:000012e4       $pdata$_lseeki64           00000001800412e4     LIBCMTD:lseeki64.obj
 0004:000012f0       $pdata$_lseeki64_nolock    00000001800412f0     LIBCMTD:lseeki64.obj
 0004:000012fc       $pdata$_getbuf             00000001800412fc     LIBCMTD:_getbuf.obj
 0004:00001308       $pdata$_output_s_l         0000000180041308     LIBCMTD:outputs.obj
 0004:00001314       $pdata$write_char          0000000180041314     LIBCMTD:outputs.obj
 0004:00001320       $pdata$write_multi_char    0000000180041320     LIBCMTD:outputs.obj
 0004:0000132c       $pdata$write_string        000000018004132c     LIBCMTD:outputs.obj
 0004:00001338       $pdata$_get_printf_count_output 0000000180041338     LIBCMTD:printf.obj
 0004:00001344       $pdata$_wctomb_s_l         0000000180041344     LIBCMTD:wctomb.obj
 0004:00001350       $pdata$wctomb_s            0000000180041350     LIBCMTD:wctomb.obj
 0004:0000135c       $pdata$??3@YAXPEAX@Z       000000018004135c     LIBCMTD:dbgdel.obj
 0004:00001374       $pdata$?_ValidateExecute@@YAHP6A_JXZ@Z 0000000180041374     LIBCMTD:validate.obj
 0004:00001380       $pdata$?_ValidateWrite@@YAHPEAXI@Z 0000000180041380     LIBCMTD:validate.obj
 0004:00001380       $pdata$?_ValidateRead@@YAHPEBXI@Z 0000000180041380     LIBCMTD:validate.obj
 0004:00001398       $pdata$??1type_info@@UEAA@XZ 0000000180041398     LIBCMTD:typinfo.obj
 0004:000013a4       $pdata$??8type_info@@QEBA_NAEBV0@@Z 00000001800413a4     LIBCMTD:typinfo.obj
 0004:000013b0       $pdata$??_Gtype_info@@UEAAPEAXI@Z 00000001800413b0     LIBCMTD:typinfo.obj
 0004:000013bc       $pdata$??0exception@std@@QEAA@AEBQEBD@Z 00000001800413bc     LIBCMTD:stdexcpt.obj
 0004:000013c8       $pdata$??0exception@std@@QEAA@AEBV01@@Z 00000001800413c8     LIBCMTD:stdexcpt.obj
 0004:000013d4       $pdata$??1exception@std@@UEAA@XZ 00000001800413d4     LIBCMTD:stdexcpt.obj
 0004:000013e0       $pdata$??4exception@std@@QEAAAEAV01@AEBV01@@Z 00000001800413e0     LIBCMTD:stdexcpt.obj
 0004:000013ec       $pdata$??_Gexception@std@@UEAAPEAXI@Z 00000001800413ec     LIBCMTD:stdexcpt.obj
 0004:000013f8       $pdata$?_Copy_str@exception@std@@AEAAXPEBD@Z 00000001800413f8     LIBCMTD:stdexcpt.obj
 0004:00001404       $pdata$?_Tidy@exception@std@@AEAAXXZ 0000000180041404     LIBCMTD:stdexcpt.obj
 0004:00001410       $pdata$?what@exception@std@@UEBAPEBDXZ 0000000180041410     LIBCMTD:stdexcpt.obj
 0004:0000141c       $pdata$_CxxThrowException  000000018004141c     LIBCMTD:throw.obj
 0004:00001428       $pdata$_woutput_s_l        0000000180041428     LIBCMTD:woutputs.obj
 0004:00001434       $pdata$write_char          0000000180041434     LIBCMTD:woutputs.obj
 0004:00001440       $pdata$write_multi_char    0000000180041440     LIBCMTD:woutputs.obj
 0004:0000144c       $pdata$write_string        000000018004144c     LIBCMTD:woutputs.obj
 0004:00001458       $pdata$_fputwc_nolock      0000000180041458     LIBCMTD:fputwc.obj
 0004:00001464       $pdata$_mbtowc_l           0000000180041464     LIBCMTD:mbtowc.obj
 0004:00001470       $pdata$mbtowc              0000000180041470     LIBCMTD:mbtowc.obj
 0004:0000147c       $pdata$__lock_fhandle      000000018004147c     LIBCMTD:osfinfo.obj
 0004:00001488       $pdata$_free_osfhnd        0000000180041488     LIBCMTD:osfinfo.obj
 0004:00001494       $pdata$_get_osfhandle      0000000180041494     LIBCMTD:osfinfo.obj
 0004:000014a0       $pdata$_unlock_fhandle     00000001800414a0     LIBCMTD:osfinfo.obj
 0004:000014ac       $pdata$_putwch_nolock      00000001800414ac     LIBCMTD:putwch.obj
 0004:000014b8       $pdata$_close              00000001800414b8     LIBCMTD:close.obj
 0004:000014c4       $pdata$_close_nolock       00000001800414c4     LIBCMTD:close.obj
 0004:000014d0       $pdata$_freebuf            00000001800414d0     LIBCMTD:_freebuf.obj
 0004:000014dc       $pdata$?_Type_info_dtor@type_info@@CAXPEAV1@@Z 00000001800414dc     LIBCMTD:typname.obj
 0004:000014e8       $pdata$_flswbuf            00000001800414e8     LIBCMTD:_flswbuf.obj
 0004:000014f4       $pdata$__termconout        00000001800414f4     LIBCMTD:initcon.obj
 0004:00001500       $pdata$__initconout        0000000180041500     LIBCMTD:initcon.obj
 0004:0000150c       $pdata$_CRT_INIT$fin$0     000000018004150c     LIBCMTD:dllcrt0.obj
 0004:00001518       $pdata$__DllMainCRTStartup$filt$0 0000000180041518     LIBCMTD:dllcrt0.obj
 0004:00001524       $pdata$_ctrlfp$filt$0      0000000180041524     LIBCMTD:fpctrl.obj
 0004:00001530       $pdata$_freefls$fin$0      0000000180041530     LIBCMTD:tidtable.obj
 0004:00001530       $pdata$_initptd$fin$0      0000000180041530     LIBCMTD:tidtable.obj
 0004:0000153c       $pdata$_initptd$fin$1      000000018004153c     LIBCMTD:tidtable.obj
 0004:0000153c       $pdata$_freefls$fin$1      000000018004153c     LIBCMTD:tidtable.obj
 0004:00001548       $pdata$doexit$fin$0        0000000180041548     LIBCMTD:crt0dat.obj
 0004:00001554       $pdata$_ioinit$fin$0       0000000180041554     LIBCMTD:ioinit.obj
 0004:00001560       $pdata$_CrtCheckMemory$fin$0 0000000180041560     LIBCMTD:dbgheap.obj
 0004:0000156c       $pdata$?fin$0@?0??_CrtMemDumpAllObjectsSince_stat@@YAXPEBU_CrtMemState@@PEAUlocaleinfo_struct@@@Z@4HA 000000018004156c     LIBCMTD:dbgheap.obj
 0004:0000156c       $pdata$_heap_alloc_dbg_impl$fin$0 000000018004156c     LIBCMTD:dbgheap.obj
 0004:0000156c       $pdata$_CrtMemCheckpoint$fin$0 000000018004156c     LIBCMTD:dbgheap.obj
 0004:00001578       $pdata$_free_dbg$fin$0     0000000180041578     LIBCMTD:dbgheap.obj
 0004:00001584       $pdata$?fin$0@?0???3@YAXPEAX@Z@4HA 0000000180041584     LIBCMTD:dbgheap.obj
 0004:00001584       $pdata$_msize_dbg$fin$0    0000000180041584     LIBCMTD:dbgheap.obj
 0004:00001584       $pdata$_realloc_dbg$fin$0  0000000180041584     LIBCMTD:dbgheap.obj
 0004:00001584       $pdata$_CrtSetDbgFlag$fin$0 0000000180041584     LIBCMTD:dbgheap.obj
 0004:00001590       $pdata$?dtor$0@?0??getSystemCP@@YAHH@Z@4HA 0000000180041590     LIBCMTD:mbctype.obj
 0004:0000159c       $pdata$__updatetmbcinfo$fin$0 000000018004159c     LIBCMTD:mbctype.obj
 0004:0000159c       $pdata$_setmbcp$fin$0      000000018004159c     LIBCMTD:mbctype.obj
 0004:000015a8       $pdata$__lock_fhandle$fin$0 00000001800415a8     LIBCMTD:mlock.obj
 0004:000015a8       $pdata$_mtinitlocknum$fin$0 00000001800415a8     LIBCMTD:mlock.obj
 0004:000015b4       $pdata$_IsNonwritableInCurrentImage$filt$0 00000001800415b4     LIBCMTD:pesect.obj
 0004:000015c0       $pdata$_onexit$fin$0       00000001800415c0     LIBCMTD:onexit.obj
 0004:000015cc       $pdata$raise$fin$0         00000001800415cc     LIBCMTD:winsig.obj
 0004:000015d8       $pdata$?dtor$0@?0??x_ismbbtype_l@@YAHPEAUlocaleinfo_struct@@IHH@Z@4HA 00000001800415d8     LIBCMTD:ismbbyte.obj
 0004:000015e4       $pdata$_CallSETranslator$filt$0 00000001800415e4     LIBCMTD:trnsctrl.obj
 0004:000015f0       $pdata$_locterm$fin$0      00000001800415f0     LIBCMTD:wsetloca.obj
 0004:000015f0       $pdata$__updatetlocinfo$fin$0 00000001800415f0     LIBCMTD:wsetloca.obj
 0004:000015fc       $pdata$_VCrtDbgReportA$fin$0 00000001800415fc     LIBCMTD:dbgrptt.obj
 0004:00001608       $pdata$_VCrtDbgReportA$fin$1 0000000180041608     LIBCMTD:dbgrptt.obj
 0004:00001614       $pdata$_VCrtDbgReportW$fin$0 0000000180041614     LIBCMTD:dbgrptt.obj
 0004:00001620       $pdata$_VCrtDbgReportW$fin$1 0000000180041620     LIBCMTD:dbgrptt.obj
 0004:0000162c       $pdata$flsall$fin$0        000000018004162c     LIBCMTD:fflush.obj
 0004:00001638       $pdata$flsall$fin$1        0000000180041638     LIBCMTD:fflush.obj
 0004:00001644       $pdata$_fcloseall$fin$0    0000000180041644     LIBCMTD:closeall.obj
 0004:00001650       $pdata$?filt$0@?0??terminate@@YAXXZ@4HA 0000000180041650     LIBCMTD:frame.obj
 0004:00001650       $pdata$__BuildCatchObjectHelper$filt$0 0000000180041650     LIBCMTD:frame.obj
 0004:00001650       $pdata$?filt$0@?0??_inconsistency@@YAXXZ@4HA 0000000180041650     LIBCMTD:frame.obj
 0004:00001650       $pdata$?filt$0@?0??__crtIsBadReadPtr@@YAHPEBX_K@Z@4HA 0000000180041650     LIBCMTD:frame.obj
 0004:00001650       $pdata$__BuildCatchObject$filt$0 0000000180041650     LIBCMTD:frame.obj
 0004:0000165c       $pdata$__CxxCallCatchBlock$filt$0 000000018004165c     LIBCMTD:frame.obj
 0004:00001668       $pdata$__CxxCallCatchBlock$fin$1 0000000180041668     LIBCMTD:frame.obj
 0004:00001674       $pdata$__DestructExceptionObject$filt$0 0000000180041674     LIBCMTD:frame.obj
 0004:00001680       $pdata$__FrameUnwindToState$filt$0 0000000180041680     LIBCMTD:frame.obj
 0004:0000168c       $pdata$__FrameUnwindToState$fin$1 000000018004168c     LIBCMTD:frame.obj
 0004:00001698       $pdata$_close$fin$0        0000000180041698     LIBCMTD:commit.obj
 0004:00001698       $pdata$_lseeki64$fin$0     0000000180041698     LIBCMTD:commit.obj
 0004:00001698       $pdata$_write$fin$0        0000000180041698     LIBCMTD:commit.obj
 0004:00001698       $pdata$_commit$fin$0       0000000180041698     LIBCMTD:commit.obj
 0004:000016a4       $pdata$fclose$fin$0        00000001800416a4     LIBCMTD:fclose.obj
 0004:000016b0       $pdata$?fin$0@?0??_Type_info_dtor@type_info@@CAXPEAV1@@Z@4HA 00000001800416b0     LIBCMTD:typname.obj
