 win32_coco

 Timestamp is 5af17f9f (Tue May 08 06:44:47 2018)

 Preferred load address is 0000000140000000

 Start         Length     Name                   Class
 0001:00000000 0002bbecH .text$mn                CODE
 0001:0002bbf0 000005cbH .text$x                 CODE
 0002:00000000 000003e8H .idata$5                DATA
 0002:000003e8 00000008H .CRT$XCA                DATA
 0002:000003f0 00000008H .CRT$XCZ                DATA
 0002:000003f8 00000008H .CRT$XIA                DATA
 0002:00000400 00000020H .CRT$XIC                DATA
 0002:00000420 00000008H .CRT$XIY                DATA
 0002:00000428 00000008H .CRT$XIZ                DATA
 0002:00000430 00000008H .CRT$XPA                DATA
 0002:00000438 00000010H .CRT$XPX                DATA
 0002:00000448 00000008H .CRT$XPXA               DATA
 0002:00000450 00000008H .CRT$XPZ                DATA
 0002:00000458 00000008H .CRT$XTA                DATA
 0002:00000460 00000008H .CRT$XTZ                DATA
 0002:00000470 0000cad0H .rdata                  DATA
 0002:0000cf40 00000050H .rdata$debug            DATA
 0002:0000cf90 0000016cH .rdata$r                DATA
 0002:0000d100 00000008H .rtc$IAA                DATA
 0002:0000d108 00000008H .rtc$IZZ                DATA
 0002:0000d110 00000008H .rtc$TAA                DATA
 0002:0000d118 00000008H .rtc$TZZ                DATA
 0002:0000d120 00000cd4H .xdata                  DATA
 0002:0000ddf8 00000084H .xdata$x                DATA
 0002:0000de7c 00000000H .edata                  DATA
 0002:0000de7c 00000050H .idata$2                DATA
 0002:0000decc 00000014H .idata$3                DATA
 0002:0000dee0 000003e8H .idata$4                DATA
 0002:0000e2c8 00000894H .idata$6                DATA
 0003:00000000 00001838H .data                   DATA
 0003:00001838 00000070H .data$r                 DATA
 0003:000018c0 00002738H .bss                    DATA
 0004:00000000 00001590H .pdata                  DATA

  Address         Publics by Value              Rva+Base               Lib:Object

 0000:00000000       __guard_fids_count         0000000000000000     <absolute>
 0000:00000000       ___safe_se_handler_count   0000000000000000     <absolute>
 0000:00000000       ___safe_se_handler_table   0000000000000000     <absolute>
 0000:00000000       __guard_flags              0000000000000000     <absolute>
 0000:00000000       __guard_fids_table         0000000000000000     <absolute>
 0000:00000000       __ImageBase                0000000140000000     <linker-defined>
 0001:00000000       WinMain                    0000000140001000 f   win32_coco.obj
 0001:00002830       ?GLLoadTextureToGpu@@YAIIIPEAX@Z 0000000140003830 f   win32_coco.obj
 0001:00002930       ?GLLoadModelToGpu@@YAIIPEAX@Z 0000000140003930 f   win32_coco.obj
 0001:00003cf0       ??D@YA?ATv4@@MT0@@Z        0000000140004cf0 f i win32_coco.obj
 0001:00003da0       ??D@YA?ATv4@@T0@Um4@@@Z    0000000140004da0 f i win32_coco.obj
 0001:000040d0       ??D@YA?AUm4@@U0@0@Z        00000001400050d0 f i win32_coco.obj
 0001:00004380       ??H@YA?ATv4@@T0@0@Z        0000000140005380 f i win32_coco.obj
 0001:00004440       ?ClearArena@@YAXPEAUmem_double_arena@@@Z 0000000140005440 f i win32_coco.obj
 0001:00004460       ?GLCheckError@@YAXXZ       0000000140005460 f i win32_coco.obj
 0001:00004470       ?GetPointLightSphereScale@@YAMPEAUpoint_light@@@Z 0000000140005470 f i win32_coco.obj
 0001:000045e0       ?IdentityM4@@YA?AUm4@@XZ   00000001400055e0 f i win32_coco.obj
 0001:00004680       ?InitArena@@YA?AUmem_arena@@PEAX_K@Z 0000000140005680 f i win32_coco.obj
 0001:000046e0       ?IsEndOfLine@@YAHD@Z       00000001400056e0 f i win32_coco.obj
 0001:00004720       ?IsWhiteSpace@@YAHD@Z      0000000140005720 f i win32_coco.obj
 0001:00004790       ?PosMat@@YA?AUm4@@Tv3@@@Z  0000000140005790 f i win32_coco.obj
 0001:00004820       ?PushSize@@YAPEAXPEAUmem_arena@@_K@Z 0000000140005820 f i win32_coco.obj
 0001:00004890       ?SafeTruncateU64@@YAI_K@Z  0000000140005890 f i win32_coco.obj
 0001:000048c0       ?ScaleMat@@YA?AUm4@@MMM@Z  00000001400058c0 f i win32_coco.obj
 0001:00004990       ?SquareRoot@@YAMM@Z        0000000140005990 f i win32_coco.obj
 0001:000049c0       ?StringsAreEqual@@YAH_KPEAD1@Z 00000001400059c0 f i win32_coco.obj
 0001:00004ab0       ?V2@@YA?ATv2@@MM@Z         0000000140005ab0 f i win32_coco.obj
 0001:00004b00       ?Win32GetClock@@YA?AT_LARGE_INTEGER@@XZ 0000000140005b00 f i win32_coco.obj
 0001:00004b20       ?Win32GetLastFileTime@@YA?AU_FILETIME@@PEAD@Z 0000000140005b20 f i win32_coco.obj
 0001:00004b90       ?Win32LoadGameCode@@YAXPEAUwin32_game_code@@@Z 0000000140005b90 f i win32_coco.obj
 0001:00004d20       ?Win32ReadAssetFile@@YAXPEAUgame_memory@@@Z 0000000140005d20 f i win32_coco.obj
 0001:00004e70       ?Win32SetPixelFormat@@YAXPEAUHDC__@@H@Z 0000000140005e70 f i win32_coco.obj
 0001:00004ed0       ?Win32UpdatePlatformApi@@YAXPEAUgame_memory@@@Z 0000000140005ed0 f i win32_coco.obj
 0001:00004f00       ?sqrt@@YAMM@Z              0000000140005f00 f i win32_coco.obj
 0001:00004f20       __GSHandlerCheck           0000000140005f20 f   LIBCMTD:gshandler.obj
 0001:00004f60       __GSHandlerCheckCommon     0000000140005f60 f   LIBCMTD:gshandler.obj
 0001:00005070       __security_check_cookie    0000000140006070 f   LIBCMTD:amdsecgs.obj
 0001:00005090       sqrtf                      0000000140006090 f   LIBCMTD:sqrtf.obj
 0001:00005210       _fpmath                    0000000140006210 f   LIBCMTD:fpinit.obj
 0001:00005230       _cfltcvt_init              0000000140006230 f   LIBCMTD:fpinit.obj
 0001:00005340       WinMainCRTStartup          0000000140006340 f   LIBCMTD:wincrt0.obj
 0001:00005590       __raise_securityfailure    0000000140006590 f   LIBCMTD:gs_report.obj
 0001:000055e0       __report_gsfailure         00000001400065e0 f   LIBCMTD:gs_report.obj
 0001:000056c0       __report_rangecheckfailure 00000001400066c0 f   LIBCMTD:gs_report.obj
 0001:000056e0       __report_securityfailure   00000001400066e0 f   LIBCMTD:gs_report.obj
 0001:00005950       _handle_errorf             0000000140006950 f   LIBCMTD:libm_error.obj
 0001:00005ad0       ??0_LocaleUpdate@@QEAA@PEAUlocaleinfo_struct@@@Z 0000000140006ad0 f i LIBCMTD:cvt.obj
 0001:00005c10       ??1_LocaleUpdate@@QEAA@XZ  0000000140006c10 f i LIBCMTD:cvt.obj
 0001:00005c50       ?GetLocaleT@_LocaleUpdate@@QEAAPEAUlocaleinfo_struct@@XZ 0000000140006c50 f i LIBCMTD:cvt.obj
 0001:00005c60       ?strrchr@@YAPEADPEADH@Z    0000000140006c60 f i LIBCMTD:cvt.obj
 0001:00005c80       _cfltcvt                   0000000140006c80 f   LIBCMTD:cvt.obj
 0001:00005cd0       _cfltcvt_l                 0000000140006cd0 f   LIBCMTD:cvt.obj
 0001:00005df0       _cftoa_l                   0000000140006df0 f   LIBCMTD:cvt.obj
 0001:000068f0       _cftoe                     00000001400078f0 f   LIBCMTD:cvt.obj
 0001:00006f10       _cftoe_l                   0000000140007f10 f   LIBCMTD:cvt.obj
 0001:00007610       _cftof_l                   0000000140008610 f   LIBCMTD:cvt.obj
 0001:000078f0       _cftog_l                   00000001400088f0 f   LIBCMTD:cvt.obj
 0001:00007cb0       _cropzeros                 0000000140008cb0 f   LIBCMTD:cvt.obj
 0001:00007cd0       _cropzeros_l               0000000140008cd0 f   LIBCMTD:cvt.obj
 0001:00007e50       _fassign                   0000000140008e50 f   LIBCMTD:cvt.obj
 0001:00007e80       _fassign_l                 0000000140008e80 f   LIBCMTD:cvt.obj
 0001:00007ef0       _forcdecpt                 0000000140008ef0 f   LIBCMTD:cvt.obj
 0001:00007f10       _forcdecpt_l               0000000140008f10 f   LIBCMTD:cvt.obj
 0001:00008010       _invoke_watson_if_error    0000000140009010 f i LIBCMTD:cvt.obj
 0001:00008060       _positive                  0000000140009060 f   LIBCMTD:cvt.obj
 0001:000080f0       _initp_misc_cfltcvt_tab    00000001400090f0 f   LIBCMTD:cmiscdat.obj
 0001:00008140       ?__CxxUnhandledExceptionFilter@@YAJPEAU_EXCEPTION_POINTERS@@@Z 0000000140009140 f   LIBCMTD:unhandld.obj
 0001:000081c0       __CxxSetUnhandledExceptionFilter 00000001400091c0 f   LIBCMTD:unhandld.obj
 0001:000081e0       _XcptFilter                00000001400091e0 f   LIBCMTD:winxfltr.obj
 0001:00008510       _freefls                   0000000140009510 f   LIBCMTD:tidtable.obj
 0001:00008720       _getptd                    0000000140009720 f   LIBCMTD:tidtable.obj
 0001:00008750       _getptd_noexit             0000000140009750 f   LIBCMTD:tidtable.obj
 0001:00008820       _initptd                   0000000140009820 f   LIBCMTD:tidtable.obj
 0001:00008950       _mtinit                    0000000140009950 f   LIBCMTD:tidtable.obj
 0001:00008a10       _mtterm                    0000000140009a10 f   LIBCMTD:tidtable.obj
 0001:00008a40       __crtCorExitProcess        0000000140009a40 f   LIBCMTD:crt0dat.obj
 0001:00008a90       __crtExitProcess           0000000140009a90 f   LIBCMTD:crt0dat.obj
 0001:00008ab0       __freeCrtMemory            0000000140009ab0 f   LIBCMTD:crt0dat.obj
 0001:00008ce0       _amsg_exit                 0000000140009ce0 f   LIBCMTD:crt0dat.obj
 0001:00008d10       _c_exit                    0000000140009d10 f   LIBCMTD:crt0dat.obj
 0001:00008d30       _cexit                     0000000140009d30 f   LIBCMTD:crt0dat.obj
 0001:00008d50       _cinit                     0000000140009d50 f   LIBCMTD:crt0dat.obj
 0001:00008e00       _exit                      0000000140009e00 f   LIBCMTD:crt0dat.obj
 0001:00008e20       _init_pointers             0000000140009e20 f   LIBCMTD:crt0dat.obj
 0001:00008ed0       _initterm_e                0000000140009ed0 f   LIBCMTD:crt0dat.obj
 0001:00008f30       _lockexit                  0000000140009f30 f   LIBCMTD:crt0dat.obj
 0001:00008f50       _unlockexit                0000000140009f50 f   LIBCMTD:crt0dat.obj
 0001:00009180       exit                       000000014000a180 f   LIBCMTD:crt0dat.obj
 0001:000091a0       _heap_init                 000000014000a1a0 f   LIBCMTD:heapinit.obj
 0001:000091d0       _ioinit                    000000014000a1d0 f   LIBCMTD:ioinit.obj
 0001:000097b0       _set_pgmptr                000000014000a7b0 f i LIBCMTD:stdargv.obj
 0001:000097d0       _setargv                   000000014000a7d0 f   LIBCMTD:stdargv.obj
 0001:00009e30       _setenvp                   000000014000ae30 f   LIBCMTD:stdenvp.obj
 0001:0000a040       _FF_MSGBANNER              000000014000b040 f   LIBCMTD:crt0msg.obj
 0001:0000a090       _GET_RTERRMSG              000000014000b090 f   LIBCMTD:crt0msg.obj
 0001:0000a0f0       _NMSG_WRITE                000000014000b0f0 f   LIBCMTD:crt0msg.obj
 0001:0000a520       __set_app_type             000000014000b520 f   LIBCMTD:errmode.obj
 0001:0000a530       _set_error_mode            000000014000b530 f   LIBCMTD:errmode.obj
 0001:0000ab70       _CrtCheckMemory            000000014000bb70 f   LIBCMTD:dbgheap.obj
 0001:0000b110       _CrtDumpMemoryLeaks        000000014000c110 f   LIBCMTD:dbgheap.obj
 0001:0000b1d0       _CrtGetCheckCount          000000014000c1d0 f   LIBCMTD:dbgheap.obj
 0001:0000b1e0       _CrtIsValidHeapPointer     000000014000c1e0 f   LIBCMTD:dbgheap.obj
 0001:0000b240       _CrtIsValidPointer         000000014000c240 f   LIBCMTD:dbgheap.obj
 0001:0000b280       _CrtMemCheckpoint          000000014000c280 f   LIBCMTD:dbgheap.obj
 0001:0000b510       _CrtMemDumpAllObjectsSince 000000014000c510 f   LIBCMTD:dbgheap.obj
 0001:0000b560       _CrtSetCheckCount          000000014000c560 f   LIBCMTD:dbgheap.obj
 0001:0000b580       _CrtSetDbgFlag             000000014000c580 f   LIBCMTD:dbgheap.obj
 0001:0000b6c0       _calloc_dbg                000000014000c6c0 f   LIBCMTD:dbgheap.obj
 0001:0000b740       _calloc_dbg_impl           000000014000c740 f   LIBCMTD:dbgheap.obj
 0001:0000b7f0       _free_dbg                  000000014000c7f0 f   LIBCMTD:dbgheap.obj
 0001:0000b830       _free_dbg_nolock           000000014000c830 f   LIBCMTD:dbgheap.obj
 0001:0000c3c0       _invoke_watson_if_oneof    000000014000d3c0 f i LIBCMTD:dbgheap.obj
 0001:0000c430       _malloc_dbg                000000014000d430 f   LIBCMTD:dbgheap.obj
 0001:0000c480       _msize_dbg                 000000014000d480 f   LIBCMTD:dbgheap.obj
 0001:0000c6d0       _nh_malloc_dbg             000000014000d6d0 f   LIBCMTD:dbgheap.obj
 0001:0000ca60       _realloc_dbg               000000014000da60 f   LIBCMTD:dbgheap.obj
 0001:0000d3d0       __security_init_cookie     000000014000e3d0 f   LIBCMTD:gs_support.obj
 0001:0000d4f0       _RTC_Initialize            000000014000e4f0 f   LIBCMTD:initsect.obj
 0001:0000d530       _RTC_Terminate             000000014000e530 f   LIBCMTD:initsect.obj
 0001:0000d570       __crtGetEnvironmentStringsA 000000014000e570 f   LIBCMTD:a_env.obj
 0001:0000d750       __crtCaptureCurrentContext 000000014000e750 f   LIBCMTD:winapisupp.obj
 0001:0000d7f0       __crtCapturePreviousContext 000000014000e7f0 f   LIBCMTD:winapisupp.obj
 0001:0000d8b0       __crtFlsAlloc              000000014000e8b0 f   LIBCMTD:winapisupp.obj
 0001:0000d900       __crtFlsFree               000000014000e900 f   LIBCMTD:winapisupp.obj
 0001:0000d950       __crtFlsGetValue           000000014000e950 f   LIBCMTD:winapisupp.obj
 0001:0000d9a0       __crtFlsSetValue           000000014000e9a0 f   LIBCMTD:winapisupp.obj
 0001:0000da00       __crtGetShowWindowMode     000000014000ea00 f   LIBCMTD:winapisupp.obj
 0001:0000da40       __crtInitializeCriticalSectionEx 000000014000ea40 f   LIBCMTD:winapisupp.obj
 0001:0000dab0       __crtIsPackagedApp         000000014000eab0 f   LIBCMTD:winapisupp.obj
 0001:0000daf0       __crtLoadWinApiPointers    000000014000eaf0 f   LIBCMTD:winapisupp.obj
 0001:0000e0e0       __crtSetUnhandledExceptionFilter 000000014000f0e0 f   LIBCMTD:winapisupp.obj
 0001:0000e100       __crtTerminateProcess      000000014000f100 f   LIBCMTD:winapisupp.obj
 0001:0000e120       __crtUnhandledException    000000014000f120 f   LIBCMTD:winapisupp.obj
 0001:0000e150       _wincmdln                  000000014000f150 f   LIBCMTD:wincmdln.obj
 0001:0000e260       __C_specific_handler       000000014000f260 f   LIBCMTD:chandler.obj
 0001:0000e680       _CrtDefaultAllocHook       000000014000f680 f   LIBCMTD:dbghook.obj
 0001:0000e6a0       __crt_debugger_hook        000000014000f6a0 f   LIBCMTD:dbghook.obj
 0001:0000e6b0       _raise_exc_ex              000000014000f6b0 f   LIBCMTD:fpexcept.obj
 0001:0000ed30       _raise_excf                000000014000fd30 f   LIBCMTD:fpexcept.obj
 0001:0000ed90       _set_errno_from_matherr    000000014000fd90 f   LIBCMTD:fpexcept.obj
 0001:0000ede0       _clrfp                     000000014000fde0 f   LIBCMTD:fpctrl.obj
 0001:0000ee10       _ctrlfp                    000000014000fe10 f   LIBCMTD:fpctrl.obj
 0001:0000eec0       _set_statfp                000000014000fec0 f   LIBCMTD:fpctrl.obj
 0001:0000ef00       _statfp                    000000014000ff00 f   LIBCMTD:fpctrl.obj
 0001:0000ef30       _matherr                   000000014000ff30 f   LIBCMTD:matherr.obj
 0001:0000ef40       _call_reportfault          000000014000ff40 f   LIBCMTD:invarg.obj
 0001:0000f070       _initp_misc_invarg         0000000140010070 f   LIBCMTD:invarg.obj
 0001:0000f090       _invalid_parameter         0000000140010090 f   LIBCMTD:invarg.obj
 0001:0000f120       _invoke_watson             0000000140010120 f   LIBCMTD:invarg.obj
 0001:0000f180       __addlocaleref             0000000140010180 f   LIBCMTD:localref.obj
 0001:0000f2d0       __freetlocinfo             00000001400102d0 f   LIBCMTD:localref.obj
 0001:0000f680       __removelocaleref          0000000140010680 f   LIBCMTD:localref.obj
 0001:0000f7e0       __updatetlocinfo           00000001400107e0 f   LIBCMTD:localref.obj
 0001:0000f880       _updatetlocinfoEx_nolock   0000000140010880 f   LIBCMTD:localref.obj
 0001:0000f920       __initmbctable             0000000140010920 f   LIBCMTD:mbctype.obj
 0001:0000ffb0       __updatetmbcinfo           0000000140010fb0 f   LIBCMTD:mbctype.obj
 0001:000100c0       _setmbcp                   00000001400110c0 f   LIBCMTD:mbctype.obj
 0001:000103b0       _setmbcp_nolock            00000001400113b0 f   LIBCMTD:mbctype.obj
 0001:00010800       _isdigit_l                 0000000140011800 f i LIBCMTD:_ctype.obj
 0001:000108a0       isdigit                    00000001400118a0 f i LIBCMTD:_ctype.obj
 0001:000108e0       _tolower_l                 00000001400118e0 f   LIBCMTD:tolower.obj
 0001:00010c40       tolower                    0000000140011c40 f   LIBCMTD:tolower.obj
 0001:00010ca0       memset                     0000000140011ca0 f   LIBCMTD:memset.obj
 0001:00010ed0       strcpy_s                   0000000140011ed0 f   LIBCMTD:strcpy_s.obj
 0001:00011380       strlen                     0000000140012380 f   LIBCMTD:strlen.obj
 0001:00011440       memcpy                     0000000140012440 f   LIBCMTD:memcpy.obj
 0001:00011440       memmove                    0000000140012440 f   LIBCMTD:memcpy.obj
 0001:000119b0       strrchr                    00000001400129b0 f   LIBCMTD:strrchr.obj
 0001:00011dd0       _fptostr                   0000000140012dd0 f   LIBCMTD:_fptostr.obj
 0001:00012230       __crt_atoflt_l             0000000140013230 f   LIBCMTD:atodbl.obj
 0001:000123d0       _atodbl_l                  00000001400133d0 f   LIBCMTD:atodbl.obj
 0001:00012550       _atoflt_l                  0000000140013550 f   LIBCMTD:atodbl.obj
 0001:00012580       __dtold                    0000000140013580 f   LIBCMTD:cfout.obj
 0001:00012730       _fltout2                   0000000140013730 f   LIBCMTD:cfout.obj
 0001:00012840       __doserrno                 0000000140013840 f   LIBCMTD:dosmap.obj
 0001:00012870       _dosmaperr                 0000000140013870 f   LIBCMTD:dosmap.obj
 0001:000128a0       _errno                     00000001400138a0 f   LIBCMTD:dosmap.obj
 0001:000128d0       _get_errno_from_oserr      00000001400138d0 f   LIBCMTD:dosmap.obj
 0001:00012960       _CrtDbgReportW             0000000140013960 f   LIBCMTD:dbgrptw.obj
 0001:000129e0       _CrtDbgReportWV            00000001400139e0 f i LIBCMTD:dbgrptw.obj
 0001:00012a40       __crtMessageWindowW        0000000140013a40 f   LIBCMTD:dbgrptw.obj
 0001:000130c0       _fptrap                    00000001400140c0 f   LIBCMTD:crt0fp.obj
 0001:000130e0       ?_inconsistency@@YAXXZ     00000001400140e0 f   LIBCMTD:hooks.obj
 0001:00013110       ?terminate@@YAXXZ          0000000140014110 f   LIBCMTD:hooks.obj
 0001:00013140       _initp_eh_hooks            0000000140014140 f   LIBCMTD:hooks.obj
 0001:00013170       _lock                      0000000140014170 f   LIBCMTD:mlock.obj
 0001:000131d0       _mtdeletelocks             00000001400141d0 f   LIBCMTD:mlock.obj
 0001:000132f0       _mtinitlocknum             00000001400142f0 f   LIBCMTD:mlock.obj
 0001:000133f0       _mtinitlocks               00000001400143f0 f   LIBCMTD:mlock.obj
 0001:00013490       _unlock                    0000000140014490 f   LIBCMTD:mlock.obj
 0001:000134c0       _FindPESection             00000001400144c0 f   LIBCMTD:pesect.obj
 0001:00013570       _IsNonwritableInCurrentImage 0000000140014570 f   LIBCMTD:pesect.obj
 0001:00013600       _ValidateImageBase         0000000140014600 f   LIBCMTD:pesect.obj
 0001:00013680       __onexitinit               0000000140014680 f   LIBCMTD:onexit.obj
 0001:000136f0       _onexit                    00000001400146f0 f   LIBCMTD:onexit.obj
 0001:00013900       atexit                     0000000140014900 f   LIBCMTD:onexit.obj
 0001:00013940       _callnewh                  0000000140014940 f   LIBCMTD:handler.obj
 0001:00013980       _initp_heap_handler        0000000140014980 f   LIBCMTD:handler.obj
 0001:000139a0       _initp_misc_purevirt       00000001400149a0 f   LIBCMTD:inithelp.obj
 0001:000139c0       __get_sigabrt              00000001400149c0 f   LIBCMTD:winsig.obj
 0001:000139e0       _initp_misc_winsig         00000001400149e0 f   LIBCMTD:winsig.obj
 0001:00013a20       raise                      0000000140014a20 f   LIBCMTD:winsig.obj
 0001:00013e90       _initp_misc_rand_s         0000000140014e90 f   LIBCMTD:rand_s.obj
 0001:00013ec0       _local_unwind              0000000140014ec0 f   LIBCMTD:jmpuwind.obj
 0001:00013ef0       _NLG_Notify                0000000140014ef0 f   LIBCMTD:jmpuwind.obj
 0001:00013f10       __NLG_Dispatch2            0000000140014f10 f   LIBCMTD:jmpuwind.obj
 0001:00013f20       __NLG_Return2              0000000140014f20 f   LIBCMTD:jmpuwind.obj
 0001:00013f30       __initstdio                0000000140014f30 f   LIBCMTD:_file.obj
 0001:00014030       __endstdio                 0000000140015030 f   LIBCMTD:_file.obj
 0001:00014070       __iob_func                 0000000140015070 f   LIBCMTD:_file.obj
 0001:00014080       _lock_file                 0000000140015080 f   LIBCMTD:_file.obj
 0001:00014110       _lock_file2                0000000140015110 f   LIBCMTD:_file.obj
 0001:00014160       _unlock_file               0000000140015160 f   LIBCMTD:_file.obj
 0001:000141f0       _unlock_file2              00000001400151f0 f   LIBCMTD:_file.obj
 0001:00014310       _ismbblead                 0000000140015310 f   LIBCMTD:ismbbyte.obj
 0001:00014340       wcscat_s                   0000000140015340 f   LIBCMTD:wcscat_s.obj
 0001:00014970       wcscpy_s                   0000000140015970 f   LIBCMTD:wcscpy_s.obj
 0001:00014e20       wcslen                     0000000140015e20 f   LIBCMTD:wcslen.obj
 0001:00014e70       wcsncpy_s                  0000000140015e70 f   LIBCMTD:wcsncpy_s.obj
 0001:00015510       __crtMessageBoxW           0000000140016510 f   LIBCMTD:crtmboxw.obj
 0001:00015980       __crtMessageBoxWaitThreadW 0000000140016980 f   LIBCMTD:crtmboxw.obj
 0001:000159d0       _chvalidator               00000001400169d0 f   LIBCMTD:isctype.obj
 0001:00015a40       _chvalidator_l             0000000140016a40 f   LIBCMTD:isctype.obj
 0001:00015b50       _isctype_l                 0000000140016b50 f   LIBCMTD:isctype.obj
 0001:00015d30       _free_base                 0000000140016d30 f   LIBCMTD:free.obj
 0001:00015d90       _realloc_base              0000000140016d90 f   LIBCMTD:realloc.obj
 0001:00015eb0       _expand_base               0000000140016eb0 f   LIBCMTD:expand.obj
 0001:00016090       _CrtDbgReport              0000000140017090 f   LIBCMTD:dbgrpt.obj
 0001:00016110       _CrtDbgReportV             0000000140017110 f i LIBCMTD:dbgrpt.obj
 0001:00016170       __crtMessageWindowA        0000000140017170 f   LIBCMTD:dbgrpt.obj
 0001:000167f0       _heapchk                   00000001400177f0 f   LIBCMTD:heapchk.obj
 0001:00016830       _snprintf_s                0000000140017830 f   LIBCMTD:sprintf.obj
 0001:00016890       sprintf_s                  0000000140017890 f   LIBCMTD:sprintf.obj
 0001:000168e0       _heap_alloc_base           00000001400178e0 f i LIBCMTD:malloc.obj
 0001:00016950       _malloc_base               0000000140017950 f   LIBCMTD:malloc.obj
 0001:00016a00       _get_fpsr                  0000000140017a00 f   LIBCMTD:fpsr.obj
 0001:00016a10       _set_fpsr                  0000000140017a10 f   LIBCMTD:fpsr.obj
 0001:00016a1a       _fclrf                     0000000140017a1a f   LIBCMTD:fpsr.obj
 0001:00016a2e       _frnd                      0000000140017a2e f   LIBCMTD:fpsr.obj
 0001:00016a50       __free_lconv_mon           0000000140017a50 f   LIBCMTD:initmon.obj
 0001:00016c60       __free_lconv_num           0000000140017c60 f   LIBCMTD:initnum.obj
 0001:00016d40       __free_lc_time             0000000140017d40 f   LIBCMTD:inittime.obj
 0001:00017c80       _MallocaIsSizeInRange      0000000140018c80 f i LIBCMTD:a_map.obj
 0001:00017cc0       _MarkAllocaS               0000000140018cc0 f i LIBCMTD:a_map.obj
 0001:00017cf0       __crtLCMapStringA          0000000140018cf0 f   LIBCMTD:a_map.obj
 0001:00017da0       _freea                     0000000140018da0 f i LIBCMTD:a_map.obj
 0001:00017ff0       __crtGetStringTypeA        0000000140018ff0 f   LIBCMTD:a_str.obj
 0001:00018110       ?_GetEstablisherFrame@@YAPEA_KPEA_KPEAU_xDISPATCHER_CONTEXT@@PEBU_s_FuncInfo@@0@Z 0000000140019110 f   LIBCMTD:trnsctrl.obj
 0001:00018280       ?_GetRangeOfTrysToCheck@@YAPEBU_s_TryBlockMapEntry@@PEA_KPEBU_s_FuncInfo@@HHPEAI2PEAU_xDISPATCHER_CONTEXT@@@Z 0000000140019280 f   LIBCMTD:trnsctrl.obj
 0001:000184a0       ?__FrameUnwindToEmptyState@@YAXPEA_KPEAU_xDISPATCHER_CONTEXT@@PEBU_s_FuncInfo@@@Z 00000001400194a0 f   LIBCMTD:trnsctrl.obj
 0001:00018540       ?__SehTransFilter@@YAHPEAU_EXCEPTION_POINTERS@@PEAUEHExceptionRecord@@PEA_KPEAU_CONTEXT@@PEAU_xDISPATCHER_CONTEXT@@PEBU_s_FuncInfo@@PEAH@Z 0000000140019540 f   LIBCMTD:trnsctrl.obj
 0001:00018600       _CallSETranslator          0000000140019600 f   LIBCMTD:trnsctrl.obj
 0001:00018680       _CreateFrameInfo           0000000140019680 f   LIBCMTD:trnsctrl.obj
 0001:00018700       _FindAndUnlinkFrame        0000000140019700 f   LIBCMTD:trnsctrl.obj
 0001:00018790       _GetImageBase              0000000140019790 f   LIBCMTD:trnsctrl.obj
 0001:000187b0       _GetThrowImageBase         00000001400197b0 f   LIBCMTD:trnsctrl.obj
 0001:000187d0       _IsExceptionObjectToBeDestroyed 00000001400197d0 f   LIBCMTD:trnsctrl.obj
 0001:00018830       _SetImageBase              0000000140019830 f   LIBCMTD:trnsctrl.obj
 0001:00018850       _SetThrowImageBase         0000000140019850 f   LIBCMTD:trnsctrl.obj
 0001:00018870       _UnwindNestedFrames        0000000140019870 f   LIBCMTD:trnsctrl.obj
 0001:000189e0       __CxxFrameHandler3         00000001400199e0 f   LIBCMTD:trnsctrl.obj
 0001:00018aa0       _locterm                   0000000140019aa0 f   LIBCMTD:wsetloca.obj
 0001:00018af0       _isleadbyte_l              0000000140019af0 f i LIBCMTD:_wctype.obj
 0001:00018b50       isleadbyte                 0000000140019b50 f i LIBCMTD:_wctype.obj
 0001:00018b70       __isa_available_init       0000000140019b70 f   LIBCMTD:cpu_disp.obj
 0001:00018eb0       _CopyMan                   0000000140019eb0 f i LIBCMTD:intrncvt.obj
 0001:00018f20       _FillZeroMan               0000000140019f20 f i LIBCMTD:intrncvt.obj
 0001:00018f60       _IncMan                    0000000140019f60 f i LIBCMTD:intrncvt.obj
 0001:00019040       _IsZeroMan                 000000014001a040 f i LIBCMTD:intrncvt.obj
 0001:00019080       _RoundMan                  000000014001a080 f i LIBCMTD:intrncvt.obj
 0001:00019190       _ShrMan                    000000014001a190 f i LIBCMTD:intrncvt.obj
 0001:000192d0       _ZeroTail                  000000014001a2d0 f i LIBCMTD:intrncvt.obj
 0001:00019380       __addl                     000000014001a380 f i LIBCMTD:intrncvt.obj
 0001:000193e0       _ld12cvt                   000000014001a3e0 f i LIBCMTD:intrncvt.obj
 0001:00019750       _ld12tod                   000000014001a750 f   LIBCMTD:intrncvt.obj
 0001:00019780       _ld12tof                   000000014001a780 f   LIBCMTD:intrncvt.obj
 0001:000197b0       __ld12mul                  000000014001a7b0 f i LIBCMTD:strgtold.obj
 0001:00019d20       __multtenpow12             000000014001ad20 f i LIBCMTD:strgtold.obj
 0001:00019e50       __shl_12                   000000014001ae50 f i LIBCMTD:strgtold.obj
 0001:00019ef0       __shr_12                   000000014001aef0 f i LIBCMTD:strgtold.obj
 0001:00019f90       __strgtold12_l             000000014001af90 f   LIBCMTD:strgtold.obj
 0001:0001ad70       $I10_OUTPUT                000000014001bd70 f   LIBCMTD:x10fout.obj
 0001:0001b630       __add_12                   000000014001c630 f i LIBCMTD:x10fout.obj
 0001:0001b710       memcpy_s                   000000014001c710 f   LIBCMTD:memcpy_s.obj
 0001:0001b980       _snwprintf_s               000000014001c980 f   LIBCMTD:swprintf.obj
 0001:0001b9e0       _CrtDbgBreak               000000014001c9e0 f   LIBCMTD:dbgrptt.obj
 0001:0001b9f0       _VCrtDbgReportA            000000014001c9f0 f   LIBCMTD:dbgrptt.obj
 0001:0001c3c0       _VCrtDbgReportW            000000014001d3c0 f   LIBCMTD:dbgrptt.obj
 0001:0001cf10       _alloca_probe              000000014001df10 f   LIBCMTD:chkstk.obj
 0001:0001cf10       __chkstk                   000000014001df10 f   LIBCMTD:chkstk.obj
 0001:0001cf60       abort                      000000014001df60 f   LIBCMTD:abort.obj
 0001:0001cff0       GetTableIndexFromLocaleName 000000014001dff0 f   LIBCMTD:winapinls.obj
 0001:0001d0a0       __crtDownlevelLocaleNameToLCID 000000014001e0a0 f   LIBCMTD:winapinls.obj
 0001:0001d100       __crtLCMapStringEx         000000014001e100 f   LIBCMTD:winapinls.obj
 0001:0001d1e0       __wcsnicmp_ascii           000000014001e1e0 f   LIBCMTD:winapinls.obj
 0001:0001d2f0       _fileno                    000000014001e2f0 f   LIBCMTD:fileno.obj
 0001:0001d3b0       _isatty                    000000014001e3b0 f   LIBCMTD:isatty.obj
 0001:0001d4c0       _fflush_nolock             000000014001e4c0 f   LIBCMTD:fflush.obj
 0001:0001d540       _flush                     000000014001e540 f   LIBCMTD:fflush.obj
 0001:0001d630       _flushall                  000000014001e630 f   LIBCMTD:fflush.obj
 0001:0001d7c0       _fcloseall                 000000014001e7c0 f   LIBCMTD:closeall.obj
 0001:0001d8c0       _flsbuf                    000000014001e8c0 f   LIBCMTD:_flsbuf.obj
 0001:0001dc60       _vsnprintf_helper          000000014001ec60 f   LIBCMTD:vsnprnc.obj
 0001:0001df40       _vsnprintf_s               000000014001ef40 f   LIBCMTD:vsnprnc.obj
 0001:0001df90       _vsnprintf_s_l             000000014001ef90 f   LIBCMTD:vsnprnc.obj
 0001:0001e530       _vsprintf_s_l              000000014001f530 f   LIBCMTD:vsnprnc.obj
 0001:0001e8c0       get_int64_arg              000000014001f8c0 f i LIBCMTD:output.obj
 0001:0001e930       get_int_arg                000000014001f930 f i LIBCMTD:output.obj
 0001:0001e990       get_short_arg              000000014001f990 f i LIBCMTD:output.obj
 0001:0001ea00       free                       000000014001fa00 f   LIBCMTD:dbgfree.obj
 0001:0001ea20       malloc                     000000014001fa20 f   LIBCMTD:dbgmalloc.obj
 0001:0001ea60       __DestructExceptionObject  000000014001fa60 f   LIBCMTD:frame.obj
 0001:0001eb50       ??0bad_exception@std@@QEAA@AEBV01@@Z 000000014001fb50 f i LIBCMTD:frame.obj
 0001:0001eb90       ??0bad_exception@std@@QEAA@PEBD@Z 000000014001fb90 f i LIBCMTD:frame.obj
 0001:0001ebd0       ??1bad_exception@std@@UEAA@XZ 000000014001fbd0 f i LIBCMTD:frame.obj
 0001:0001ec00       ??_Ebad_exception@std@@UEAAPEAXI@Z 000000014001fc00 f i LIBCMTD:frame.obj
 0001:0001ec00       ??_Gbad_exception@std@@UEAAPEAXI@Z 000000014001fc00 f i LIBCMTD:frame.obj
 0001:0001fbd0       __AdjustPointer            0000000140020bd0 f   LIBCMTD:frame.obj
 0001:0001fc50       __BuildCatchObject         0000000140020c50 f   LIBCMTD:frame.obj
 0001:0001fd90       __BuildCatchObjectHelper   0000000140020d90 f   LIBCMTD:frame.obj
 0001:000201c0       __CxxCallCatchBlock        00000001400211c0 f   LIBCMTD:frame.obj
 0001:00020430       __FrameUnwindFilter        0000000140021430 f   LIBCMTD:frame.obj
 0001:000204c0       __FrameUnwindToState       00000001400214c0 f   LIBCMTD:frame.obj
 0001:00020720       __InternalCxxFrameHandler  0000000140021720 f   LIBCMTD:frame.obj
 0001:00020b40       __TypeMatch                0000000140021b40 f   LIBCMTD:frame.obj
 0001:00020d30       ?__GetCurrentState@@YAHPEA_KPEAU_xDISPATCHER_CONTEXT@@PEBU_s_FuncInfo@@@Z 0000000140021d30 f   LIBCMTD:ehstate.obj
 0001:00020d90       ?__GetUnwindTryBlock@@YAHPEA_KPEAU_xDISPATCHER_CONTEXT@@PEBU_s_FuncInfo@@@Z 0000000140021d90 f   LIBCMTD:ehstate.obj
 0001:00020de0       ?__SetState@@YAXPEA_KPEAU_xDISPATCHER_CONTEXT@@PEBU_s_FuncInfo@@H@Z 0000000140021de0 f   LIBCMTD:ehstate.obj
 0001:00020e10       ?__SetUnwindTryBlock@@YAXPEA_KPEAU_xDISPATCHER_CONTEXT@@PEBU_s_FuncInfo@@H@Z 0000000140021e10 f   LIBCMTD:ehstate.obj
 0001:00020e80       ?__StateFromControlPc@@YAHPEBU_s_FuncInfo@@PEAU_xDISPATCHER_CONTEXT@@@Z 0000000140021e80 f   LIBCMTD:ehstate.obj
 0001:00020eb0       ?__StateFromIp@@YAHPEBU_s_FuncInfo@@PEAU_xDISPATCHER_CONTEXT@@_J@Z 0000000140021eb0 f   LIBCMTD:ehstate.obj
 0001:00020fa0       memcmp                     0000000140021fa0 f   LIBCMTD:memcmp.obj
 0001:00021070       __mtold12                  0000000140022070 f   LIBCMTD:mantold.obj
 0001:00021200       _vsnwprintf_s              0000000140022200 f   LIBCMTD:vswprnc.obj
 0001:00021250       _vsnwprintf_s_l            0000000140022250 f   LIBCMTD:vswprnc.obj
 0001:00021800       _vswprintf_helper          0000000140022800 f   LIBCMTD:vswprnc.obj
 0001:00021b50       strcat_s                   0000000140022b50 f   LIBCMTD:strcat_s.obj
 0001:00022160       _itoa_s                    0000000140023160 f   LIBCMTD:xtoas.obj
 0001:00022790       _mbstowcs_l_helper         0000000140023790 f   LIBCMTD:mbstowcs.obj
 0001:00022d00       _mbstowcs_s_l              0000000140023d00 f   LIBCMTD:mbstowcs.obj
 0001:00023290       mbstowcs_s                 0000000140024290 f   LIBCMTD:mbstowcs.obj
 0001:00023370       _wcstombs_l_helper         0000000140024370 f   LIBCMTD:wcstombs.obj
 0001:00023b80       _wcstombs_s_l              0000000140024b80 f   LIBCMTD:wcstombs.obj
 0001:00024080       wcstombs_s                 0000000140025080 f   LIBCMTD:wcstombs.obj
 0001:000240d0       _itow_s                    00000001400250d0 f   LIBCMTD:xtows.obj
 0001:00024720       __GSHandlerCheck_SEH       0000000140025720 f   LIBCMTD:gshandlerseh.obj
 0001:000247e0       _commit                    00000001400257e0 f   LIBCMTD:commit.obj
 0001:00024a70       _write                     0000000140025a70 f   LIBCMTD:write.obj
 0001:00024d10       _write_nolock              0000000140025d10 f   LIBCMTD:write.obj
 0001:00025e50       _fclose_nolock             0000000140026e50 f   LIBCMTD:fclose.obj
 0001:00025fa0       fclose                     0000000140026fa0 f   LIBCMTD:fclose.obj
 0001:000260a0       _lseeki64                  00000001400270a0 f   LIBCMTD:lseeki64.obj
 0001:00026350       _lseeki64_nolock           0000000140027350 f   LIBCMTD:lseeki64.obj
 0001:00026470       _getbuf                    0000000140027470 f   LIBCMTD:_getbuf.obj
 0001:00026580       _output_s_l                0000000140027580 f   LIBCMTD:outputs.obj
 0001:00028160       _get_printf_count_output   0000000140029160 f   LIBCMTD:printf.obj
 0001:00028190       _wctomb_s_l                0000000140029190 f   LIBCMTD:wctomb.obj
 0001:00028630       wctomb_s                   0000000140029630 f   LIBCMTD:wctomb.obj
 0001:00028680       ??3@YAXPEAX@Z              0000000140029680 f   LIBCMTD:dbgdel.obj
 0001:00028760       strcmp                     0000000140029760 f   LIBCMTD:strcmp.obj
 0001:000287d0       ?_ValidateExecute@@YAHP6A_JXZ@Z 00000001400297d0 f   LIBCMTD:validate.obj
 0001:00028800       ?_ValidateRead@@YAHPEBXI@Z 0000000140029800 f   LIBCMTD:validate.obj
 0001:00028800       ?_ValidateWrite@@YAHPEAXI@Z 0000000140029800 f   LIBCMTD:validate.obj
 0001:00028840       _CallSettingFrame          0000000140029840 f   LIBCMTD:handlers.obj
 0001:00028880       _GetNextInstrOffset        0000000140029880 f   LIBCMTD:handlers.obj
 0001:00028890       ??1type_info@@UEAA@XZ      0000000140029890 f   LIBCMTD:typinfo.obj
 0001:000288c0       ??8type_info@@QEBA_NAEBV0@@Z 00000001400298c0 f   LIBCMTD:typinfo.obj
 0001:00028910       ??_Etype_info@@UEAAPEAXI@Z 0000000140029910 f i LIBCMTD:typinfo.obj
 0001:00028910       ??_Gtype_info@@UEAAPEAXI@Z 0000000140029910 f i LIBCMTD:typinfo.obj
 0001:00028950       ??0exception@std@@QEAA@AEBQEBD@Z 0000000140029950 f   LIBCMTD:stdexcpt.obj
 0001:000289a0       ??0exception@std@@QEAA@AEBV01@@Z 00000001400299a0 f   LIBCMTD:stdexcpt.obj
 0001:000289f0       ??1exception@std@@UEAA@XZ  00000001400299f0 f   LIBCMTD:stdexcpt.obj
 0001:00028a20       ??4exception@std@@QEAAAEAV01@AEBV01@@Z 0000000140029a20 f   LIBCMTD:stdexcpt.obj
 0001:00028a90       ??_Eexception@std@@UEAAPEAXI@Z 0000000140029a90 f i LIBCMTD:stdexcpt.obj
 0001:00028a90       ??_Gexception@std@@UEAAPEAXI@Z 0000000140029a90 f i LIBCMTD:stdexcpt.obj
 0001:00028ad0       ?_Copy_str@exception@std@@AEAAXPEBD@Z 0000000140029ad0 f   LIBCMTD:stdexcpt.obj
 0001:00028b40       ?_Tidy@exception@std@@AEAAXXZ 0000000140029b40 f   LIBCMTD:stdexcpt.obj
 0001:00028b80       ?what@exception@std@@UEBAPEBDXZ 0000000140029b80 f   LIBCMTD:stdexcpt.obj
 0001:00028bc0       _CxxThrowException         0000000140029bc0 f   LIBCMTD:throw.obj
 0001:00028ce0       _woutput_s_l               0000000140029ce0 f   LIBCMTD:woutputs.obj
 0001:0002a5d0       _fputwc_nolock             000000014002b5d0 f   LIBCMTD:fputwc.obj
 0001:0002aa30       _mbtowc_l                  000000014002ba30 f   LIBCMTD:mbtowc.obj
 0001:0002ad70       mbtowc                     000000014002bd70 f   LIBCMTD:mbtowc.obj
 0001:0002ada0       __lock_fhandle             000000014002bda0 f   LIBCMTD:osfinfo.obj
 0001:0002ae70       _free_osfhnd               000000014002be70 f   LIBCMTD:osfinfo.obj
 0001:0002afa0       _get_osfhandle             000000014002bfa0 f   LIBCMTD:osfinfo.obj
 0001:0002b1a0       _unlock_fhandle            000000014002c1a0 f   LIBCMTD:osfinfo.obj
 0001:0002b1e0       _putwch_nolock             000000014002c1e0 f   LIBCMTD:putwch.obj
 0001:0002b250       _close                     000000014002c250 f   LIBCMTD:close.obj
 0001:0002b4d0       _close_nolock              000000014002c4d0 f   LIBCMTD:close.obj
 0001:0002b5e0       _freebuf                   000000014002c5e0 f   LIBCMTD:_freebuf.obj
 0001:0002b6a0       ?_Type_info_dtor@type_info@@CAXPEAV1@@Z 000000014002c6a0 f   LIBCMTD:typname.obj
 0001:0002b7b0       _flswbuf                   000000014002c7b0 f   LIBCMTD:_flswbuf.obj
 0001:0002bb60       __termconout               000000014002cb60 f   LIBCMTD:initcon.obj
 0001:0002bb90       __initconout               000000014002cb90 f   LIBCMTD:initcon.obj
 0001:0002bbe0       IsProcessorFeaturePresent  000000014002cbe0 f   kernel32:KERNEL32.dll
 0001:0002bbe6       RtlUnwindEx                000000014002cbe6 f   kernel32:KERNEL32.dll
 0002:00000000       __imp_SetPixelFormat       000000014002e000     gdi32:GDI32.dll
 0002:00000008       __imp_DescribePixelFormat  000000014002e008     gdi32:GDI32.dll
 0002:00000010       __imp_ChoosePixelFormat    000000014002e010     gdi32:GDI32.dll
 0002:00000018       __imp_SwapBuffers          000000014002e018     gdi32:GDI32.dll
 0002:00000020       \177GDI32_NULL_THUNK_DATA  000000014002e020     gdi32:GDI32.dll
 0002:00000028       __imp_GetConsoleCP         000000014002e028     kernel32:KERNEL32.dll
 0002:00000030       __imp_FlushFileBuffers     000000014002e030     kernel32:KERNEL32.dll
 0002:00000038       __imp_RtlPcToFileHeader    000000014002e038     kernel32:KERNEL32.dll
 0002:00000040       __imp_GetConsoleMode       000000014002e040     kernel32:KERNEL32.dll
 0002:00000048       __imp_LCMapStringW         000000014002e048     kernel32:KERNEL32.dll
 0002:00000050       __imp_SetFilePointerEx     000000014002e050     kernel32:KERNEL32.dll
 0002:00000058       __imp_SetStdHandle         000000014002e058     kernel32:KERNEL32.dll
 0002:00000060       __imp_CreateFileW          000000014002e060     kernel32:KERNEL32.dll
 0002:00000068       __imp_MultiByteToWideChar  000000014002e068     kernel32:KERNEL32.dll
 0002:00000070       __imp_WriteConsoleW        000000014002e070     kernel32:KERNEL32.dll
 0002:00000078       __imp_OutputDebugStringA   000000014002e078     kernel32:KERNEL32.dll
 0002:00000080       __imp_GetStringTypeW       000000014002e080     kernel32:KERNEL32.dll
 0002:00000088       __imp_HeapAlloc            000000014002e088     kernel32:KERNEL32.dll
 0002:00000090       __imp_HeapQueryInformation 000000014002e090     kernel32:KERNEL32.dll
 0002:00000098       __imp_HeapReAlloc          000000014002e098     kernel32:KERNEL32.dll
 0002:000000a0       __imp_HeapFree             000000014002e0a0     kernel32:KERNEL32.dll
 0002:000000a8       __imp_CreateThread         000000014002e0a8     kernel32:KERNEL32.dll
 0002:000000b0       __imp_WaitForSingleObjectEx 000000014002e0b0     kernel32:KERNEL32.dll
 0002:000000b8       __imp_OutputDebugStringW   000000014002e0b8     kernel32:KERNEL32.dll
 0002:000000c0       __imp_LoadLibraryExW       000000014002e0c0     kernel32:KERNEL32.dll
 0002:000000c8       __imp_LeaveCriticalSection 000000014002e0c8     kernel32:KERNEL32.dll
 0002:000000d0       __imp_EnterCriticalSection 000000014002e0d0     kernel32:KERNEL32.dll
 0002:000000d8       __imp_GetCPInfo            000000014002e0d8     kernel32:KERNEL32.dll
 0002:000000e0       __imp_GetOEMCP             000000014002e0e0     kernel32:KERNEL32.dll
 0002:000000e8       __imp_GetACP               000000014002e0e8     kernel32:KERNEL32.dll
 0002:000000f0       __imp_IsValidCodePage      000000014002e0f0     kernel32:KERNEL32.dll
 0002:000000f8       __imp_RaiseException       000000014002e0f8     kernel32:KERNEL32.dll
 0002:00000100       __imp_CompareFileTime      000000014002e100     kernel32:KERNEL32.dll
 0002:00000108       __imp_CreateFileA          000000014002e108     kernel32:KERNEL32.dll
 0002:00000110       __imp_GetFileAttributesExA 000000014002e110     kernel32:KERNEL32.dll
 0002:00000118       __imp_GetFileSizeEx        000000014002e118     kernel32:KERNEL32.dll
 0002:00000120       __imp_ReadFile             000000014002e120     kernel32:KERNEL32.dll
 0002:00000128       __imp_CloseHandle          000000014002e128     kernel32:KERNEL32.dll
 0002:00000130       __imp_QueryPerformanceCounter 000000014002e130     kernel32:KERNEL32.dll
 0002:00000138       __imp_QueryPerformanceFrequency 000000014002e138     kernel32:KERNEL32.dll
 0002:00000140       __imp_Sleep                000000014002e140     kernel32:KERNEL32.dll
 0002:00000148       __imp_VirtualAlloc         000000014002e148     kernel32:KERNEL32.dll
 0002:00000150       __imp_VirtualFree          000000014002e150     kernel32:KERNEL32.dll
 0002:00000158       __imp_FreeLibrary          000000014002e158     kernel32:KERNEL32.dll
 0002:00000160       __imp_GetModuleHandleA     000000014002e160     kernel32:KERNEL32.dll
 0002:00000168       __imp_GetProcAddress       000000014002e168     kernel32:KERNEL32.dll
 0002:00000170       __imp_LoadLibraryA         000000014002e170     kernel32:KERNEL32.dll
 0002:00000178       __imp_CopyFileA            000000014002e178     kernel32:KERNEL32.dll
 0002:00000180       __imp_GetCommandLineA      000000014002e180     kernel32:KERNEL32.dll
 0002:00000188       __imp_IsDebuggerPresent    000000014002e188     kernel32:KERNEL32.dll
 0002:00000190       __imp_IsProcessorFeaturePresent 000000014002e190     kernel32:KERNEL32.dll
 0002:00000198       __imp_EncodePointer        000000014002e198     kernel32:KERNEL32.dll
 0002:000001a0       __imp_GetLastError         000000014002e1a0     kernel32:KERNEL32.dll
 0002:000001a8       __imp_SetLastError         000000014002e1a8     kernel32:KERNEL32.dll
 0002:000001b0       __imp_GetCurrentThreadId   000000014002e1b0     kernel32:KERNEL32.dll
 0002:000001b8       __imp_DecodePointer        000000014002e1b8     kernel32:KERNEL32.dll
 0002:000001c0       __imp_ExitProcess          000000014002e1c0     kernel32:KERNEL32.dll
 0002:000001c8       __imp_GetModuleHandleExW   000000014002e1c8     kernel32:KERNEL32.dll
 0002:000001d0       __imp_WideCharToMultiByte  000000014002e1d0     kernel32:KERNEL32.dll
 0002:000001d8       __imp_GetProcessHeap       000000014002e1d8     kernel32:KERNEL32.dll
 0002:000001e0       __imp_GetStdHandle         000000014002e1e0     kernel32:KERNEL32.dll
 0002:000001e8       __imp_GetFileType          000000014002e1e8     kernel32:KERNEL32.dll
 0002:000001f0       __imp_DeleteCriticalSection 000000014002e1f0     kernel32:KERNEL32.dll
 0002:000001f8       __imp_GetStartupInfoW      000000014002e1f8     kernel32:KERNEL32.dll
 0002:00000200       __imp_GetModuleFileNameA   000000014002e200     kernel32:KERNEL32.dll
 0002:00000208       __imp_WriteFile            000000014002e208     kernel32:KERNEL32.dll
 0002:00000210       __imp_GetModuleFileNameW   000000014002e210     kernel32:KERNEL32.dll
 0002:00000218       __imp_HeapSize             000000014002e218     kernel32:KERNEL32.dll
 0002:00000220       __imp_HeapValidate         000000014002e220     kernel32:KERNEL32.dll
 0002:00000228       __imp_GetSystemInfo        000000014002e228     kernel32:KERNEL32.dll
 0002:00000230       __imp_GetCurrentProcessId  000000014002e230     kernel32:KERNEL32.dll
 0002:00000238       __imp_GetSystemTimeAsFileTime 000000014002e238     kernel32:KERNEL32.dll
 0002:00000240       __imp_GetEnvironmentStringsW 000000014002e240     kernel32:KERNEL32.dll
 0002:00000248       __imp_FreeEnvironmentStringsW 000000014002e248     kernel32:KERNEL32.dll
 0002:00000250       __imp_RtlCaptureContext    000000014002e250     kernel32:KERNEL32.dll
 0002:00000258       __imp_RtlLookupFunctionEntry 000000014002e258     kernel32:KERNEL32.dll
 0002:00000260       __imp_RtlVirtualUnwind     000000014002e260     kernel32:KERNEL32.dll
 0002:00000268       __imp_UnhandledExceptionFilter 000000014002e268     kernel32:KERNEL32.dll
 0002:00000270       __imp_SetUnhandledExceptionFilter 000000014002e270     kernel32:KERNEL32.dll
 0002:00000278       __imp_InitializeCriticalSectionAndSpinCount 000000014002e278     kernel32:KERNEL32.dll
 0002:00000280       __imp_GetCurrentProcess    000000014002e280     kernel32:KERNEL32.dll
 0002:00000288       __imp_TerminateProcess     000000014002e288     kernel32:KERNEL32.dll
 0002:00000290       __imp_TlsAlloc             000000014002e290     kernel32:KERNEL32.dll
 0002:00000298       __imp_TlsGetValue          000000014002e298     kernel32:KERNEL32.dll
 0002:000002a0       __imp_TlsSetValue          000000014002e2a0     kernel32:KERNEL32.dll
 0002:000002a8       __imp_TlsFree              000000014002e2a8     kernel32:KERNEL32.dll
 0002:000002b0       __imp_GetModuleHandleW     000000014002e2b0     kernel32:KERNEL32.dll
 0002:000002b8       __imp_RtlUnwindEx          000000014002e2b8     kernel32:KERNEL32.dll
 0002:000002c0       \177KERNEL32_NULL_THUNK_DATA 000000014002e2c0     kernel32:KERNEL32.dll
 0002:000002c8       __imp_glViewport           000000014002e2c8     opengl32:OPENGL32.dll
 0002:000002d0       __imp_glTexParameteri      000000014002e2d0     opengl32:OPENGL32.dll
 0002:000002d8       __imp_glTexParameterf      000000014002e2d8     opengl32:OPENGL32.dll
 0002:000002e0       __imp_glTexImage2D         000000014002e2e0     opengl32:OPENGL32.dll
 0002:000002e8       __imp_glStencilFunc        000000014002e2e8     opengl32:OPENGL32.dll
 0002:000002f0       __imp_glReadBuffer         000000014002e2f0     opengl32:OPENGL32.dll
 0002:000002f8       __imp_glGetString          000000014002e2f8     opengl32:OPENGL32.dll
 0002:00000300       __imp_glGenTextures        000000014002e300     opengl32:OPENGL32.dll
 0002:00000308       __imp_glEnable             000000014002e308     opengl32:OPENGL32.dll
 0002:00000310       __imp_glDrawBuffer         000000014002e310     opengl32:OPENGL32.dll
 0002:00000318       __imp_glDrawArrays         000000014002e318     opengl32:OPENGL32.dll
 0002:00000320       __imp_glDisable            000000014002e320     opengl32:OPENGL32.dll
 0002:00000328       __imp_glDepthMask          000000014002e328     opengl32:OPENGL32.dll
 0002:00000330       __imp_glDepthFunc          000000014002e330     opengl32:OPENGL32.dll
 0002:00000338       __imp_glCullFace           000000014002e338     opengl32:OPENGL32.dll
 0002:00000340       __imp_glClear              000000014002e340     opengl32:OPENGL32.dll
 0002:00000348       __imp_glBlendFunc          000000014002e348     opengl32:OPENGL32.dll
 0002:00000350       __imp_glBindTexture        000000014002e350     opengl32:OPENGL32.dll
 0002:00000358       __imp_wglMakeCurrent       000000014002e358     opengl32:OPENGL32.dll
 0002:00000360       __imp_wglGetProcAddress    000000014002e360     opengl32:OPENGL32.dll
 0002:00000368       __imp_wglDeleteContext     000000014002e368     opengl32:OPENGL32.dll
 0002:00000370       __imp_wglCreateContext     000000014002e370     opengl32:OPENGL32.dll
 0002:00000378       \177OPENGL32_NULL_THUNK_DATA 000000014002e378     opengl32:OPENGL32.dll
 0002:00000380       __imp_LoadCursorA          000000014002e380     user32:USER32.dll
 0002:00000388       __imp_GetCursorPos         000000014002e388     user32:USER32.dll
 0002:00000390       __imp_GetClientRect        000000014002e390     user32:USER32.dll
 0002:00000398       __imp_ReleaseDC            000000014002e398     user32:USER32.dll
 0002:000003a0       __imp_GetDC                000000014002e3a0     user32:USER32.dll
 0002:000003a8       __imp_DestroyWindow        000000014002e3a8     user32:USER32.dll
 0002:000003b0       __imp_CreateWindowExA      000000014002e3b0     user32:USER32.dll
 0002:000003b8       __imp_RegisterClassA       000000014002e3b8     user32:USER32.dll
 0002:000003c0       __imp_DefWindowProcA       000000014002e3c0     user32:USER32.dll
 0002:000003c8       __imp_PeekMessageA         000000014002e3c8     user32:USER32.dll
 0002:000003d0       __imp_DispatchMessageA     000000014002e3d0     user32:USER32.dll
 0002:000003d8       __imp_TranslateMessage     000000014002e3d8     user32:USER32.dll
 0002:000003e0       \177USER32_NULL_THUNK_DATA 000000014002e3e0     user32:USER32.dll
 0002:000003e8       __xc_a                     000000014002e3e8     LIBCMTD:crt0init.obj
 0002:000003f0       __xc_z                     000000014002e3f0     LIBCMTD:crt0init.obj
 0002:000003f8       __xi_a                     000000014002e3f8     LIBCMTD:crt0init.obj
 0002:00000428       __xi_z                     000000014002e428     LIBCMTD:crt0init.obj
 0002:00000430       __xp_a                     000000014002e430     LIBCMTD:crt0init.obj
 0002:00000450       __xp_z                     000000014002e450     LIBCMTD:crt0init.obj
 0002:00000458       __xt_a                     000000014002e458     LIBCMTD:crt0init.obj
 0002:00000460       __xt_z                     000000014002e460     LIBCMTD:crt0init.obj
 0002:00002398       ??_C@_0BC@CEJOOBCO@Invalid?5Code?5Path?$AA@ 0000000140030398     win32_coco.obj
 0002:000023b0       ??_C@_0M@ICLCLFN@coco?4assets?$AA@ 00000001400303b0     win32_coco.obj
 0002:000023c0       ??_C@_08IPFDGACD@GameInit?$AA@ 00000001400303c0     win32_coco.obj
 0002:000023d0       ??_C@_0BE@GDAMMNDF@GameUpdateAndRender?$AA@ 00000001400303d0     win32_coco.obj
 0002:000023e4       __real@00000000            00000001400303e4     win32_coco.obj
 0002:000023e8       __real@3c888889            00000001400303e8     win32_coco.obj
 0002:000023ec       __real@3f000000            00000001400303ec     win32_coco.obj
 0002:000023f0       __real@3f800000            00000001400303f0     win32_coco.obj
 0002:000023f4       __real@40000000            00000001400303f4     win32_coco.obj
 0002:000023f8       __real@40800000            00000001400303f8     win32_coco.obj
 0002:000023fc       __real@43800000            00000001400303fc     win32_coco.obj
 0002:00002400       __real@46180000            0000000140030400     win32_coco.obj
 0002:00002404       __real@bf000000            0000000140030404     win32_coco.obj
 0002:00002410       __xmm@80000000800000008000000080000000 0000000140030410     win32_coco.obj
 0002:00002420       ??_C@_05KGFAIMPG@sqrtf?$AA@ 0000000140030420     LIBCMTD:sqrtf.obj
 0002:00002428       _FPinit                    0000000140030428     LIBCMTD:fpinit.obj
 0002:00002440       ??_C@_1BI@ICGGMGLK@?$AAb?$AAu?$AAf?$AA?5?$AA?$CB?$AA?$DN?$AA?5?$AAN?$AAU?$AAL?$AAL?$AA?$AA@ 0000000140030440     LIBCMTD:cvt.obj
 0002:00002458       ??_C@_15GANGMFKL@?$AA?$CF?$AAs?$AA?$AA@ 0000000140030458     LIBCMTD:cvt.obj
 0002:00002460       ??_C@_1EG@OHONNKNN@?$AAf?$AA?3?$AA?2?$AAd?$AAd?$AA?2?$AAv?$AAc?$AAt?$AAo?$AAo?$AAl?$AAs?$AA?2?$AAc?$AAr?$AAt?$AA?2?$AAf?$AAp?$AAw?$AA3?$AA2?$AA?2?$AAc?$AAo?$AAn?$AAv?$AA?2?$AAc?$AAv?$AAt@ 0000000140030460     LIBCMTD:cvt.obj
 0002:000024a8       ??_C@_1BE@OLBNEILL@?$AA_?$AAc?$AAf?$AAt?$AAo?$AAe?$AA2?$AA_?$AAl?$AA?$AA@ 00000001400304a8     LIBCMTD:cvt.obj
 0002:000024c0       ??_C@_1CA@CBMNPEO@?$AAs?$AAi?$AAz?$AAe?$AAI?$AAn?$AAB?$AAy?$AAt?$AAe?$AAs?$AA?5?$AA?$DO?$AA?5?$AA0?$AA?$AA@ 00000001400304c0     LIBCMTD:cvt.obj
 0002:000024e0       ??_C@_1HE@NACBNDPP@?$AAs?$AAi?$AAz?$AAe?$AAI?$AAn?$AAB?$AAy?$AAt?$AAe?$AAs?$AA?5?$AA?$DO?$AA?5?$AA?$CI?$AAs?$AAi?$AAz?$AAe?$AA_?$AAt?$AA?$CJ?$AA?$CI?$AA3?$AA?5?$AA?$CL?$AA?5?$AA?$CI?$AAn?$AAd?$AAe?$AAc@ 00000001400304e0     LIBCMTD:cvt.obj
 0002:00002560       ??_C@_1LE@EOIFGNCJ@?$AAs?$AAt?$AAr?$AAc?$AAp?$AAy?$AA_?$AAs?$AA?$CI?$AAp?$AA?0?$AA?5?$AA?$CI?$AAs?$AAi?$AAz?$AAe?$AAI?$AAn?$AAB?$AAy?$AAt?$AAe?$AAs?$AA?5?$AA?$DN?$AA?$DN?$AA?5?$AA?$CI?$AAs?$AAi?$AAz@ 0000000140030560     LIBCMTD:cvt.obj
 0002:00002614       ??_C@_05KLBDPFGC@e?$CL000?$AA@ 0000000140030614     LIBCMTD:cvt.obj
 0002:00002620       ??_C@_1BC@INKAPMHI@?$AA_?$AAc?$AAf?$AAt?$AAo?$AAe?$AA_?$AAl?$AA?$AA@ 0000000140030620     LIBCMTD:cvt.obj
 0002:00002638       ??_C@_1BC@JOKPCIC@?$AA_?$AAc?$AAf?$AAt?$AAo?$AAa?$AA_?$AAl?$AA?$AA@ 0000000140030638     LIBCMTD:cvt.obj
 0002:00002650       ??_C@_1FC@IKIMAMJB@?$AAs?$AAi?$AAz?$AAe?$AAI?$AAn?$AAB?$AAy?$AAt?$AAe?$AAs?$AA?5?$AA?$DO?$AA?5?$AA?$CI?$AAs?$AAi?$AAz?$AAe?$AA_?$AAt?$AA?$CJ?$AA?$CI?$AA1?$AA?5?$AA?$CL?$AA?5?$AA4?$AA?5?$AA?$CL?$AA?5?$AAn@ 0000000140030650     LIBCMTD:cvt.obj
 0002:000026a8       ??_C@_1BE@CKPDLI@?$AA_?$AAc?$AAf?$AAt?$AAo?$AAf?$AA2?$AA_?$AAl?$AA?$AA@ 00000001400306a8     LIBCMTD:cvt.obj
 0002:000026c0       ??_C@_1BC@DCPPLJL@?$AA_?$AAc?$AAf?$AAt?$AAo?$AAf?$AA_?$AAl?$AA?$AA@ 00000001400306c0     LIBCMTD:cvt.obj
 0002:000026d8       ??_C@_1BC@MPIFPLAF@?$AA_?$AAc?$AAf?$AAt?$AAo?$AAg?$AA_?$AAl?$AA?$AA@ 00000001400306d8     LIBCMTD:cvt.obj
 0002:000026f0       __real@0000000000000000    00000001400306f0     LIBCMTD:cvt.obj
 0002:00002700       _XcptActTab                0000000140030700     LIBCMTD:winxfltr.obj
 0002:000027c0       _XcptActTabCount           00000001400307c0     LIBCMTD:winxfltr.obj
 0002:000027c4       _XcptActTabSize            00000001400307c4     LIBCMTD:winxfltr.obj
 0002:000027c8       _First_FPE_Indx            00000001400307c8     LIBCMTD:winxfltr.obj
 0002:000027cc       _Num_FPE                   00000001400307cc     LIBCMTD:winxfltr.obj
 0002:000027d0       ??_C@_0CM@KPPOKOAI@f?3?2dd?2vctools?2crt?2crtw32?2startup@ 00000001400307d0     LIBCMTD:tidtable.obj
 0002:00002800       ??_C@_1BI@BGOHAHKC@?$AAm?$AAs?$AAc?$AAo?$AAr?$AAe?$AAe?$AA?4?$AAd?$AAl?$AAl?$AA?$AA@ 0000000140030800     LIBCMTD:crt0dat.obj
 0002:00002818       ??_C@_0P@MIGLKIOC@CorExitProcess?$AA@ 0000000140030818     LIBCMTD:crt0dat.obj
 0002:00002828       ??_C@_0CI@BIOGDJKL@f?3?2dd?2vctools?2crt?2crtw32?2lowio?2i@ 0000000140030828     LIBCMTD:ioinit.obj
 0002:00002850       ??_C@_0CL@OBKFGCKK@f?3?2dd?2vctools?2crt?2crtw32?2startup@ 0000000140030850     LIBCMTD:stdargv.obj
 0002:00002880       ??_C@_0CL@BJBFGFLH@f?3?2dd?2vctools?2crt?2crtw32?2startup@ 0000000140030880     LIBCMTD:stdenvp.obj
 0002:000028b0       ??_C@_1FG@MHBLOJIO@?$AAf?$AA?3?$AA?2?$AAd?$AAd?$AA?2?$AAv?$AAc?$AAt?$AAo?$AAo?$AAl?$AAs?$AA?2?$AAc?$AAr?$AAt?$AA?2?$AAc?$AAr?$AAt?$AAw?$AA3?$AA2?$AA?2?$AAs?$AAt?$AAa?$AAr?$AAt?$AAu?$AAp@ 00000001400308b0     LIBCMTD:stdenvp.obj
 0002:00002908       ??_C@_1BC@GHMCNHHL@?$AA_?$AAs?$AAe?$AAt?$AAe?$AAn?$AAv?$AAp?$AA?$AA@ 0000000140030908     LIBCMTD:stdenvp.obj
 0002:00002920       ??_C@_1DE@MMOGFGHF@?$AAs?$AAt?$AAr?$AAc?$AAp?$AAy?$AA_?$AAs?$AA?$CI?$AA?$CK?$AAe?$AAn?$AAv?$AA?0?$AA?5?$AAc?$AAc?$AAh?$AAa?$AAr?$AAs?$AA?0?$AA?5?$AAp?$AA?$CJ?$AA?$AA@ 0000000140030920     LIBCMTD:stdenvp.obj
 0002:00002ad0       ??_C@_1FK@PGACCAFB@?$AAR?$AA6?$AA0?$AA0?$AA2?$AA?$AN?$AA?6?$AA?9?$AA?5?$AAf?$AAl?$AAo?$AAa?$AAt?$AAi?$AAn?$AAg?$AA?5?$AAp?$AAo?$AAi?$AAn?$AAt?$AA?5?$AAs?$AAu?$AAp?$AAp?$AAo?$AAr?$AAt?$AA?5@ 0000000140030ad0     LIBCMTD:crt0msg.obj
 0002:00002b30       ??_C@_1FE@LLNEDJMD@?$AAR?$AA6?$AA0?$AA0?$AA8?$AA?$AN?$AA?6?$AA?9?$AA?5?$AAn?$AAo?$AAt?$AA?5?$AAe?$AAn?$AAo?$AAu?$AAg?$AAh?$AA?5?$AAs?$AAp?$AAa?$AAc?$AAe?$AA?5?$AAf?$AAo?$AAr?$AA?5?$AAa?$AAr@ 0000000140030b30     LIBCMTD:crt0msg.obj
 0002:00002b90       ??_C@_1FI@HONFMGBI@?$AAR?$AA6?$AA0?$AA0?$AA9?$AA?$AN?$AA?6?$AA?9?$AA?5?$AAn?$AAo?$AAt?$AA?5?$AAe?$AAn?$AAo?$AAu?$AAg?$AAh?$AA?5?$AAs?$AAp?$AAa?$AAc?$AAe?$AA?5?$AAf?$AAo?$AAr?$AA?5?$AAe?$AAn@ 0000000140030b90     LIBCMTD:crt0msg.obj
 0002:00002bf0       ??_C@_1EG@BEHAGFJD@?$AAR?$AA6?$AA0?$AA1?$AA0?$AA?$AN?$AA?6?$AA?9?$AA?5?$AAa?$AAb?$AAo?$AAr?$AAt?$AA?$CI?$AA?$CJ?$AA?5?$AAh?$AAa?$AAs?$AA?5?$AAb?$AAe?$AAe?$AAn?$AA?5?$AAc?$AAa?$AAl?$AAl?$AAe?$AAd@ 0000000140030bf0     LIBCMTD:crt0msg.obj
 0002:00002c40       ??_C@_1FI@LOGNIKDM@?$AAR?$AA6?$AA0?$AA1?$AA6?$AA?$AN?$AA?6?$AA?9?$AA?5?$AAn?$AAo?$AAt?$AA?5?$AAe?$AAn?$AAo?$AAu?$AAg?$AAh?$AA?5?$AAs?$AAp?$AAa?$AAc?$AAe?$AA?5?$AAf?$AAo?$AAr?$AA?5?$AAt?$AAh@ 0000000140030c40     LIBCMTD:crt0msg.obj
 0002:00002ca0       ??_C@_1FK@BEOGODMC@?$AAR?$AA6?$AA0?$AA1?$AA7?$AA?$AN?$AA?6?$AA?9?$AA?5?$AAu?$AAn?$AAe?$AAx?$AAp?$AAe?$AAc?$AAt?$AAe?$AAd?$AA?5?$AAm?$AAu?$AAl?$AAt?$AAi?$AAt?$AAh?$AAr?$AAe?$AAa?$AAd?$AA?5@ 0000000140030ca0     LIBCMTD:crt0msg.obj
 0002:00002d00       ??_C@_1EC@JIBHAOPH@?$AAR?$AA6?$AA0?$AA1?$AA8?$AA?$AN?$AA?6?$AA?9?$AA?5?$AAu?$AAn?$AAe?$AAx?$AAp?$AAe?$AAc?$AAt?$AAe?$AAd?$AA?5?$AAh?$AAe?$AAa?$AAp?$AA?5?$AAe?$AAr?$AAr?$AAo?$AAr?$AA?$AN?$AA?6@ 0000000140030d00     LIBCMTD:crt0msg.obj
 0002:00002d50       ??_C@_1FC@ECHBIFBC@?$AAR?$AA6?$AA0?$AA1?$AA9?$AA?$AN?$AA?6?$AA?9?$AA?5?$AAu?$AAn?$AAa?$AAb?$AAl?$AAe?$AA?5?$AAt?$AAo?$AA?5?$AAo?$AAp?$AAe?$AAn?$AA?5?$AAc?$AAo?$AAn?$AAs?$AAo?$AAl?$AAe?$AA?5@ 0000000140030d50     LIBCMTD:crt0msg.obj
 0002:00002db0       ??_C@_1GK@FHCKBEFA@?$AAR?$AA6?$AA0?$AA2?$AA4?$AA?$AN?$AA?6?$AA?9?$AA?5?$AAn?$AAo?$AAt?$AA?5?$AAe?$AAn?$AAo?$AAu?$AAg?$AAh?$AA?5?$AAs?$AAp?$AAa?$AAc?$AAe?$AA?5?$AAf?$AAo?$AAr?$AA?5?$AA_?$AAo@ 0000000140030db0     LIBCMTD:crt0msg.obj
 0002:00002e20       ??_C@_1EM@MAADIHMB@?$AAR?$AA6?$AA0?$AA2?$AA5?$AA?$AN?$AA?6?$AA?9?$AA?5?$AAp?$AAu?$AAr?$AAe?$AA?5?$AAv?$AAi?$AAr?$AAt?$AAu?$AAa?$AAl?$AA?5?$AAf?$AAu?$AAn?$AAc?$AAt?$AAi?$AAo?$AAn?$AA?5?$AAc@ 0000000140030e20     LIBCMTD:crt0msg.obj
 0002:00002e70       ??_C@_1GK@MCAAGJMO@?$AAR?$AA6?$AA0?$AA2?$AA6?$AA?$AN?$AA?6?$AA?9?$AA?5?$AAn?$AAo?$AAt?$AA?5?$AAe?$AAn?$AAo?$AAu?$AAg?$AAh?$AA?5?$AAs?$AAp?$AAa?$AAc?$AAe?$AA?5?$AAf?$AAo?$AAr?$AA?5?$AAs?$AAt@ 0000000140030e70     LIBCMTD:crt0msg.obj
 0002:00002ee0       ??_C@_1GK@MFGOKLAG@?$AAR?$AA6?$AA0?$AA2?$AA7?$AA?$AN?$AA?6?$AA?9?$AA?5?$AAn?$AAo?$AAt?$AA?5?$AAe?$AAn?$AAo?$AAu?$AAg?$AAh?$AA?5?$AAs?$AAp?$AAa?$AAc?$AAe?$AA?5?$AAf?$AAo?$AAr?$AA?5?$AAl?$AAo@ 0000000140030ee0     LIBCMTD:crt0msg.obj
 0002:00002f50       ??_C@_1EK@HHFLMAOL@?$AAR?$AA6?$AA0?$AA2?$AA8?$AA?$AN?$AA?6?$AA?9?$AA?5?$AAu?$AAn?$AAa?$AAb?$AAl?$AAe?$AA?5?$AAt?$AAo?$AA?5?$AAi?$AAn?$AAi?$AAt?$AAi?$AAa?$AAl?$AAi?$AAz?$AAe?$AA?5?$AAh?$AAe@ 0000000140030f50     LIBCMTD:crt0msg.obj
 0002:00002fa0       ??_C@_1DO@BMFCDCD@?$AAR?$AA6?$AA0?$AA3?$AA0?$AA?$AN?$AA?6?$AA?9?$AA?5?$AAC?$AAR?$AAT?$AA?5?$AAn?$AAo?$AAt?$AA?5?$AAi?$AAn?$AAi?$AAt?$AAi?$AAa?$AAl?$AAi?$AAz?$AAe?$AAd?$AA?$AN?$AA?6?$AA?$AA@ 0000000140030fa0     LIBCMTD:crt0msg.obj
 0002:00002fe0       ??_C@_1MG@ENCOOIDF@?$AAR?$AA6?$AA0?$AA3?$AA1?$AA?$AN?$AA?6?$AA?9?$AA?5?$AAA?$AAt?$AAt?$AAe?$AAm?$AAp?$AAt?$AA?5?$AAt?$AAo?$AA?5?$AAi?$AAn?$AAi?$AAt?$AAi?$AAa?$AAl?$AAi?$AAz?$AAe?$AA?5?$AAt@ 0000000140030fe0     LIBCMTD:crt0msg.obj
 0002:000030b0       ??_C@_1GG@GOPILAJP@?$AAR?$AA6?$AA0?$AA3?$AA2?$AA?$AN?$AA?6?$AA?9?$AA?5?$AAn?$AAo?$AAt?$AA?5?$AAe?$AAn?$AAo?$AAu?$AAg?$AAh?$AA?5?$AAs?$AAp?$AAa?$AAc?$AAe?$AA?5?$AAf?$AAo?$AAr?$AA?5?$AAl?$AAo@ 00000001400310b0     LIBCMTD:crt0msg.obj
 0002:00003120       ??_C@_1BOO@KGEDBGAJ@?$AAR?$AA6?$AA0?$AA3?$AA3?$AA?$AN?$AA?6?$AA?9?$AA?5?$AAA?$AAt?$AAt?$AAe?$AAm?$AAp?$AAt?$AA?5?$AAt?$AAo?$AA?5?$AAu?$AAs?$AAe?$AA?5?$AAM?$AAS?$AAI?$AAL?$AA?5?$AAc?$AAo?$AAd@ 0000000140031120     LIBCMTD:crt0msg.obj
 0002:00003310       ??_C@_1GG@MKFPEKFO@?$AAR?$AA6?$AA0?$AA3?$AA4?$AA?$AN?$AA?6?$AA?9?$AA?5?$AAi?$AAn?$AAc?$AAo?$AAn?$AAs?$AAi?$AAs?$AAt?$AAe?$AAn?$AAt?$AA?5?$AAo?$AAn?$AAe?$AAx?$AAi?$AAt?$AA?5?$AAb?$AAe?$AAg@ 0000000140031310     LIBCMTD:crt0msg.obj
 0002:00003378       ??_C@_1BO@BFCDCGC@?$AAD?$AAO?$AAM?$AAA?$AAI?$AAN?$AA?5?$AAe?$AAr?$AAr?$AAo?$AAr?$AA?$AN?$AA?6?$AA?$AA@ 0000000140031378     LIBCMTD:crt0msg.obj
 0002:00003398       ??_C@_1BK@KMOMNAAI@?$AAS?$AAI?$AAN?$AAG?$AA?5?$AAe?$AAr?$AAr?$AAo?$AAr?$AA?$AN?$AA?6?$AA?$AA@ 0000000140031398     LIBCMTD:crt0msg.obj
 0002:000033b8       ??_C@_1BM@JBBEPPHI@?$AAT?$AAL?$AAO?$AAS?$AAS?$AA?5?$AAe?$AAr?$AAr?$AAo?$AAr?$AA?$AN?$AA?6?$AA?$AA@ 00000001400313b8     LIBCMTD:crt0msg.obj
 0002:000033d4       ??_C@_15JNBOKNOG@?$AA?$AN?$AA?6?$AA?$AA@ 00000001400313d4     LIBCMTD:crt0msg.obj
 0002:000033e0       ??_C@_1BO@BKOMIGKJ@?$AAr?$AAu?$AAn?$AAt?$AAi?$AAm?$AAe?$AA?5?$AAe?$AAr?$AAr?$AAo?$AAr?$AA?5?$AA?$AA@ 00000001400313e0     LIBCMTD:crt0msg.obj
 0002:00003400       ??_C@_1FG@ILOHEEMG@?$AAf?$AA?3?$AA?2?$AAd?$AAd?$AA?2?$AAv?$AAc?$AAt?$AAo?$AAo?$AAl?$AAs?$AA?2?$AAc?$AAr?$AAt?$AA?2?$AAc?$AAr?$AAt?$AAw?$AA3?$AA2?$AA?2?$AAs?$AAt?$AAa?$AAr?$AAt?$AAu?$AAp@ 0000000140031400     LIBCMTD:crt0msg.obj
 0002:00003458       ??_C@_1BI@EAHMBMEC@?$AA_?$AAN?$AAM?$AAS?$AAG?$AA_?$AAW?$AAR?$AAI?$AAT?$AAE?$AA?$AA@ 0000000140031458     LIBCMTD:crt0msg.obj
 0002:00003470       ??_C@_1KO@BKLCKNFL@?$AAw?$AAc?$AAs?$AAc?$AAp?$AAy?$AA_?$AAs?$AA?$CI?$AAo?$AAu?$AAt?$AAm?$AAs?$AAg?$AA?0?$AA?5?$AA?$CI?$AAs?$AAi?$AAz?$AAe?$AAo?$AAf?$AA?$CI?$AAo?$AAu?$AAt?$AAm?$AAs?$AAg?$AA?$CJ@ 0000000140031470     LIBCMTD:crt0msg.obj
 0002:00003520       ??_C@_1DE@JNGNBFGO@?$AAR?$AAu?$AAn?$AAt?$AAi?$AAm?$AAe?$AA?5?$AAE?$AAr?$AAr?$AAo?$AAr?$AA?$CB?$AA?6?$AA?6?$AAP?$AAr?$AAo?$AAg?$AAr?$AAa?$AAm?$AA?3?$AA?5?$AA?$AA@ 0000000140031520     LIBCMTD:crt0msg.obj
 0002:00003560       ??_C@_1HK@FJJNAABO@?$AAw?$AAc?$AAs?$AAc?$AAp?$AAy?$AA_?$AAs?$AA?$CI?$AAp?$AAr?$AAo?$AAg?$AAn?$AAa?$AAm?$AAe?$AA?0?$AA?5?$AAp?$AAr?$AAo?$AAg?$AAn?$AAa?$AAm?$AAe?$AA_?$AAs?$AAi?$AAz?$AAe@ 0000000140031560     LIBCMTD:crt0msg.obj
 0002:000035e0       ??_C@_1CO@EAEJAADC@?$AA?$DM?$AAp?$AAr?$AAo?$AAg?$AAr?$AAa?$AAm?$AA?5?$AAn?$AAa?$AAm?$AAe?$AA?5?$AAu?$AAn?$AAk?$AAn?$AAo?$AAw?$AAn?$AA?$DO?$AA?$AA@ 00000001400315e0     LIBCMTD:crt0msg.obj
 0002:00003610       ??_C@_1HI@FLHKGEBE@?$AAw?$AAc?$AAs?$AAn?$AAc?$AAp?$AAy?$AA_?$AAs?$AA?$CI?$AAp?$AAc?$AAh?$AA?0?$AA?5?$AAp?$AAr?$AAo?$AAg?$AAn?$AAa?$AAm?$AAe?$AA_?$AAs?$AAi?$AAz?$AAe?$AA?5?$AA?9?$AA?5?$AA?$CI@ 0000000140031610     LIBCMTD:crt0msg.obj
 0002:00003688       ??_C@_17LGKOMLJ@?$AA?4?$AA?4?$AA?4?$AA?$AA@ 0000000140031688     LIBCMTD:crt0msg.obj
 0002:00003690       ??_C@_1IA@DCJGKHFO@?$AAw?$AAc?$AAs?$AAc?$AAa?$AAt?$AA_?$AAs?$AA?$CI?$AAo?$AAu?$AAt?$AAm?$AAs?$AAg?$AA?0?$AA?5?$AA?$CI?$AAs?$AAi?$AAz?$AAe?$AAo?$AAf?$AA?$CI?$AAo?$AAu?$AAt?$AAm?$AAs?$AAg?$AA?$CJ@ 0000000140031690     LIBCMTD:crt0msg.obj
 0002:00003710       ??_C@_15IABLJNFO@?$AA?6?$AA?6?$AA?$AA@ 0000000140031710     LIBCMTD:crt0msg.obj
 0002:00003720       ??_C@_1IG@NMONDPP@?$AAw?$AAc?$AAs?$AAc?$AAa?$AAt?$AA_?$AAs?$AA?$CI?$AAo?$AAu?$AAt?$AAm?$AAs?$AAg?$AA?0?$AA?5?$AA?$CI?$AAs?$AAi?$AAz?$AAe?$AAo?$AAf?$AA?$CI?$AAo?$AAu?$AAt?$AAm?$AAs?$AAg?$AA?$CJ@ 0000000140031720     LIBCMTD:crt0msg.obj
 0002:000037b0       ??_C@_1EK@MBDPDCGA@?$AAM?$AAi?$AAc?$AAr?$AAo?$AAs?$AAo?$AAf?$AAt?$AA?5?$AAV?$AAi?$AAs?$AAu?$AAa?$AAl?$AA?5?$AAC?$AA?$CL?$AA?$CL?$AA?5?$AAR?$AAu?$AAn?$AAt?$AAi?$AAm?$AAe?$AA?5?$AAL?$AAi?$AAb@ 00000001400317b0     LIBCMTD:crt0msg.obj
 0002:00003800       ??_C@_1DE@BCNCAIK@?$AA?$CI?$AA?$CC?$AAI?$AAn?$AAv?$AAa?$AAl?$AAi?$AAd?$AA?5?$AAe?$AAr?$AAr?$AAo?$AAr?$AA_?$AAm?$AAo?$AAd?$AAe?$AA?$CC?$AA?0?$AA?5?$AA0?$AA?$CJ?$AA?$AA@ 0000000140031800     LIBCMTD:errmode.obj
 0002:00003840       ??_C@_1FA@PBBGNIFD@?$AAf?$AA?3?$AA?2?$AAd?$AAd?$AA?2?$AAv?$AAc?$AAt?$AAo?$AAo?$AAl?$AAs?$AA?2?$AAc?$AAr?$AAt?$AA?2?$AAc?$AAr?$AAt?$AAw?$AA3?$AA2?$AA?2?$AAm?$AAi?$AAs?$AAc?$AA?2?$AAe?$AAr@ 0000000140031840     LIBCMTD:errmode.obj
 0002:00003890       ??_C@_1CA@LFDHAMEM@?$AA_?$AAs?$AAe?$AAt?$AA_?$AAe?$AAr?$AAr?$AAo?$AAr?$AA_?$AAm?$AAo?$AAd?$AAe?$AA?$AA@ 0000000140031890     LIBCMTD:errmode.obj
 0002:000038d8       ??_C@_04HJMOFLDF@Free?$AA@ 00000001400318d8     LIBCMTD:dbgheap.obj
 0002:000038e0       ??_C@_06EFAGIKOH@Normal?$AA@ 00000001400318e0     LIBCMTD:dbgheap.obj
 0002:000038e8       ??_C@_03OGPFLFLO@CRT?$AA@  00000001400318e8     LIBCMTD:dbgheap.obj
 0002:000038ec       ??_C@_06KMEJCCGM@Ignore?$AA@ 00000001400318ec     LIBCMTD:dbgheap.obj
 0002:000038f4       ??_C@_06PJIGMIJB@Client?$AA@ 00000001400318f4     LIBCMTD:dbgheap.obj
 0002:00003900       ??_C@_1CE@LJFEPPMP@?$AA_?$AAC?$AAr?$AAt?$AAC?$AAh?$AAe?$AAc?$AAk?$AAM?$AAe?$AAm?$AAo?$AAr?$AAy?$AA?$CI?$AA?$CJ?$AA?$AA@ 0000000140031900     LIBCMTD:dbgheap.obj
 0002:00003930       ??_C@_1FA@JKEKCOIC@?$AAf?$AA?3?$AA?2?$AAd?$AAd?$AA?2?$AAv?$AAc?$AAt?$AAo?$AAo?$AAl?$AAs?$AA?2?$AAc?$AAr?$AAt?$AA?2?$AAc?$AAr?$AAt?$AAw?$AA3?$AA2?$AA?2?$AAm?$AAi?$AAs?$AAc?$AA?2?$AAd?$AAb@ 0000000140031930     LIBCMTD:dbgheap.obj
 0002:00003980       ??_C@_0DF@BBEGIFEK@Client?5hook?5allocation?5failure?5a@ 0000000140031980     LIBCMTD:dbgheap.obj
 0002:000039b8       ??_C@_0CB@CCLOLAHO@Client?5hook?5allocation?5failure?4?6@ 00000001400319b8     LIBCMTD:dbgheap.obj
 0002:000039dc       ??_C@_02DKCKIIND@?$CFs?$AA@ 00000001400319dc     LIBCMTD:dbgheap.obj
 0002:000039e0       ??_C@_0CF@BICKFLAF@Invalid?5allocation?5size?3?5?$CFIu?5byt@ 00000001400319e0     LIBCMTD:dbgheap.obj
 0002:00003a08       ??_C@_0DC@JEMAGEKG@Error?3?5memory?5allocation?3?5bad?5me@ 0000000140031a08     LIBCMTD:dbgheap.obj
 0002:00003a40       ??_C@_0DI@KKJPDPGM@Client?5hook?5re?9allocation?5failur@ 0000000140031a40     LIBCMTD:dbgheap.obj
 0002:00003a78       ??_C@_0CE@DOFMDOL@Client?5hook?5re?9allocation?5failur@ 0000000140031a78     LIBCMTD:dbgheap.obj
 0002:00003aa0       ??_C@_0ED@GPCPBAGP@Invalid?5allocation?5size?3?5?$CFIu?5byt@ 0000000140031aa0     LIBCMTD:dbgheap.obj
 0002:00003af0       ??_C@_0FA@EFEIGJKG@Error?3?5memory?5allocation?3?5bad?5me@ 0000000140031af0     LIBCMTD:dbgheap.obj
 0002:00003b40       ??_C@_0EM@LGFLMAGJ@The?5Block?5at?50x?$CFp?5was?5allocated?5@ 0000000140031b40     LIBCMTD:dbgheap.obj
 0002:00003b90       ??_C@_1EE@GFOPCECE@?$AA_?$AAC?$AAr?$AAt?$AAI?$AAs?$AAV?$AAa?$AAl?$AAi?$AAd?$AAH?$AAe?$AAa?$AAp?$AAP?$AAo?$AAi?$AAn?$AAt?$AAe?$AAr?$AA?$CI?$AAp?$AAU?$AAs?$AAe?$AAr?$AAD?$AAa?$AAt?$AAa@ 0000000140031b90     LIBCMTD:dbgheap.obj
 0002:00003be0       ??_C@_1IK@DCPKDGNH@?$AAp?$AAO?$AAl?$AAd?$AAB?$AAl?$AAo?$AAc?$AAk?$AA?9?$AA?$DO?$AAn?$AAL?$AAi?$AAn?$AAe?$AA?5?$AA?$DN?$AA?$DN?$AA?5?$AAI?$AAG?$AAN?$AAO?$AAR?$AAE?$AA_?$AAL?$AAI?$AAN?$AAE?$AA?5@ 0000000140031be0     LIBCMTD:dbgheap.obj
 0002:00003c70       ??_C@_0DA@HFBKENN@Error?3?5possible?5heap?5corruption?5@ 0000000140031c70     LIBCMTD:dbgheap.obj
 0002:00003ca0       ??_C@_1GE@PCKLOLAO@?$AAf?$AAR?$AAe?$AAa?$AAl?$AAl?$AAo?$AAc?$AA?5?$AA?$HM?$AA?$HM?$AA?5?$AA?$CI?$AA?$CB?$AAf?$AAR?$AAe?$AAa?$AAl?$AAl?$AAo?$AAc?$AA?5?$AA?$CG?$AA?$CG?$AA?5?$AAp?$AAN?$AAe?$AAw?$AAB?$AAl@ 0000000140031ca0     LIBCMTD:dbgheap.obj
 0002:00003d08       ??_C@_1DC@GEFKNOOL@?$AA_?$AAp?$AAL?$AAa?$AAs?$AAt?$AAB?$AAl?$AAo?$AAc?$AAk?$AA?5?$AA?$DN?$AA?$DN?$AA?5?$AAp?$AAO?$AAl?$AAd?$AAB?$AAl?$AAo?$AAc?$AAk?$AA?$AA@ 0000000140031d08     LIBCMTD:dbgheap.obj
 0002:00003d40       ??_C@_1DE@KOOKLFBB@?$AA_?$AAp?$AAF?$AAi?$AAr?$AAs?$AAt?$AAB?$AAl?$AAo?$AAc?$AAk?$AA?5?$AA?$DN?$AA?$DN?$AA?5?$AAp?$AAO?$AAl?$AAd?$AAB?$AAl?$AAo?$AAc?$AAk?$AA?$AA@ 0000000140031d40     LIBCMTD:dbgheap.obj
 0002:00003d78       ??_C@_1CE@CJACEFBA@?$AAp?$AAU?$AAs?$AAe?$AAr?$AAD?$AAa?$AAt?$AAa?$AA?5?$AA?$CB?$AA?$DN?$AA?5?$AAN?$AAU?$AAL?$AAL?$AA?$AA@ 0000000140031d78     LIBCMTD:dbgheap.obj
 0002:00003da0       ??_C@_0EJ@HEIBCIMJ@The?5Block?5at?50x?$CFp?5was?5allocated?5@ 0000000140031da0     LIBCMTD:dbgheap.obj
 0002:00003df0       ??_C@_0BL@KEIPLFAC@Client?5hook?5free?5failure?4?6?$AA@ 0000000140031df0     LIBCMTD:dbgheap.obj
 0002:00003e10       ??_C@_1EO@LHDAJOCM@?$AA_?$AAB?$AAL?$AAO?$AAC?$AAK?$AA_?$AAT?$AAY?$AAP?$AAE?$AA_?$AAI?$AAS?$AA_?$AAV?$AAA?$AAL?$AAI?$AAD?$AA?$CI?$AAp?$AAH?$AAe?$AAa?$AAd?$AA?9?$AA?$DO?$AAn?$AAB?$AAl?$AAo@ 0000000140031e10     LIBCMTD:dbgheap.obj
 0002:00003e60       ??_C@_0KI@JGFOHMEB@HEAP?5CORRUPTION?5DETECTED?3?5before@ 0000000140031e60     LIBCMTD:dbgheap.obj
 0002:00003f10       ??_C@_0IK@PJCGLBOB@HEAP?5CORRUPTION?5DETECTED?3?5before@ 0000000140031f10     LIBCMTD:dbgheap.obj
 0002:00003fa0       ??_C@_0KE@MBMNHHHN@HEAP?5CORRUPTION?5DETECTED?3?5after?5@ 0000000140031fa0     LIBCMTD:dbgheap.obj
 0002:00004050       ??_C@_0IG@LEMBDCJK@HEAP?5CORRUPTION?5DETECTED?3?5after?5@ 0000000140032050     LIBCMTD:dbgheap.obj
 0002:000040e0       ??_C@_1HK@HPCBMDFG@?$AAp?$AAH?$AAe?$AAa?$AAd?$AA?9?$AA?$DO?$AAn?$AAL?$AAi?$AAn?$AAe?$AA?5?$AA?$DN?$AA?$DN?$AA?5?$AAI?$AAG?$AAN?$AAO?$AAR?$AAE?$AA_?$AAL?$AAI?$AAN?$AAE?$AA?5?$AA?$CG?$AA?$CG?$AA?5?$AAp@ 00000001400320e0     LIBCMTD:dbgheap.obj
 0002:00004160       ??_C@_1DM@ODCJIDCP@?$AAp?$AAH?$AAe?$AAa?$AAd?$AA?9?$AA?$DO?$AAn?$AAB?$AAl?$AAo?$AAc?$AAk?$AAU?$AAs?$AAe?$AA?5?$AA?$DN?$AA?$DN?$AA?5?$AAn?$AAB?$AAl?$AAo?$AAc?$AAk?$AAU?$AAs?$AAe?$AA?$AA@ 0000000140032160     LIBCMTD:dbgheap.obj
 0002:000041a0       ??_C@_1CK@DMAGEMBG@?$AA_?$AAp?$AAL?$AAa?$AAs?$AAt?$AAB?$AAl?$AAo?$AAc?$AAk?$AA?5?$AA?$DN?$AA?$DN?$AA?5?$AAp?$AAH?$AAe?$AAa?$AAd?$AA?$AA@ 00000001400321a0     LIBCMTD:dbgheap.obj
 0002:000041d0       ??_C@_1CM@MMAADDMD@?$AA_?$AAp?$AAF?$AAi?$AAr?$AAs?$AAt?$AAB?$AAl?$AAo?$AAc?$AAk?$AA?5?$AA?$DN?$AA?$DN?$AA?5?$AAp?$AAH?$AAe?$AAa?$AAd?$AA?$AA@ 00000001400321d0     LIBCMTD:dbgheap.obj
 0002:00004200       ??_C@_1BG@MBKOGDLD@?$AA_?$AAm?$AAs?$AAi?$AAz?$AAe?$AA_?$AAd?$AAb?$AAg?$AA?$AA@ 0000000140032200     LIBCMTD:dbgheap.obj
 0002:00004218       ??_C@_0CE@MKKHMBMK@_heapchk?5fails?5with?5_HEAPBADBEGI@ 0000000140032218     LIBCMTD:dbgheap.obj
 0002:00004240       ??_C@_0CD@CPKEAPBD@_heapchk?5fails?5with?5_HEAPBADNODE@ 0000000140032240     LIBCMTD:dbgheap.obj
 0002:00004268       ??_C@_0CC@MJGLGBDG@_heapchk?5fails?5with?5_HEAPBADEND?4@ 0000000140032268     LIBCMTD:dbgheap.obj
 0002:00004290       ??_C@_0CC@MFFCHFHO@_heapchk?5fails?5with?5_HEAPBADPTR?4@ 0000000140032290     LIBCMTD:dbgheap.obj
 0002:000042b8       ??_C@_0CL@HNNNMKMJ@_heapchk?5fails?5with?5unknown?5retu@ 00000001400322b8     LIBCMTD:dbgheap.obj
 0002:000042e8       ??_C@_07OHKEFPKJ@DAMAGED?$AA@ 00000001400322e8     LIBCMTD:dbgheap.obj
 0002:000042f0       ??_C@_0KA@IHNJJKPL@HEAP?5CORRUPTION?5DETECTED?3?5on?5top@ 00000001400322f0     LIBCMTD:dbgheap.obj
 0002:00004390       ??_C@_0IC@BBJIOOJH@HEAP?5CORRUPTION?5DETECTED?3?5on?5top@ 0000000140032390     LIBCMTD:dbgheap.obj
 0002:00004420       ??_C@_0EG@DGJMPDBH@?$CFhs?5located?5at?50x?$CFp?5is?5?$CFIu?5bytes@ 0000000140032420     LIBCMTD:dbgheap.obj
 0002:00004468       ??_C@_0CI@JMLBEDHJ@?$CFhs?5located?5at?50x?$CFp?5is?5?$CFIu?5bytes@ 0000000140032468     LIBCMTD:dbgheap.obj
 0002:00004490       ??_C@_1BHO@NNANJNF@?$AA?$CI?$AAf?$AAN?$AAe?$AAw?$AAB?$AAi?$AAt?$AAs?$AA?$DN?$AA?$DN?$AA_?$AAC?$AAR?$AAT?$AAD?$AAB?$AAG?$AA_?$AAR?$AAE?$AAP?$AAO?$AAR?$AAT?$AA_?$AAF?$AAL?$AAA?$AAG?$AA?$CJ?$AA?5@ 0000000140032490     LIBCMTD:dbgheap.obj
 0002:00004610       ??_C@_1BO@GJFDNMNF@?$AA_?$AAC?$AAr?$AAt?$AAS?$AAe?$AAt?$AAD?$AAb?$AAg?$AAF?$AAl?$AAa?$AAg?$AA?$AA@ 0000000140032610     LIBCMTD:dbgheap.obj
 0002:00004630       ??_C@_1BM@MIMANDHC@?$AAs?$AAt?$AAa?$AAt?$AAe?$AA?5?$AA?$CB?$AA?$DN?$AA?5?$AAN?$AAU?$AAL?$AAL?$AA?$AA@ 0000000140032630     LIBCMTD:dbgheap.obj
 0002:00004650       ??_C@_1CE@NJJKELF@?$AA_?$AAC?$AAr?$AAt?$AAM?$AAe?$AAm?$AAC?$AAh?$AAe?$AAc?$AAk?$AAp?$AAo?$AAi?$AAn?$AAt?$AA?$AA@ 0000000140032650     LIBCMTD:dbgheap.obj
 0002:00004678       ??_C@_0DP@LEFMFBOD@Bad?5memory?5block?5found?5at?50x?$CFp?4?6@ 0000000140032678     LIBCMTD:dbgheap.obj
 0002:000046b8       ??_C@_0CB@EAAIGELO@Bad?5memory?5block?5found?5at?50x?$CFp?4?6@ 00000001400326b8     LIBCMTD:dbgheap.obj
 0002:000046dc       ??_C@_05MKKEDADM@?$CF?42X?5?$AA@ 00000001400326dc     LIBCMTD:dbgheap.obj
 0002:000046e8       ??_C@_1CG@LPFIACGM@?$AA_?$AAp?$AAr?$AAi?$AAn?$AAt?$AAM?$AAe?$AAm?$AAB?$AAl?$AAo?$AAc?$AAk?$AAD?$AAa?$AAt?$AAa?$AA?$AA@ 00000001400326e8     LIBCMTD:dbgheap.obj
 0002:00004710       ??_C@_1BI@KALLJECN@?$AA?$CI?$AA?$CK?$AA_?$AAe?$AAr?$AAr?$AAn?$AAo?$AA?$CI?$AA?$CJ?$AA?$CJ?$AA?$AA@ 0000000140032710     LIBCMTD:dbgheap.obj
 0002:00004728       ??_C@_0BA@HJBKCELP@?5Data?3?5?$DM?$CFs?$DO?5?$CFs?6?$AA@ 0000000140032728     LIBCMTD:dbgheap.obj
 0002:00004738       ??_C@_0BE@KCIPKCIA@Dumping?5objects?5?9?$DO?6?$AA@ 0000000140032738     LIBCMTD:dbgheap.obj
 0002:00004750       ??_C@_0BE@OIEFNFL@?$CDFile?5Error?$CD?$CI?$CFd?$CJ?5?3?5?$AA@ 0000000140032750     LIBCMTD:dbgheap.obj
 0002:00004768       ??_C@_0L@JMEFFCCJ@?$CFhs?$CI?$CFd?$CJ?5?3?5?$AA@ 0000000140032768     LIBCMTD:dbgheap.obj
 0002:00004774       ??_C@_06PKLGBFGM@?$HL?$CFld?$HN?5?$AA@ 0000000140032774     LIBCMTD:dbgheap.obj
 0002:00004780       ??_C@_0DD@GHNAAKBB@client?5block?5at?50x?$CFp?0?5subtype?5?$CFx@ 0000000140032780     LIBCMTD:dbgheap.obj
 0002:000047b8       ??_C@_0CH@FAGDDGPN@normal?5block?5at?50x?$CFp?0?5?$CFIu?5bytes?5@ 00000001400327b8     LIBCMTD:dbgheap.obj
 0002:000047e0       ??_C@_0DA@MDLBNIBM@crt?5block?5at?50x?$CFp?0?5subtype?5?$CFx?0?5?$CF@ 00000001400327e0     LIBCMTD:dbgheap.obj
 0002:00004810       ??_C@_0BH@GFGKJDCO@Object?5dump?5complete?4?6?$AA@ 0000000140032810     LIBCMTD:dbgheap.obj
 0002:00004828       ??_C@_0BI@JBFPOEJA@Detected?5memory?5leaks?$CB?6?$AA@ 0000000140032828     LIBCMTD:dbgheap.obj
 0002:00004840       ??_C@_0CG@NNNNMKLF@f?3?2dd?2vctools?2crt?2crtw32?2misc?2a_@ 0000000140032840     LIBCMTD:a_env.obj
 0002:00004868       ??_C@_1BK@MGMFAEKH@?$AAk?$AAe?$AAr?$AAn?$AAe?$AAl?$AA3?$AA2?$AA?4?$AAd?$AAl?$AAl?$AA?$AA@ 0000000140032868     LIBCMTD:winapisupp.obj
 0002:00004888       ??_C@_08KNHFBNJ@FlsAlloc?$AA@ 0000000140032888     LIBCMTD:winapisupp.obj
 0002:00004898       ??_C@_07PEJMOBNF@FlsFree?$AA@ 0000000140032898     LIBCMTD:winapisupp.obj
 0002:000048a0       ??_C@_0M@GDNOONDI@FlsGetValue?$AA@ 00000001400328a0     LIBCMTD:winapisupp.obj
 0002:000048b0       ??_C@_0M@JCPCPOEF@FlsSetValue?$AA@ 00000001400328b0     LIBCMTD:winapisupp.obj
 0002:000048c0       ??_C@_0BM@HCFOFFN@InitializeCriticalSectionEx?$AA@ 00000001400328c0     LIBCMTD:winapisupp.obj
 0002:000048e0       ??_C@_0P@DLHPPCNH@CreateEventExW?$AA@ 00000001400328e0     LIBCMTD:winapisupp.obj
 0002:000048f0       ??_C@_0BD@KIEEOEEH@CreateSemaphoreExW?$AA@ 00000001400328f0     LIBCMTD:winapisupp.obj
 0002:00004908       ??_C@_0BI@BKLFFAPO@SetThreadStackGuarantee?$AA@ 0000000140032908     LIBCMTD:winapisupp.obj
 0002:00004920       ??_C@_0BG@OGFAJCKC@CreateThreadpoolTimer?$AA@ 0000000140032920     LIBCMTD:winapisupp.obj
 0002:00004938       ??_C@_0BD@LPLEMMDI@SetThreadpoolTimer?$AA@ 0000000140032938     LIBCMTD:winapisupp.obj
 0002:00004950       ??_C@_0CA@FMNJENH@WaitForThreadpoolTimerCallbacks?$AA@ 0000000140032950     LIBCMTD:winapisupp.obj
 0002:00004970       ??_C@_0BF@DCFCCNOC@CloseThreadpoolTimer?$AA@ 0000000140032970     LIBCMTD:winapisupp.obj
 0002:00004988       ??_C@_0BF@FLABGKKM@CreateThreadpoolWait?$AA@ 0000000140032988     LIBCMTD:winapisupp.obj
 0002:000049a0       ??_C@_0BC@MGCOHNA@SetThreadpoolWait?$AA@ 00000001400329a0     LIBCMTD:winapisupp.obj
 0002:000049b8       ??_C@_0BE@OCIOMIMP@CloseThreadpoolWait?$AA@ 00000001400329b8     LIBCMTD:winapisupp.obj
 0002:000049d0       ??_C@_0BJ@LKGHFHBO@FlushProcessWriteBuffers?$AA@ 00000001400329d0     LIBCMTD:winapisupp.obj
 0002:000049f0       ??_C@_0BP@KALKKPMO@FreeLibraryWhenCallbackReturns?$AA@ 00000001400329f0     LIBCMTD:winapisupp.obj
 0002:00004a10       ??_C@_0BK@DFNBACLA@GetCurrentProcessorNumber?$AA@ 0000000140032a10     LIBCMTD:winapisupp.obj
 0002:00004a30       ??_C@_0BP@KHGALBC@GetLogicalProcessorInformation?$AA@ 0000000140032a30     LIBCMTD:winapisupp.obj
 0002:00004a50       ??_C@_0BE@FKKLLFLM@CreateSymbolicLinkW?$AA@ 0000000140032a50     LIBCMTD:winapisupp.obj
 0002:00004a68       ??_C@_0BJ@OHNKDLIJ@SetDefaultDllDirectories?$AA@ 0000000140032a68     LIBCMTD:winapisupp.obj
 0002:00004a88       ??_C@_0BE@LJANKFHF@EnumSystemLocalesEx?$AA@ 0000000140032a88     LIBCMTD:winapisupp.obj
 0002:00004aa0       ??_C@_0BA@IHGNDAEB@CompareStringEx?$AA@ 0000000140032aa0     LIBCMTD:winapisupp.obj
 0002:00004ab0       ??_C@_0BA@EPCJIIPD@GetDateFormatEx?$AA@ 0000000140032ab0     LIBCMTD:winapisupp.obj
 0002:00004ac0       ??_C@_0BA@ONOKGCMP@GetLocaleInfoEx?$AA@ 0000000140032ac0     LIBCMTD:winapisupp.obj
 0002:00004ad0       ??_C@_0BA@CIJJKCJJ@GetTimeFormatEx?$AA@ 0000000140032ad0     LIBCMTD:winapisupp.obj
 0002:00004ae0       ??_C@_0BJ@PBCCBIPI@GetUserDefaultLocaleName?$AA@ 0000000140032ae0     LIBCMTD:winapisupp.obj
 0002:00004b00       ??_C@_0BC@CELBKLLA@IsValidLocaleName?$AA@ 0000000140032b00     LIBCMTD:winapisupp.obj
 0002:00004b18       ??_C@_0O@KKBNKAPF@LCMapStringEx?$AA@ 0000000140032b18     LIBCMTD:winapisupp.obj
 0002:00004b28       ??_C@_0BE@JOGNEJCI@GetCurrentPackageId?$AA@ 0000000140032b28     LIBCMTD:winapisupp.obj
 0002:00004b40       ??_C@_0P@CDHHOHKP@GetTickCount64?$AA@ 0000000140032b40     LIBCMTD:winapisupp.obj
 0002:00004b50       ??_C@_0BO@KPCLFDJJ@GetFileInformationByHandleExW?$AA@ 0000000140032b50     LIBCMTD:winapisupp.obj
 0002:00004b70       ??_C@_0BM@MHIDLABK@SetFileInformationByHandleW?$AA@ 0000000140032b70     LIBCMTD:winapisupp.obj
 0002:00004b8c       ??_C@_00CNPNBAHC@?$AA@     0000000140032b8c     LIBCMTD:wincmdln.obj
 0002:00004b90       ??_C@_03KHJOGHMM@exp?$AA@  0000000140032b90     LIBCMTD:fpexcept.obj
 0002:00004b94       ??_C@_03JGHBODFD@pow?$AA@  0000000140032b94     LIBCMTD:fpexcept.obj
 0002:00004b98       ??_C@_03MGHMBJCF@log?$AA@  0000000140032b98     LIBCMTD:fpexcept.obj
 0002:00004b9c       ??_C@_05HGHHAHAP@log10?$AA@ 0000000140032b9c     LIBCMTD:fpexcept.obj
 0002:00004ba4       ??_C@_04COOMCNPB@sinh?$AA@ 0000000140032ba4     LIBCMTD:fpexcept.obj
 0002:00004bac       ??_C@_04HPJJNFIM@cosh?$AA@ 0000000140032bac     LIBCMTD:fpexcept.obj
 0002:00004bb4       ??_C@_04FJHINJAO@tanh?$AA@ 0000000140032bb4     LIBCMTD:fpexcept.obj
 0002:00004bbc       ??_C@_04FIHNOPOL@asin?$AA@ 0000000140032bbc     LIBCMTD:fpexcept.obj
 0002:00004bc4       ??_C@_04PDIFKINK@acos?$AA@ 0000000140032bc4     LIBCMTD:fpexcept.obj
 0002:00004bcc       ??_C@_04MLLJIGOK@atan?$AA@ 0000000140032bcc     LIBCMTD:fpexcept.obj
 0002:00004bd4       ??_C@_05KNGEOGJB@atan2?$AA@ 0000000140032bd4     LIBCMTD:fpexcept.obj
 0002:00004bdc       ??_C@_04EIAKFFMI@sqrt?$AA@ 0000000140032bdc     LIBCMTD:fpexcept.obj
 0002:00004be4       ??_C@_03BLEJJJBH@sin?$AA@  0000000140032be4     LIBCMTD:fpexcept.obj
 0002:00004be8       ??_C@_03LALBNOCG@cos?$AA@  0000000140032be8     LIBCMTD:fpexcept.obj
 0002:00004bec       ??_C@_03IIINPABG@tan?$AA@  0000000140032bec     LIBCMTD:fpexcept.obj
 0002:00004bf0       ??_C@_04GFPJNGEK@ceil?$AA@ 0000000140032bf0     LIBCMTD:fpexcept.obj
 0002:00004bf8       ??_C@_05PBJFFIGL@floor?$AA@ 0000000140032bf8     LIBCMTD:fpexcept.obj
[...]
 0004:00000ca8       $pdata$?__FrameUnwindToEmptyState@@YAXPEA_KPEAU_xDISPATCHER_CONTEXT@@PEBU_s_FuncInfo@@@Z 0000000140041ca8     LIBCMTD:trnsctrl.obj
 0004:00000cb4       $pdata$?__SehTransFilter@@YAHPEAU_EXCEPTION_POINTERS@@PEAUEHExceptionRecord@@PEA_KPEAU_CONTEXT@@PEAU_xDISPATCHER_CONTEXT@@PEBU_s_FuncInfo@@PEAH@Z 0000000140041cb4     LIBCMTD:trnsctrl.obj
 0004:00000cc0       $pdata$_CallSETranslator   0000000140041cc0     LIBCMTD:trnsctrl.obj
 0004:00000ccc       $pdata$_CreateFrameInfo    0000000140041ccc     LIBCMTD:trnsctrl.obj
 0004:00000cd8       $pdata$_FindAndUnlinkFrame 0000000140041cd8     LIBCMTD:trnsctrl.obj
 0004:00000ce4       $pdata$_GetImageBase       0000000140041ce4     LIBCMTD:trnsctrl.obj
 0004:00000cf0       $pdata$_GetThrowImageBase  0000000140041cf0     LIBCMTD:trnsctrl.obj
 0004:00000cfc       $pdata$_IsExceptionObjectToBeDestroyed 0000000140041cfc     LIBCMTD:trnsctrl.obj
 0004:00000d08       $pdata$_SetImageBase       0000000140041d08     LIBCMTD:trnsctrl.obj
 0004:00000d14       $pdata$_SetThrowImageBase  0000000140041d14     LIBCMTD:trnsctrl.obj
 0004:00000d20       $pdata$_UnwindNestedFrames 0000000140041d20     LIBCMTD:trnsctrl.obj
 0004:00000d2c       $pdata$__CxxFrameHandler3  0000000140041d2c     LIBCMTD:trnsctrl.obj
 0004:00000d38       $pdata$_locterm            0000000140041d38     LIBCMTD:wsetloca.obj
 0004:00000d44       $pdata$_isleadbyte_l       0000000140041d44     LIBCMTD:_wctype.obj
 0004:00000d50       $pdata$isleadbyte          0000000140041d50     LIBCMTD:_wctype.obj
 0004:00000d5c       $pdata$__isa_available_init 0000000140041d5c     LIBCMTD:cpu_disp.obj
 0004:00000d68       $pdata$_CopyMan            0000000140041d68     LIBCMTD:intrncvt.obj
 0004:00000d74       $pdata$_FillZeroMan        0000000140041d74     LIBCMTD:intrncvt.obj
 0004:00000d80       $pdata$_IncMan             0000000140041d80     LIBCMTD:intrncvt.obj
 0004:00000d8c       $pdata$_IsZeroMan          0000000140041d8c     LIBCMTD:intrncvt.obj
 0004:00000d98       $pdata$_RoundMan           0000000140041d98     LIBCMTD:intrncvt.obj
 0004:00000da4       $pdata$_ShrMan             0000000140041da4     LIBCMTD:intrncvt.obj
 0004:00000db0       $pdata$_ZeroTail           0000000140041db0     LIBCMTD:intrncvt.obj
 0004:00000dbc       $pdata$__addl              0000000140041dbc     LIBCMTD:intrncvt.obj
 0004:00000dc8       $pdata$_ld12cvt            0000000140041dc8     LIBCMTD:intrncvt.obj
 0004:00000dd4       $pdata$_ld12tod            0000000140041dd4     LIBCMTD:intrncvt.obj
 0004:00000de0       $pdata$_ld12tof            0000000140041de0     LIBCMTD:intrncvt.obj
 0004:00000dec       $pdata$__ld12mul           0000000140041dec     LIBCMTD:strgtold.obj
 0004:00000df8       $pdata$__multtenpow12      0000000140041df8     LIBCMTD:strgtold.obj
 0004:00000e04       $pdata$__shl_12            0000000140041e04     LIBCMTD:strgtold.obj
 0004:00000e10       $pdata$__shr_12            0000000140041e10     LIBCMTD:strgtold.obj
 0004:00000e1c       $pdata$__strgtold12_l      0000000140041e1c     LIBCMTD:strgtold.obj
 0004:00000e28       $pdata$$I10_OUTPUT         0000000140041e28     LIBCMTD:x10fout.obj
 0004:00000e34       $pdata$__add_12            0000000140041e34     LIBCMTD:x10fout.obj
 0004:00000e40       $pdata$memcpy_s            0000000140041e40     LIBCMTD:memcpy_s.obj
 0004:00000e4c       $pdata$_snwprintf_s        0000000140041e4c     LIBCMTD:swprintf.obj
 0004:00000e58       $pdata$_VCrtDbgReportA     0000000140041e58     LIBCMTD:dbgrptt.obj
 0004:00000e64       $pdata$_VCrtDbgReportW     0000000140041e64     LIBCMTD:dbgrptt.obj
 0004:00000e7c       $pdata$abort               0000000140041e7c     LIBCMTD:abort.obj
 0004:00000e88       $pdata$GetTableIndexFromLocaleName 0000000140041e88     LIBCMTD:winapinls.obj
 0004:00000e94       $pdata$__crtDownlevelLocaleNameToLCID 0000000140041e94     LIBCMTD:winapinls.obj
 0004:00000ea0       $pdata$__crtLCMapStringEx  0000000140041ea0     LIBCMTD:winapinls.obj
 0004:00000eac       $pdata$__wcsnicmp_ascii    0000000140041eac     LIBCMTD:winapinls.obj
 0004:00000eb8       $pdata$_fileno             0000000140041eb8     LIBCMTD:fileno.obj
 0004:00000ec4       $pdata$_isatty             0000000140041ec4     LIBCMTD:isatty.obj
 0004:00000ed0       $pdata$_fflush_nolock      0000000140041ed0     LIBCMTD:fflush.obj
 0004:00000edc       $pdata$_flush              0000000140041edc     LIBCMTD:fflush.obj
 0004:00000ee8       $pdata$_flushall           0000000140041ee8     LIBCMTD:fflush.obj
 0004:00000ef4       $pdata$flsall              0000000140041ef4     LIBCMTD:fflush.obj
 0004:00000f00       $pdata$_fcloseall          0000000140041f00     LIBCMTD:closeall.obj
 0004:00000f0c       $pdata$_flsbuf             0000000140041f0c     LIBCMTD:_flsbuf.obj
 0004:00000f18       $pdata$_vsnprintf_helper   0000000140041f18     LIBCMTD:vsnprnc.obj
 0004:00000f24       $pdata$_vsnprintf_s        0000000140041f24     LIBCMTD:vsnprnc.obj
 0004:00000f30       $pdata$_vsnprintf_s_l      0000000140041f30     LIBCMTD:vsnprnc.obj
 0004:00000f3c       $pdata$_vsprintf_s_l       0000000140041f3c     LIBCMTD:vsnprnc.obj
 0004:00000f48       $pdata$get_int64_arg       0000000140041f48     LIBCMTD:output.obj
 0004:00000f54       $pdata$get_int_arg         0000000140041f54     LIBCMTD:output.obj
 0004:00000f60       $pdata$get_short_arg       0000000140041f60     LIBCMTD:output.obj
 0004:00000f6c       $pdata$free                0000000140041f6c     LIBCMTD:dbgfree.obj
 0004:00000f78       $pdata$malloc              0000000140041f78     LIBCMTD:dbgmalloc.obj
 0004:00000f84       $pdata$__DestructExceptionObject 0000000140041f84     LIBCMTD:frame.obj
 0004:00000f90       $pdata$??0bad_exception@std@@QEAA@AEBV01@@Z 0000000140041f90     LIBCMTD:frame.obj
 0004:00000f9c       $pdata$??0bad_exception@std@@QEAA@PEBD@Z 0000000140041f9c     LIBCMTD:frame.obj
 0004:00000fa8       $pdata$??1bad_exception@std@@UEAA@XZ 0000000140041fa8     LIBCMTD:frame.obj
 0004:00000fb4       $pdata$??_Gbad_exception@std@@UEAAPEAXI@Z 0000000140041fb4     LIBCMTD:frame.obj
 0004:00000fc0       $pdata$?CatchIt@@YAXPEAUEHExceptionRecord@@PEA_KPEAU_CONTEXT@@PEAU_xDISPATCHER_CONTEXT@@PEBU_s_FuncInfo@@PEBU_s_HandlerType@@PEBU_s_CatchableType@@PEBU_s_TryBlockMapEntry@@H1EE@Z 0000000140041fc0     LIBCMTD:frame.obj
 0004:00000fcc       $pdata$?ExFilterRethrow@@YAHPEAU_EXCEPTION_POINTERS@@PEAUEHExceptionRecord@@PEAH@Z 0000000140041fcc     LIBCMTD:frame.obj
 0004:00000fd8       $pdata$?FindHandler@@YAXPEAUEHExceptionRecord@@PEA_KPEAU_CONTEXT@@PEAU_xDISPATCHER_CONTEXT@@PEBU_s_FuncInfo@@EH1@Z 0000000140041fd8     LIBCMTD:frame.obj
 0004:00000fe4       $pdata$?FindHandlerForForeignException@@YAXPEAUEHExceptionRecord@@PEA_KPEAU_CONTEXT@@PEAU_xDISPATCHER_CONTEXT@@PEBU_s_FuncInfo@@HH1@Z 0000000140041fe4     LIBCMTD:frame.obj
 0004:00000ff0       $pdata$?IsInExceptionSpec@@YAEPEAUEHExceptionRecord@@PEBU_s_ESTypeList@@@Z 0000000140041ff0     LIBCMTD:frame.obj
 0004:00000ffc       $pdata$?Is_bad_exception_allowed@@YAEPEBU_s_ESTypeList@@@Z 0000000140041ffc     LIBCMTD:frame.obj
 0004:00001008       $pdata$?__RethrowException@@YAXPEAUEHExceptionRecord@@@Z 0000000140042008     LIBCMTD:frame.obj
 0004:00001014       $pdata$__AdjustPointer     0000000140042014     LIBCMTD:frame.obj
 0004:00001020       $pdata$__BuildCatchObject  0000000140042020     LIBCMTD:frame.obj
 0004:0000102c       $pdata$__BuildCatchObjectHelper 000000014004202c     LIBCMTD:frame.obj
 0004:00001038       $pdata$__CxxCallCatchBlock 0000000140042038     LIBCMTD:frame.obj
 0004:00001044       $pdata$__FrameUnwindFilter 0000000140042044     LIBCMTD:frame.obj
 0004:00001050       $pdata$__FrameUnwindToState 0000000140042050     LIBCMTD:frame.obj
 0004:0000105c       $pdata$__InternalCxxFrameHandler 000000014004205c     LIBCMTD:frame.obj
 0004:00001068       $pdata$__TypeMatch         0000000140042068     LIBCMTD:frame.obj
 0004:00001074       $pdata$?__GetCurrentState@@YAHPEA_KPEAU_xDISPATCHER_CONTEXT@@PEBU_s_FuncInfo@@@Z 0000000140042074     LIBCMTD:ehstate.obj
 0004:00001080       $pdata$?__GetUnwindTryBlock@@YAHPEA_KPEAU_xDISPATCHER_CONTEXT@@PEBU_s_FuncInfo@@@Z 0000000140042080     LIBCMTD:ehstate.obj
 0004:0000108c       $pdata$?__SetUnwindTryBlock@@YAXPEA_KPEAU_xDISPATCHER_CONTEXT@@PEBU_s_FuncInfo@@H@Z 000000014004208c     LIBCMTD:ehstate.obj
 0004:00001098       $pdata$?__StateFromControlPc@@YAHPEBU_s_FuncInfo@@PEAU_xDISPATCHER_CONTEXT@@@Z 0000000140042098     LIBCMTD:ehstate.obj
 0004:000010a4       $pdata$?__StateFromIp@@YAHPEBU_s_FuncInfo@@PEAU_xDISPATCHER_CONTEXT@@_J@Z 00000001400420a4     LIBCMTD:ehstate.obj
 0004:000010bc       $pdata$__mtold12           00000001400420bc     LIBCMTD:mantold.obj
 0004:000010c8       $pdata$_vsnwprintf_s       00000001400420c8     LIBCMTD:vswprnc.obj
 0004:000010d4       $pdata$_vsnwprintf_s_l     00000001400420d4     LIBCMTD:vswprnc.obj
 0004:000010e0       $pdata$_vswprintf_helper   00000001400420e0     LIBCMTD:vswprnc.obj
 0004:000010ec       $pdata$strcat_s            00000001400420ec     LIBCMTD:strcat_s.obj
 0004:000010f8       $pdata$_itoa_s             00000001400420f8     LIBCMTD:xtoas.obj
 0004:00001104       $pdata$xtoa_s              0000000140042104     LIBCMTD:xtoas.obj
 0004:00001110       $pdata$_mbstowcs_l_helper  0000000140042110     LIBCMTD:mbstowcs.obj
 0004:0000111c       $pdata$_mbstowcs_s_l       000000014004211c     LIBCMTD:mbstowcs.obj
 0004:00001128       $pdata$mbstowcs_s          0000000140042128     LIBCMTD:mbstowcs.obj
 0004:00001134       $pdata$?wcsncnt@@YA_KPEB_W_K@Z 0000000140042134     LIBCMTD:wcstombs.obj
 0004:00001140       $pdata$_wcstombs_l_helper  0000000140042140     LIBCMTD:wcstombs.obj
 0004:0000114c       $pdata$_wcstombs_s_l       000000014004214c     LIBCMTD:wcstombs.obj
 0004:00001158       $pdata$wcstombs_s          0000000140042158     LIBCMTD:wcstombs.obj
 0004:00001164       $pdata$_itow_s             0000000140042164     LIBCMTD:xtows.obj
 0004:00001170       $pdata$xtow_s              0000000140042170     LIBCMTD:xtows.obj
 0004:0000117c       $pdata$__GSHandlerCheck_SEH 000000014004217c     LIBCMTD:gshandlerseh.obj
 0004:00001188       $pdata$_commit             0000000140042188     LIBCMTD:commit.obj
 0004:00001194       $pdata$_write              0000000140042194     LIBCMTD:write.obj
 0004:000011a0       $pdata$_write_nolock       00000001400421a0     LIBCMTD:write.obj
 0004:000011ac       $pdata$_fclose_nolock      00000001400421ac     LIBCMTD:fclose.obj
 0004:000011b8       $pdata$fclose              00000001400421b8     LIBCMTD:fclose.obj
 0004:000011c4       $pdata$_lseeki64           00000001400421c4     LIBCMTD:lseeki64.obj
 0004:000011d0       $pdata$_lseeki64_nolock    00000001400421d0     LIBCMTD:lseeki64.obj
 0004:000011dc       $pdata$_getbuf             00000001400421dc     LIBCMTD:_getbuf.obj
 0004:000011e8       $pdata$_output_s_l         00000001400421e8     LIBCMTD:outputs.obj
 0004:000011f4       $pdata$write_char          00000001400421f4     LIBCMTD:outputs.obj
 0004:00001200       $pdata$write_multi_char    0000000140042200     LIBCMTD:outputs.obj
 0004:0000120c       $pdata$write_string        000000014004220c     LIBCMTD:outputs.obj
 0004:00001218       $pdata$_get_printf_count_output 0000000140042218     LIBCMTD:printf.obj
 0004:00001224       $pdata$_wctomb_s_l         0000000140042224     LIBCMTD:wctomb.obj
 0004:00001230       $pdata$wctomb_s            0000000140042230     LIBCMTD:wctomb.obj
 0004:0000123c       $pdata$??3@YAXPEAX@Z       000000014004223c     LIBCMTD:dbgdel.obj
 0004:00001254       $pdata$?_ValidateExecute@@YAHP6A_JXZ@Z 0000000140042254     LIBCMTD:validate.obj
 0004:00001260       $pdata$?_ValidateRead@@YAHPEBXI@Z 0000000140042260     LIBCMTD:validate.obj
 0004:00001260       $pdata$?_ValidateWrite@@YAHPEAXI@Z 0000000140042260     LIBCMTD:validate.obj
 0004:00001278       $pdata$??1type_info@@UEAA@XZ 0000000140042278     LIBCMTD:typinfo.obj
 0004:00001284       $pdata$??8type_info@@QEBA_NAEBV0@@Z 0000000140042284     LIBCMTD:typinfo.obj
 0004:00001290       $pdata$??_Gtype_info@@UEAAPEAXI@Z 0000000140042290     LIBCMTD:typinfo.obj
 0004:0000129c       $pdata$??0exception@std@@QEAA@AEBQEBD@Z 000000014004229c     LIBCMTD:stdexcpt.obj
 0004:000012a8       $pdata$??0exception@std@@QEAA@AEBV01@@Z 00000001400422a8     LIBCMTD:stdexcpt.obj
 0004:000012b4       $pdata$??1exception@std@@UEAA@XZ 00000001400422b4     LIBCMTD:stdexcpt.obj
 0004:000012c0       $pdata$??4exception@std@@QEAAAEAV01@AEBV01@@Z 00000001400422c0     LIBCMTD:stdexcpt.obj
 0004:000012cc       $pdata$??_Gexception@std@@UEAAPEAXI@Z 00000001400422cc     LIBCMTD:stdexcpt.obj
 0004:000012d8       $pdata$?_Copy_str@exception@std@@AEAAXPEBD@Z 00000001400422d8     LIBCMTD:stdexcpt.obj
 0004:000012e4       $pdata$?_Tidy@exception@std@@AEAAXXZ 00000001400422e4     LIBCMTD:stdexcpt.obj
 0004:000012f0       $pdata$?what@exception@std@@UEBAPEBDXZ 00000001400422f0     LIBCMTD:stdexcpt.obj
 0004:000012fc       $pdata$_CxxThrowException  00000001400422fc     LIBCMTD:throw.obj
 0004:00001308       $pdata$_woutput_s_l        0000000140042308     LIBCMTD:woutputs.obj
 0004:00001314       $pdata$write_char          0000000140042314     LIBCMTD:woutputs.obj
 0004:00001320       $pdata$write_multi_char    0000000140042320     LIBCMTD:woutputs.obj
 0004:0000132c       $pdata$write_string        000000014004232c     LIBCMTD:woutputs.obj
 0004:00001338       $pdata$_fputwc_nolock      0000000140042338     LIBCMTD:fputwc.obj
 0004:00001344       $pdata$_mbtowc_l           0000000140042344     LIBCMTD:mbtowc.obj
 0004:00001350       $pdata$mbtowc              0000000140042350     LIBCMTD:mbtowc.obj
 0004:0000135c       $pdata$__lock_fhandle      000000014004235c     LIBCMTD:osfinfo.obj
 0004:00001368       $pdata$_free_osfhnd        0000000140042368     LIBCMTD:osfinfo.obj
 0004:00001374       $pdata$_get_osfhandle      0000000140042374     LIBCMTD:osfinfo.obj
 0004:00001380       $pdata$_unlock_fhandle     0000000140042380     LIBCMTD:osfinfo.obj
 0004:0000138c       $pdata$_putwch_nolock      000000014004238c     LIBCMTD:putwch.obj
 0004:00001398       $pdata$_close              0000000140042398     LIBCMTD:close.obj
 0004:000013a4       $pdata$_close_nolock       00000001400423a4     LIBCMTD:close.obj
 0004:000013b0       $pdata$_freebuf            00000001400423b0     LIBCMTD:_freebuf.obj
 0004:000013bc       $pdata$?_Type_info_dtor@type_info@@CAXPEAV1@@Z 00000001400423bc     LIBCMTD:typname.obj
 0004:000013c8       $pdata$_flswbuf            00000001400423c8     LIBCMTD:_flswbuf.obj
 0004:000013d4       $pdata$__termconout        00000001400423d4     LIBCMTD:initcon.obj
 0004:000013e0       $pdata$__initconout        00000001400423e0     LIBCMTD:initcon.obj
 0004:000013ec       $pdata$__tmainCRTStartup$filt$0 00000001400423ec     LIBCMTD:wincrt0.obj
 0004:000013f8       $pdata$_freefls$fin$0      00000001400423f8     LIBCMTD:tidtable.obj
 0004:000013f8       $pdata$_initptd$fin$0      00000001400423f8     LIBCMTD:tidtable.obj
 0004:00001404       $pdata$_freefls$fin$1      0000000140042404     LIBCMTD:tidtable.obj
 0004:00001404       $pdata$_initptd$fin$1      0000000140042404     LIBCMTD:tidtable.obj
 0004:00001410       $pdata$doexit$fin$0        0000000140042410     LIBCMTD:crt0dat.obj
 0004:0000141c       $pdata$_ioinit$fin$0       000000014004241c     LIBCMTD:ioinit.obj
 0004:00001428       $pdata$_heap_alloc_dbg_impl$fin$0 0000000140042428     LIBCMTD:dbgheap.obj
 0004:00001428       $pdata$?fin$0@?0??_CrtMemDumpAllObjectsSince_stat@@YAXPEBU_CrtMemState@@PEAUlocaleinfo_struct@@@Z@4HA 0000000140042428     LIBCMTD:dbgheap.obj
 0004:00001428       $pdata$_CrtMemCheckpoint$fin$0 0000000140042428     LIBCMTD:dbgheap.obj
 0004:00001434       $pdata$?filt$0@?0??_inconsistency@@YAXXZ@4HA 0000000140042434     LIBCMTD:dbgheap.obj
 0004:00001434       $pdata$?filt$0@?0??__crtIsBadReadPtr@@YAHPEBX_K@Z@4HA 0000000140042434     LIBCMTD:dbgheap.obj
 0004:00001434       $pdata$__BuildCatchObject$filt$0 0000000140042434     LIBCMTD:dbgheap.obj
 0004:00001434       $pdata$__BuildCatchObjectHelper$filt$0 0000000140042434     LIBCMTD:dbgheap.obj
 0004:00001434       $pdata$?filt$0@?0??terminate@@YAXXZ@4HA 0000000140042434     LIBCMTD:dbgheap.obj
 0004:00001440       $pdata$_CrtCheckMemory$fin$0 0000000140042440     LIBCMTD:dbgheap.obj
 0004:0000144c       $pdata$_free_dbg$fin$0     000000014004244c     LIBCMTD:dbgheap.obj
 0004:00001458       $pdata$_realloc_dbg$fin$0  0000000140042458     LIBCMTD:dbgheap.obj
 0004:00001458       $pdata$?fin$0@?0???3@YAXPEAX@Z@4HA 0000000140042458     LIBCMTD:dbgheap.obj
 0004:00001458       $pdata$_CrtSetDbgFlag$fin$0 0000000140042458     LIBCMTD:dbgheap.obj
 0004:00001458       $pdata$_msize_dbg$fin$0    0000000140042458     LIBCMTD:dbgheap.obj
 0004:00001464       $pdata$_ctrlfp$filt$0      0000000140042464     LIBCMTD:fpctrl.obj
 0004:00001470       $pdata$_locterm$fin$0      0000000140042470     LIBCMTD:localref.obj
 0004:00001470       $pdata$__updatetlocinfo$fin$0 0000000140042470     LIBCMTD:localref.obj
 0004:0000147c       $pdata$?dtor$0@?0??getSystemCP@@YAHH@Z@4HA 000000014004247c     LIBCMTD:mbctype.obj
 0004:00001488       $pdata$_setmbcp$fin$0      0000000140042488     LIBCMTD:mbctype.obj
 0004:00001488       $pdata$__updatetmbcinfo$fin$0 0000000140042488     LIBCMTD:mbctype.obj
 0004:00001494       $pdata$_IsNonwritableInCurrentImage$filt$0 0000000140042494     LIBCMTD:pesect.obj
 0004:000014a0       $pdata$_onexit$fin$0       00000001400424a0     LIBCMTD:onexit.obj
 0004:000014ac       $pdata$raise$fin$0         00000001400424ac     LIBCMTD:winsig.obj
 0004:000014b8       $pdata$?dtor$0@?0??x_ismbbtype_l@@YAHPEAUlocaleinfo_struct@@IHH@Z@4HA 00000001400424b8     LIBCMTD:ismbbyte.obj
 0004:000014c4       $pdata$_CallSETranslator$filt$0 00000001400424c4     LIBCMTD:trnsctrl.obj
 0004:000014d0       $pdata$_VCrtDbgReportA$fin$0 00000001400424d0     LIBCMTD:dbgrptt.obj
 0004:000014dc       $pdata$_VCrtDbgReportA$fin$1 00000001400424dc     LIBCMTD:dbgrptt.obj
 0004:000014e8       $pdata$_VCrtDbgReportW$fin$0 00000001400424e8     LIBCMTD:dbgrptt.obj
 0004:000014f4       $pdata$_VCrtDbgReportW$fin$1 00000001400424f4     LIBCMTD:dbgrptt.obj
 0004:00001500       $pdata$flsall$fin$0        0000000140042500     LIBCMTD:fflush.obj
 0004:0000150c       $pdata$flsall$fin$1        000000014004250c     LIBCMTD:fflush.obj
 0004:00001518       $pdata$_fcloseall$fin$0    0000000140042518     LIBCMTD:closeall.obj
 0004:00001524       $pdata$__CxxCallCatchBlock$filt$0 0000000140042524     LIBCMTD:frame.obj
 0004:00001530       $pdata$__CxxCallCatchBlock$fin$1 0000000140042530     LIBCMTD:frame.obj
 0004:0000153c       $pdata$__DestructExceptionObject$filt$0 000000014004253c     LIBCMTD:frame.obj
 0004:00001548       $pdata$__FrameUnwindToState$filt$0 0000000140042548     LIBCMTD:frame.obj
 0004:00001554       $pdata$__FrameUnwindToState$fin$1 0000000140042554     LIBCMTD:frame.obj
 0004:00001560       $pdata$fclose$fin$0        0000000140042560     LIBCMTD:fclose.obj
 0004:0000156c       $pdata$_write$fin$0        000000014004256c     LIBCMTD:lseeki64.obj
 0004:0000156c       $pdata$_commit$fin$0       000000014004256c     LIBCMTD:lseeki64.obj
 0004:0000156c       $pdata$_lseeki64$fin$0     000000014004256c     LIBCMTD:lseeki64.obj
 0004:0000156c       $pdata$_close$fin$0        000000014004256c     LIBCMTD:lseeki64.obj
 0004:00001578       $pdata$_mtinitlocknum$fin$0 0000000140042578     LIBCMTD:osfinfo.obj
 0004:00001578       $pdata$__lock_fhandle$fin$0 0000000140042578     LIBCMTD:osfinfo.obj
 0004:00001584       $pdata$?fin$0@?0??_Type_info_dtor@type_info@@CAXPEAV1@@Z@4HA 0000000140042584     LIBCMTD:typname.obj
